../Core/Src/main.c:16:5:main	16	static
../Core/Src/main.c:34:6:vTransmitterTask	24	static
../Core/Src/main.c:44:6:HAL_UART_RxCpltCallback	24	static,ignoring_inline_asm
../Core/Src/main.c:107:6:SystemClock_Config	88	static
../Core/Src/main.c:154:13:MX_USART2_UART_Init	8	static
../Core/Src/main.c:186:6:USART2_IRQHandler	8	static
../Core/Src/main.c:199:13:MX_GPIO_Init	16	static
../Core/Src/main.c:223:6:StartDefaultTask	16	static
../Core/Src/main.c:242:6:HAL_TIM_PeriodElapsedCallback	16	static
../Core/Src/main.c:259:6:Error_Handler	4	static,ignoring_inline_asm
