###############################################################################
#
# IAR ELF Linker V3.11.1.207 for STM8                     22/Jan/2026  07:51:52
# Copyright 2010-2019 IAR Systems AB.
#
#    Output file  =  
#        C:\Users\Acer\Desktop\STM8\REMUT_RXB61_best\Debug\Exe\remut.out
#    Map file     =  
#        C:\Users\Acer\Desktop\STM8\REMUT_RXB61_best\Debug\List\remut.map
#    Command line =  
#        -f C:\Users\Acer\AppData\Local\Temp\EW881D.tmp
#        (C:\Users\Acer\Desktop\STM8\REMUT_RXB61_best\Debug\Obj\main.o
#        C:\Users\Acer\Desktop\STM8\REMUT_RXB61_best\Debug\Obj\remut.o
#        C:\Users\Acer\Desktop\STM8\REMUT_RXB61_best\Debug\Obj\stm8s_clk.o
#        C:\Users\Acer\Desktop\STM8\REMUT_RXB61_best\Debug\Obj\stm8s_gpio.o
#        C:\Users\Acer\Desktop\STM8\REMUT_RXB61_best\Debug\Obj\stm8s_it.o
#        C:\Users\Acer\Desktop\STM8\REMUT_RXB61_best\Debug\Obj\stm8s_tim1.o
#        C:\Users\Acer\Desktop\STM8\REMUT_RXB61_best\Debug\Obj\stm8s_uart1.o
#        --redirect _Printf=_PrintfFullNoMb --redirect _Scanf=_ScanfFullNoMb
#        --no_out_extension -o
#        C:\Users\Acer\Desktop\STM8\REMUT_RXB61_best\Debug\Exe\remut.out --map
#        C:\Users\Acer\Desktop\STM8\REMUT_RXB61_best\Debug\List\remut.map
#        --config "C:\Program Files (x86)\IAR Systems\Embedded Workbench
#        8.3\stm8\config\lnkstm8s103f3.icf" --config_def _CSTACK_SIZE=0x100
#        --config_def _HEAP_SIZE=0x100 --entry __iar_program_start --debug_lib)
#
###############################################################################

*******************************************************************************
*** RUNTIME MODEL ATTRIBUTES
***

__SystemLibrary            = DLib
__code_model               = small
__core                     = stm8
__data_model               = medium
__dlib_file_descriptor     = 0
__dlib_full_locale_support = 0
__rt_version               = 4


*******************************************************************************
*** PLACEMENT SUMMARY
***

"A0":  place at start of [0x000000-0x0000ff] { rw section .vregs };
"A1":  place at end of [0x000000-0x0003ff] { block CSTACK };
"P2":  place in [from 0x000000 to 0x0003ff] {
          block HEAP, rw section __DLIB_PERTHREAD, rw section .far.bss,
          rw section .far.data, rw section .far.noinit,
          rw section .far_func.textrw, rw section .huge.bss,
          rw section .huge.data, rw section .huge.noinit,
          rw section .huge_func.textrw, rw section .iar.dynexit,
          rw section .near.bss, rw section .near.data, rw section .near.noinit,
          rw section .near_func.textrw };
"A2":  place at start of [0x008000-0x009fff] { block INTVEC };
"P3":  place in [from 0x008000 to 0x009fff] {
          ro section __DLIB_PERTHREAD_init, ro section .far.data_init,
          ro section .far_func.textrw_init, ro section .huge.data_init,
          ro section .huge_func.textrw_init, ro section .iar.init_table,
          ro section .init_array, ro section .near.data_init,
          ro section .near.rodata, ro section .near_func.text,
          ro section .near_func.textrw_init, ro section .tiny.data_init,
          ro section .tiny.rodata_init };
"P4":  place in [from 0x008000 to 0x009fff] {
          ro section .far.rodata, ro section .far_func.text };
"P5":  place in [from 0x008000 to 0x009fff] {
          ro section .huge.rodata, ro section .huge_func.text };
do not initialize {
   rw section .eeprom.noinit, rw section .far.noinit, rw section .huge.noinit,
   rw section .near.noinit, rw section .tiny.noinit, rw section .vregs };

No sections matched the following patterns:

  ro section .far.data_init          in "P3-P5"
  ro section .far.rodata             in "P3-P5"
  ro section .far_func.text          in "P3-P5"
  ro section .far_func.textrw_init   in "P3-P5"
  ro section .huge.data_init         in "P3-P5"
  ro section .huge.rodata            in "P3-P5"
  ro section .huge_func.text         in "P3-P5"
  ro section .huge_func.textrw_init  in "P3-P5"
  ro section .iar.init_table         in "P3-P5"
  ro section .init_array             in "P3-P5"
  ro section .near.data_init         in "P3-P5"
  ro section .near_func.textrw_init  in "P3-P5"
  ro section .tiny.data_init         in "P3-P5"
  ro section .tiny.rodata_init       in "P3-P5"
  ro section __DLIB_PERTHREAD_init   in "P3-P5"
  rw section .far.bss                in "P2"
  rw section .far.data               in "P2"
  rw section .far.noinit             in "P2"
  rw section .far_func.textrw        in "P2"
  rw section .huge.bss               in "P2"
  rw section .huge.data              in "P2"
  rw section .huge.noinit            in "P2"
  rw section .huge_func.textrw       in "P2"
  rw section .iar.dynexit            in "P2"
  rw section .near.data              in "P2"
  rw section .near.noinit            in "P2"
  rw section .near_func.textrw       in "P2"
  rw section .tiny.bss               in "P1"
  rw section .tiny.data              in "P1"
  rw section .tiny.noinit            in "P1"
  rw section .tiny.rodata            in "P1"
  rw section __DLIB_PERTHREAD        in "P2"
  section .eeprom.data               in "P6-P8"
  section .eeprom.noinit             in "P6-P8"
  section .eeprom.rodata             in "P6-P8"


  Section          Kind      Address   Size  Object
  -------          ----      -------   ----  ------
"A0":                                  0x10
  .vregs           uninit   0x000000   0x10  vregs.o [4]
                          - 0x000010   0x10

"P2":                                  0x26
  .near.bss        zero     0x000010   0x23  remut.o [1]
  .near.bss        zero     0x000033    0x3  main.o [1]
                          - 0x000036   0x26

"A1":                                 0x100
  CSTACK                    0x000300  0x100  <Block>
    CSTACK         uninit   0x000300  0x100  <Block tail>
                          - 0x000400  0x100

"A2":                                  0x80
  INTVEC                    0x008000   0x80  <Block>
    .intvec        const    0x008000   0x80  interrupt.o [4]
                          - 0x008080   0x80

"P3-P5":                              0xb3b
  .near_func.text  ro code  0x008080  0x1ca  remut.o [1]
  .near_func.text  ro code  0x00824a  0x134  stm8s_uart1.o [1]
  .near_func.text  ro code  0x00837e  0x12b  long.o [4]
  .near_func.text  ro code  0x0084a9   0xe3  main.o [1]
  .near_func.text  ro code  0x00858c   0xd2  vreg_util.o [4]
  .near_func.text  ro code  0x00865e   0xb0  main.o [1]
  .near_func.text  ro code  0x00870e   0x99  stm8s_tim1.o [1]
  .near_func.text  ro code  0x0087a7   0x8e  stm8s_gpio.o [1]
  .near_func.text  ro code  0x008835   0x6c  stm8s_uart1.o [1]
  .near_func.text  ro code  0x0088a1   0x59  main.o [1]
  .near_func.text  ro code  0x0088fa   0x58  stm8s_clk.o [1]
  .near_func.text  ro code  0x008952   0x57  stm8s_clk.o [1]
  .near_func.text  ro code  0x0089a9   0x47  long_util.o [4]
  .near_func.text  ro code  0x0089f0   0x29  stm8s_tim1.o [1]
  .near_func.text  ro code  0x008a19   0x27  main.o [1]
  .near_func.text  ro code  0x008a40   0x25  dc_util.o [4]
  .near_func.text  ro code  0x008a65   0x24  stm8s_tim1.o [1]
  .iar.init_table  const    0x008a89    0x8  - Linker created -
  .near_func.text  ro code  0x008a91   0x1e  init_small.o [4]
  .near_func.text  ro code  0x008aaf   0x1a  stm8s_tim1.o [1]
  .near_func.text  ro code  0x008ac9   0x16  stm8s_it.o [1]
  .near_func.text  ro code  0x008adf   0x14  stm8s_gpio.o [1]
  .near_func.text  ro code  0x008af3   0x14  init.o [4]
  .near_func.text  ro code  0x008b07   0x14  __dbg_xxexit.o [3]
  .near_func.text  ro code  0x008b1b   0x13  stm8s_clk.o [1]
  .near_func.text  ro code  0x008b2e   0x13  cstartup.o [4]
  .near_func.text  ro code  0x008b41    0xd  stm8s_tim1.o [1]
  .near_func.text  ro code  0x008b4e    0xd  stm8s_uart1.o [1]
  .near_func.text  ro code  0x008b5b    0xd  short.o [4]
  .near_func.text  ro code  0x008b68    0x9  main.o [1]
  .near_func.text  ro code  0x008b71    0x7  stm8s_gpio.o [1]
  .near_func.text  ro code  0x008b78    0x7  stm8s_gpio.o [1]
  .near_func.text  ro code  0x008b7f    0x6  char.o [4]
  .near_func.text  ro code  0x008b85    0x5  stm8s_tim1.o [1]
  .near_func.text  ro code  0x008b8a    0x5  cexit.o [4]
  .near.rodata     const    0x008b8f    0x4  stm8s_clk.o [1]
  .near_func.text  ro code  0x008b93    0x4  stm8s_gpio.o [1]
  .near_func.text  ro code  0x008b97    0x4  stm8s_uart1.o [1]
  .near_func.text  ro code  0x008b9b    0x3  interrupt.o [4]
  .near_func.text  ro code  0x008b9e    0x3  low_level_init.o [4]
  .near_func.text  ro code  0x008ba1    0x3  exit.o [4]
  .near_func.text  ro code  0x008ba4    0x3  unhandled_exception.o [4]
  .near_func.text  ro code  0x008ba7    0x1  stm8s_it.o [1]
  .near_func.text  ro code  0x008ba8    0x1  stm8s_it.o [1]
  .near_func.text  ro code  0x008ba9    0x1  stm8s_it.o [1]
  .near_func.text  ro code  0x008baa    0x1  stm8s_it.o [1]
  .near_func.text  ro code  0x008bab    0x1  stm8s_it.o [1]
  .near_func.text  ro code  0x008bac    0x1  stm8s_it.o [1]
  .near_func.text  ro code  0x008bad    0x1  stm8s_it.o [1]
  .near_func.text  ro code  0x008bae    0x1  stm8s_it.o [1]
  .near_func.text  ro code  0x008baf    0x1  stm8s_it.o [1]
  .near_func.text  ro code  0x008bb0    0x1  stm8s_it.o [1]
  .near_func.text  ro code  0x008bb1    0x1  stm8s_it.o [1]
  .near_func.text  ro code  0x008bb2    0x1  stm8s_it.o [1]
  .near_func.text  ro code  0x008bb3    0x1  stm8s_it.o [1]
  .near_func.text  ro code  0x008bb4    0x1  stm8s_it.o [1]
  .near_func.text  ro code  0x008bb5    0x1  stm8s_it.o [1]
  .near_func.text  ro code  0x008bb6    0x1  stm8s_it.o [1]
  .near_func.text  ro code  0x008bb7    0x1  stm8s_it.o [1]
  .near_func.text  ro code  0x008bb8    0x1  stm8s_it.o [1]
  .near_func.text  ro code  0x008bb9    0x1  stm8s_it.o [1]
  .near_func.text  ro code  0x008bba    0x1  __dbg_break.o [3]
                          - 0x008bbb  0xb3b


*******************************************************************************
*** INIT TABLE
***

          Address   Size
          -------   ----
Zero (__iar_zero_init2)
    1 destination range, total size 0x26:
          0x000010  0x26



*******************************************************************************
*** MODULE SUMMARY
***

    Module                 ro code  ro data  rw data
    ------                 -------  -------  -------
C:\Users\Acer\Desktop\STM8\REMUT_RXB61_best\Debug\Obj: [1]
    main.o                     540                 3
    remut.o                    458                35
    stm8s_clk.o                194        4
    stm8s_gpio.o               180
    stm8s_it.o                  41
    stm8s_tim1.o               274
    stm8s_uart1.o              433
    ------------------------------------------------
    Total:                   2 120        4       38

command line: [2]
    ------------------------------------------------
    Total:

dbgstm8smd.a: [3]
    __dbg_break.o                1
    __dbg_xxexit.o              20
    ------------------------------------------------
    Total:                      21

dlstm8smn.a: [4]
    cexit.o                      5
    char.o                       6
    cstartup.o                  19
    dc_util.o                   37
    exit.o                       3
    init.o                      20
    init_small.o                30
    interrupt.o                  3      128
    long.o                     299
    long_util.o                 71
    low_level_init.o             3
    short.o                     13
    unhandled_exception.o        3
    vreg_util.o                210
    vregs.o                                       16
    ------------------------------------------------
    Total:                     722      128       16

    Linker created                        8      256
----------------------------------------------------
    Grand Total:             2 863      140      310


*******************************************************************************
*** ENTRY LIST
***

Entry                    Address   Size  Type      Object
-----                    -------   ----  ----      ------
.iar.init_table$$Base   0x008a89          --   Gb  - Linker created -
.iar.init_table$$Limit  0x008a91          --   Gb  - Linker created -
?b0                     0x000000         Data  Gb  vregs.o [4]
?b1                     0x000001         Data  Gb  vregs.o [4]
?b10                    0x00000a         Data  Gb  vregs.o [4]
?b11                    0x00000b         Data  Gb  vregs.o [4]
?b12                    0x00000c         Data  Gb  vregs.o [4]
?b13                    0x00000d         Data  Gb  vregs.o [4]
?b14                    0x00000e         Data  Gb  vregs.o [4]
?b15                    0x00000f         Data  Gb  vregs.o [4]
?b2                     0x000002         Data  Gb  vregs.o [4]
?b3                     0x000003         Data  Gb  vregs.o [4]
?b4                     0x000004         Data  Gb  vregs.o [4]
?b5                     0x000005         Data  Gb  vregs.o [4]
?b6                     0x000006         Data  Gb  vregs.o [4]
?b7                     0x000007         Data  Gb  vregs.o [4]
?b8                     0x000008         Data  Gb  vregs.o [4]
?b9                     0x000009         Data  Gb  vregs.o [4]
?dc32_l0                0x008a40         Code  Gb  dc_util.o [4]
?dc32_l1                0x008a4d         Code  Gb  dc_util.o [4]
?dc32_px                0x008a5a         Code  Gb  dc_util.o [4]
?e0                     0x000001         Data  Gb  vregs.o [4]
?e1                     0x000005         Data  Gb  vregs.o [4]
?e2                     0x000009         Data  Gb  vregs.o [4]
?e3                     0x00000d         Data  Gb  vregs.o [4]
?epilogue_l2            0x00860c         Code  Gb  vreg_util.o [4]
?epilogue_l2_l3         0x008609         Code  Gb  vreg_util.o [4]
?l0                     0x000000         Data  Gb  vregs.o [4]
?l1                     0x000004         Data  Gb  vregs.o [4]
?l2                     0x000008         Data  Gb  vregs.o [4]
?l3                     0x00000c         Data  Gb  vregs.o [4]
?load32_0x_l0           0x0089e2         Code  Gb  long_util.o [4]
?load32_asp_l0          0x0089d6         Code  Gb  long_util.o [4]
?load32_dbsp_l0         0x0089d1         Code  Gb  long_util.o [4]
?load32_l0_0x           0x0089b9         Code  Gb  long_util.o [4]
?load32_l0_asp          0x0089ae         Code  Gb  long_util.o [4]
?load32_l0_dbsp         0x0089a9         Code  Gb  long_util.o [4]
?load32_l0_xsp          0x0089b0         Code  Gb  long_util.o [4]
?load32_l1_0x           0x0089c5         Code  Gb  long_util.o [4]
?load32_xsp_l0          0x0089d8         Code  Gb  long_util.o [4]
?mov_e0_e2              0x008613         Code  Gb  vreg_util.o [4]
?mov_e0_e3              0x008620         Code  Gb  vreg_util.o [4]
?mov_e1_e0              0x00862d         Code  Gb  vreg_util.o [4]
?mov_e1_e2              0x00863a         Code  Gb  vreg_util.o [4]
?mov_e2_e0              0x008647         Code  Gb  vreg_util.o [4]
?mov_e3_e0              0x008654         Code  Gb  vreg_util.o [4]
?mov_l0_l2              0x008610         Code  Gb  vreg_util.o [4]
?mov_l0_l3              0x00861d         Code  Gb  vreg_util.o [4]
?mov_l1_l0              0x00862a         Code  Gb  vreg_util.o [4]
?mov_l1_l2              0x008637         Code  Gb  vreg_util.o [4]
?mov_l2_l0              0x008644         Code  Gb  vreg_util.o [4]
?mov_l3_l0              0x008651         Code  Gb  vreg_util.o [4]
?mov_w1_w5              0x008616         Code  Gb  vreg_util.o [4]
?mov_w1_w7              0x008623         Code  Gb  vreg_util.o [4]
?mov_w3_w1              0x008630         Code  Gb  vreg_util.o [4]
?mov_w3_w5              0x00863d         Code  Gb  vreg_util.o [4]
?mov_w5_w1              0x00864a         Code  Gb  vreg_util.o [4]
?mov_w7_w1              0x008657         Code  Gb  vreg_util.o [4]
?mul32_l0_l0_0x         0x00839c         Code  Gb  long.o [4]
?mul32_l0_l0_dl         0x008399         Code  Gb  long.o [4]
?mul32_l0_l0_l1         0x0083a5         Code  Gb  long.o [4]
?pop_l0                 0x0085d5         Code  Gb  vreg_util.o [4]
?pop_l1                 0x0085e0         Code  Gb  vreg_util.o [4]
?pop_l2                 0x0085eb         Code  Gb  vreg_util.o [4]
?pop_l3                 0x0085f6         Code  Gb  vreg_util.o [4]
?push_l0                0x0085a4         Code  Gb  vreg_util.o [4]
?push_l1                0x0085a9         Code  Gb  vreg_util.o [4]
?push_l2                0x0085ae         Code  Gb  vreg_util.o [4]
?push_l3                0x0085b3         Code  Gb  vreg_util.o [4]
?push_w4                0x00858c         Code  Gb  vreg_util.o [4]
?sll16_x_x_a            0x008b5b         Code  Gb  short.o [4]
?sll32_0x_0x_a          0x00849b         Code  Gb  long.o [4]
?sll32_l0_l0_a          0x008498         Code  Gb  long.o [4]
?sll8_a_a_5             0x008b80         Code  Gb  char.o [4]
?sll8_a_a_6             0x008b7f         Code  Gb  char.o [4]
?srl16_x_x_4            0x008b63         Code  Gb  short.o [4]
?sub32_l0_l0_0x         0x008381         Code  Gb  long.o [4]
?sub32_l0_l0_l1         0x00837e         Code  Gb  long.o [4]
?udiv32_l0_dl_l1        0x008423         Code  Gb  long.o [4]
?udiv32_l0_l0_dl        0x008428         Code  Gb  long.o [4]
?udiv32_l0_l0_l1        0x00842b         Code  Gb  long.o [4]
?umod32_l1_l0_l1        0x00842b         Code  Gb  long.o [4]
?w0                     0x000000         Data  Gb  vregs.o [4]
?w1                     0x000002         Data  Gb  vregs.o [4]
?w2                     0x000004         Data  Gb  vregs.o [4]
?w3                     0x000006         Data  Gb  vregs.o [4]
?w4                     0x000008         Data  Gb  vregs.o [4]
?w5                     0x00000a         Data  Gb  vregs.o [4]
?w6                     0x00000c         Data  Gb  vregs.o [4]
?w7                     0x00000e         Data  Gb  vregs.o [4]
ADC1_IRQHandler         0x008bb7    0x1  Code  Gb  stm8s_it.o [1]
AWU_IRQHandler          0x008ba9    0x1  Code  Gb  stm8s_it.o [1]
CLK_GetClockFreq        0x008952   0x57  Code  Gb  stm8s_clk.o [1]
CLK_HSIPrescalerConfig  0x008b1b   0x13  Code  Gb  stm8s_clk.o [1]
CLK_IRQHandler          0x008baa    0x1  Code  Gb  stm8s_it.o [1]
CLK_PeripheralClockConfig
                        0x0088fa   0x58  Code  Gb  stm8s_clk.o [1]
CSTACK$$Base            0x000300          --   Gb  - Linker created -
CSTACK$$Limit           0x000400          --   Gb  - Linker created -
EEPROM_EEC_IRQHandler   0x008bb9    0x1  Code  Gb  stm8s_it.o [1]
EXTI_PORTA_IRQHandler   0x008bab    0x1  Code  Gb  stm8s_it.o [1]
EXTI_PORTB_IRQHandler   0x008bac    0x1  Code  Gb  stm8s_it.o [1]
EXTI_PORTC_IRQHandler   0x008bad    0x1  Code  Gb  stm8s_it.o [1]
EXTI_PORTD_IRQHandler   0x008bae    0x1  Code  Gb  stm8s_it.o [1]
EXTI_PORTE_IRQHandler   0x008baf    0x1  Code  Gb  stm8s_it.o [1]
GPIO_DeInit             0x008adf   0x14  Code  Gb  stm8s_gpio.o [1]
GPIO_Init               0x0087a7   0x8e  Code  Gb  stm8s_gpio.o [1]
GPIO_ReadInputPin       0x008b78    0x7  Code  Gb  stm8s_gpio.o [1]
GPIO_WriteHigh          0x008b71    0x7  Code  Gb  stm8s_gpio.o [1]
GPIO_WriteLow           0x008b93    0x4  Code  Gb  stm8s_gpio.o [1]
HSIDivFactor            0x008b8f    0x4  Data  Gb  stm8s_clk.o [1]
I2C_IRQHandler          0x008bb6    0x1  Code  Gb  stm8s_it.o [1]
INTVEC$$Base            0x008000          --   Gb  - Linker created -
INTVEC$$Limit           0x008080          --   Gb  - Linker created -
Region$$Table$$Base     0x008a89          --   Gb  - Linker created -
Region$$Table$$Limit    0x008a91          --   Gb  - Linker created -
SPI_IRQHandler          0x008bb0    0x1  Code  Gb  stm8s_it.o [1]
TIM1_CAP_COM_IRQHandler
                        0x008bb1    0x1  Code  Gb  stm8s_it.o [1]
TIM1_ClearITPendingBit  0x008b85    0x5  Code  Gb  stm8s_tim1.o [1]
TIM1_Cmd                0x008b41    0xd  Code  Gb  stm8s_tim1.o [1]
TIM1_DeInit             0x00870e   0x99  Code  Gb  stm8s_tim1.o [1]
TIM1_GetITStatus        0x0089f0   0x29  Code  Gb  stm8s_tim1.o [1]
TIM1_ITConfig           0x008aaf   0x1a  Code  Gb  stm8s_tim1.o [1]
TIM1_TimeBaseInit       0x008a65   0x24  Code  Gb  stm8s_tim1.o [1]
TIM1_UPD_OVF_TRG_BRK_IRQHandler
                        0x008ac9   0x16  Code  Gb  stm8s_it.o [1]
TIM2_CAP_COM_IRQHandler
                        0x008bb3    0x1  Code  Gb  stm8s_it.o [1]
TIM2_UPD_OVF_BRK_IRQHandler
                        0x008bb2    0x1  Code  Gb  stm8s_it.o [1]
TIM4_UPD_OVF_IRQHandler
                        0x008bb8    0x1  Code  Gb  stm8s_it.o [1]
TLI_IRQHandler          0x008ba8    0x1  Code  Gb  stm8s_it.o [1]
TRAP_IRQHandler         0x008ba7    0x1  Code  Gb  stm8s_it.o [1]
UART1_Cmd               0x008b4e    0xd  Code  Gb  stm8s_uart1.o [1]
UART1_ITConfig          0x008835   0x6c  Code  Gb  stm8s_uart1.o [1]
UART1_Init              0x00824a  0x134  Code  Gb  stm8s_uart1.o [1]
UART1_RX_IRQHandler     0x008bb5    0x1  Code  Gb  stm8s_it.o [1]
UART1_SendData8         0x008b97    0x4  Code  Gb  stm8s_uart1.o [1]
UART1_TX_IRQHandler     0x008bb4    0x1  Code  Gb  stm8s_it.o [1]
__DebugBreak            0x008bba    0x1  Code  Gb  __dbg_break.o [3]
__exit                  0x008b07   0x14  Code  Gb  __dbg_xxexit.o [3]
__iar_data_init2        0x008af3   0x14  Code  Gb  init.o [4]
__iar_program_start     0x008b2e         Code  Gb  cstartup.o [4]
__iar_unhandled_exception
                        0x008ba4         Code  Gb  unhandled_exception.o [4]
__iar_zero_init2        0x008a91         Code  Gb  init_small.o [4]
__intvec                0x008000         Data  Gb  interrupt.o [4]
__low_level_init        0x008b9e    0x3  Code  Gb  low_level_init.o [4]
_exit                   0x008b8a         Code  Gb  cexit.o [4]
_interrupt_1            0x008ba7         Code  Gb  stm8s_it.o [1]
_interrupt_12           0x008bb0         Code  Gb  stm8s_it.o [1]
_interrupt_13           0x008ac9         Code  Gb  stm8s_it.o [1]
_interrupt_14           0x008bb1         Code  Gb  stm8s_it.o [1]
_interrupt_15           0x008bb2         Code  Gb  stm8s_it.o [1]
_interrupt_16           0x008bb3         Code  Gb  stm8s_it.o [1]
_interrupt_19           0x008bb4         Code  Gb  stm8s_it.o [1]
_interrupt_2            0x008ba8         Code  Gb  stm8s_it.o [1]
_interrupt_20           0x008bb5         Code  Gb  stm8s_it.o [1]
_interrupt_21           0x008bb6         Code  Gb  stm8s_it.o [1]
_interrupt_24           0x008bb7         Code  Gb  stm8s_it.o [1]
_interrupt_25           0x008bb8         Code  Gb  stm8s_it.o [1]
_interrupt_26           0x008bb9         Code  Gb  stm8s_it.o [1]
_interrupt_3            0x008ba9         Code  Gb  stm8s_it.o [1]
_interrupt_4            0x008baa         Code  Gb  stm8s_it.o [1]
_interrupt_5            0x008bab         Code  Gb  stm8s_it.o [1]
_interrupt_6            0x008bac         Code  Gb  stm8s_it.o [1]
_interrupt_7            0x008bad         Code  Gb  stm8s_it.o [1]
_interrupt_8            0x008bae         Code  Gb  stm8s_it.o [1]
_interrupt_9            0x008baf         Code  Gb  stm8s_it.o [1]
bin_to_256              0x0084a9   0xe3  Code  Gb  main.o [1]
chap_int                0x0088a1   0x59  Code  Gb  main.o [1]
delayq                  0x008b68    0x9  Code  Gb  main.o [1]
exit                    0x008ba1    0x3  Code  Gb  exit.o [4]
he                      0x000033    0x3  Data  Gb  main.o [1]
inTimer                 0x008080  0x1ca  Code  Gb  remut.o [1]
main                    0x00865e   0xb0  Code  Gb  main.o [1]
remut                   0x000010   0x23  Data  Gb  remut.o [1]
uart_init               0x008a19   0x27  Code  Gb  main.o [1]


[1] = C:\Users\Acer\Desktop\STM8\REMUT_RXB61_best\Debug\Obj
[2] = command line
[3] = dbgstm8smd.a
[4] = dlstm8smn.a

  2 863 bytes of readonly  code memory
    140 bytes of readonly  data memory
    310 bytes of readwrite data memory

Errors: none
Warnings: none
