###############################################################################
#
# IAR ELF Linker V3.11.1.207 for STM8                     23/Jan/2026  04:47:29
# Copyright 2010-2019 IAR Systems AB.
#
#    Output file  =  E:\my_GitHub\STM8\eeprom_external\Debug\Exe\ee.out
#    Map file     =  E:\my_GitHub\STM8\eeprom_external\Debug\List\ee.map
#    Command line =  
#        -f C:\Users\Acer\AppData\Local\Temp\EWCC72.tmp
#        (E:\my_GitHub\STM8\eeprom_external\Debug\Obj\main.o
#        E:\my_GitHub\STM8\eeprom_external\Debug\Obj\stm8s_clk.o
#        E:\my_GitHub\STM8\eeprom_external\Debug\Obj\stm8s_flash.o
#        E:\my_GitHub\STM8\eeprom_external\Debug\Obj\stm8s_gpio.o
#        E:\my_GitHub\STM8\eeprom_external\Debug\Obj\tm1637.o --redirect
#        _Printf=_PrintfFullNoMb --redirect _Scanf=_ScanfFullNoMb
#        --no_out_extension -o
#        E:\my_GitHub\STM8\eeprom_external\Debug\Exe\ee.out --map
#        E:\my_GitHub\STM8\eeprom_external\Debug\List\ee.map --config
#        "C:\Program Files (x86)\IAR Systems\Embedded Workbench
#        8.3\stm8\config\lnkstm8s103f3.icf" --config_def _CSTACK_SIZE=0x100
#        --config_def _HEAP_SIZE=0x100 --entry __iar_program_start --debug_lib)
#
###############################################################################

*******************************************************************************
*** RUNTIME MODEL ATTRIBUTES
***

__SystemLibrary            = DLib
__code_model               = small
__core                     = stm8
__data_model               = medium
__dlib_file_descriptor     = 0
__dlib_full_locale_support = 0
__rt_version               = 4


*******************************************************************************
*** PLACEMENT SUMMARY
***

"A0":  place at start of [0x000000-0x0000ff] { rw section .vregs };
"A1":  place at end of [0x000000-0x0003ff] { block CSTACK };
"A2":  place at start of [0x008000-0x009fff] { block INTVEC };
"P3":  place in [from 0x008000 to 0x009fff] {
          ro section __DLIB_PERTHREAD_init, ro section .far.data_init,
          ro section .far_func.textrw_init, ro section .huge.data_init,
          ro section .huge_func.textrw_init, ro section .iar.init_table,
          ro section .init_array, ro section .near.data_init,
          ro section .near.rodata, ro section .near_func.text,
          ro section .near_func.textrw_init, ro section .tiny.data_init,
          ro section .tiny.rodata_init };
"P4":  place in [from 0x008000 to 0x009fff] {
          ro section .far.rodata, ro section .far_func.text };
"P5":  place in [from 0x008000 to 0x009fff] {
          ro section .huge.rodata, ro section .huge_func.text };
do not initialize {
   rw section .eeprom.noinit, rw section .far.noinit, rw section .huge.noinit,
   rw section .near.noinit, rw section .tiny.noinit, rw section .vregs };

No sections matched the following patterns:

  ro section .far.data_init          in "P3-P5"
  ro section .far.rodata             in "P3-P5"
  ro section .far_func.text          in "P3-P5"
  ro section .far_func.textrw_init   in "P3-P5"
  ro section .huge.data_init         in "P3-P5"
  ro section .huge.rodata            in "P3-P5"
  ro section .huge_func.text         in "P3-P5"
  ro section .huge_func.textrw_init  in "P3-P5"
  ro section .iar.init_table         in "P3-P5"
  ro section .init_array             in "P3-P5"
  ro section .near.data_init         in "P3-P5"
  ro section .near_func.textrw_init  in "P3-P5"
  ro section .tiny.data_init         in "P3-P5"
  ro section .tiny.rodata_init       in "P3-P5"
  ro section __DLIB_PERTHREAD_init   in "P3-P5"
  rw section .far.bss                in "P2"
  rw section .far.data               in "P2"
  rw section .far.noinit             in "P2"
  rw section .far_func.textrw        in "P2"
  rw section .huge.bss               in "P2"
  rw section .huge.data              in "P2"
  rw section .huge.noinit            in "P2"
  rw section .huge_func.textrw       in "P2"
  rw section .iar.dynexit            in "P2"
  rw section .near.bss               in "P2"
  rw section .near.data              in "P2"
  rw section .near.noinit            in "P2"
  rw section .near_func.textrw       in "P2"
  rw section .tiny.bss               in "P1"
  rw section .tiny.data              in "P1"
  rw section .tiny.noinit            in "P1"
  rw section .tiny.rodata            in "P1"
  rw section __DLIB_PERTHREAD        in "P2"
  section .eeprom.data               in "P6-P8"
  section .eeprom.noinit             in "P6-P8"
  section .eeprom.rodata             in "P6-P8"


  Section          Kind      Address   Size  Object
  -------          ----      -------   ----  ------
"A0":                                  0x10
  .vregs           uninit   0x000000   0x10  vregs.o [4]
                          - 0x000010   0x10

"A1":                                 0x100
  CSTACK                    0x000300  0x100  <Block>
    CSTACK         uninit   0x000300  0x100  <Block tail>
                          - 0x000400  0x100

"A2":                                  0x80
  INTVEC                    0x008000   0x80  <Block>
    .intvec        const    0x008000   0x80  interrupt.o [4]
                          - 0x008080   0x80

"P3-P5":                              0x8d4
  .near_func.text  ro code  0x008080  0x15a  long.o [4]
  .near_func.text  ro code  0x0081da  0x117  main.o [1]
  .near_func.text  ro code  0x0082f1  0x110  tm1637.o [1]
  .near_func.text  ro code  0x008401   0xbf  vreg_util.o [4]
  .near_func.text  ro code  0x0084c0   0xa1  tm1637.o [1]
  .near_func.text  ro code  0x008561   0x8e  stm8s_gpio.o [1]
  .near_func.text  ro code  0x0085ef   0x7b  tm1637.o [1]
  .near_func.text  ro code  0x00866a   0x62  tm1637.o [1]
  .near_func.text  ro code  0x0086cc   0x58  stm8s_clk.o [1]
  .near_func.text  ro code  0x008724   0x56  tm1637.o [1]
  .near_func.text  ro code  0x00877a   0x55  tm1637.o [1]
  .near_func.text  ro code  0x0087cf   0x32  tm1637.o [1]
  .near_func.text  ro code  0x008801   0x24  tm1637.o [1]
  .near_func.text  ro code  0x008825   0x24  tm1637.o [1]
  .near_func.text  ro code  0x008849   0x1d  tm1637.o [1]
  .near_func.text  ro code  0x008866   0x19  tm1637.o [1]
  .near_func.text  ro code  0x00887f   0x16  stm8s_flash.o [1]
  .near_func.text  ro code  0x008895   0x14  init.o [4]
  .near_func.text  ro code  0x0088a9   0x14  __dbg_xxexit.o [3]
  .near_func.text  ro code  0x0088bd   0x13  stm8s_clk.o [1]
  .near_func.text  ro code  0x0088d0   0x13  cstartup.o [4]
  .near_func.text  ro code  0x0088e3    0xd  move.o [4]
  .near_func.text  ro code  0x0088f0    0xd  dc_util.o [4]
  .near_func.text  ro code  0x0088fd    0xc  long_util.o [4]
  .near.rodata     const    0x008909    0xa  tm1637.o [1]
  .near_func.text  ro code  0x008913    0x8  short.o [4]
  .near_func.text  ro code  0x00891b    0x7  stm8s_gpio.o [1]
  .near_func.text  ro code  0x008922    0x7  stm8s_gpio.o [1]
  .near_func.text  ro code  0x008929    0x5  tm1637.o [1]
  .near_func.text  ro code  0x00892e    0x5  cexit.o [4]
  .near.rodata     const    0x008933    0x4  main.o [1]
  .near.rodata     const    0x008937    0x4  tm1637.o [1]
  .near_func.text  ro code  0x00893b    0x4  stm8s_flash.o [1]
  .near_func.text  ro code  0x00893f    0x4  stm8s_flash.o [1]
  .near_func.text  ro code  0x008943    0x4  stm8s_gpio.o [1]
  .near_func.text  ro code  0x008947    0x3  interrupt.o [4]
  .near_func.text  ro code  0x00894a    0x3  low_level_init.o [4]
  .near_func.text  ro code  0x00894d    0x3  exit.o [4]
  .near_func.text  ro code  0x008950    0x3  unhandled_exception.o [4]
  .near_func.text  ro code  0x008953    0x1  __dbg_break.o [3]
                          - 0x008954  0x8d4



*******************************************************************************
*** MODULE SUMMARY
***

    Module                 ro code  ro data  rw data
    ------                 -------  -------  -------
E:\my_GitHub\STM8\eeprom_external\Debug\Obj: [1]
    main.o                     279        4
    stm8s_clk.o                107
    stm8s_flash.o               30
    stm8s_gpio.o               160
    tm1637.o                 1 006       14
    ------------------------------------------------
    Total:                   1 582       18

command line: [2]
    ------------------------------------------------
    Total:

dbgstm8smd.a: [3]
    __dbg_break.o                1
    __dbg_xxexit.o              20
    ------------------------------------------------
    Total:                      21

dlstm8smn.a: [4]
    cexit.o                      5
    cstartup.o                  19
    dc_util.o                   13
    exit.o                       3
    init.o                      20
    interrupt.o                  3      128
    long.o                     346
    long_util.o                 12
    low_level_init.o             3
    move.o                      13
    short.o                      8
    unhandled_exception.o        3
    vreg_util.o                191
    vregs.o                                       16
    ------------------------------------------------
    Total:                     639      128       16

    Linker created                               256
----------------------------------------------------
    Grand Total:             2 242      146      272


*******************************************************************************
*** ENTRY LIST
***

Entry                      Address   Size  Type      Object
-----                      -------   ----  ----      ------
?b0                       0x000000         Data  Gb  vregs.o [4]
?b1                       0x000001         Data  Gb  vregs.o [4]
?b10                      0x00000a         Data  Gb  vregs.o [4]
?b11                      0x00000b         Data  Gb  vregs.o [4]
?b12                      0x00000c         Data  Gb  vregs.o [4]
?b13                      0x00000d         Data  Gb  vregs.o [4]
?b14                      0x00000e         Data  Gb  vregs.o [4]
?b15                      0x00000f         Data  Gb  vregs.o [4]
?b2                       0x000002         Data  Gb  vregs.o [4]
?b3                       0x000003         Data  Gb  vregs.o [4]
?b4                       0x000004         Data  Gb  vregs.o [4]
?b5                       0x000005         Data  Gb  vregs.o [4]
?b6                       0x000006         Data  Gb  vregs.o [4]
?b7                       0x000007         Data  Gb  vregs.o [4]
?b8                       0x000008         Data  Gb  vregs.o [4]
?b9                       0x000009         Data  Gb  vregs.o [4]
?dc32_l1                  0x0088f0         Code  Gb  dc_util.o [4]
?dec32_0x_0x              0x00808a         Code  Gb  long.o [4]
?dec32_l0_l0              0x008080         Code  Gb  long.o [4]
?dec32_l3_l3              0x008085         Code  Gb  long.o [4]
?e0                       0x000001         Data  Gb  vregs.o [4]
?e1                       0x000005         Data  Gb  vregs.o [4]
?e2                       0x000009         Data  Gb  vregs.o [4]
?e3                       0x00000d         Data  Gb  vregs.o [4]
?epilogue_l2              0x008470         Code  Gb  vreg_util.o [4]
?epilogue_l2_l3           0x00846d         Code  Gb  vreg_util.o [4]
?epilogue_w4              0x008474         Code  Gb  vreg_util.o [4]
?l0                       0x000000         Data  Gb  vregs.o [4]
?l1                       0x000004         Data  Gb  vregs.o [4]
?l2                       0x000008         Data  Gb  vregs.o [4]
?l3                       0x00000c         Data  Gb  vregs.o [4]
?load32_l1_0x             0x0088fd         Code  Gb  long_util.o [4]
?mov_e0_e2                0x008482         Code  Gb  vreg_util.o [4]
?mov_e0_e3                0x00848f         Code  Gb  vreg_util.o [4]
?mov_e1_e2                0x00849c         Code  Gb  vreg_util.o [4]
?mov_e2_e0                0x0084a9         Code  Gb  vreg_util.o [4]
?mov_e3_e0                0x0084b6         Code  Gb  vreg_util.o [4]
?mov_l0_l2                0x00847f         Code  Gb  vreg_util.o [4]
?mov_l0_l3                0x00848c         Code  Gb  vreg_util.o [4]
?mov_l1_l2                0x008499         Code  Gb  vreg_util.o [4]
?mov_l2_l0                0x0084a6         Code  Gb  vreg_util.o [4]
?mov_l3_l0                0x0084b3         Code  Gb  vreg_util.o [4]
?mov_w1_w5                0x008485         Code  Gb  vreg_util.o [4]
?mov_w1_w7                0x008492         Code  Gb  vreg_util.o [4]
?mov_w3_w5                0x00849f         Code  Gb  vreg_util.o [4]
?mov_w5_w1                0x0084ac         Code  Gb  vreg_util.o [4]
?mov_w7_w0                0x008478         Code  Gb  vreg_util.o [4]
?mov_w7_w1                0x0084b9         Code  Gb  vreg_util.o [4]
?move1616_v_x_y_a         0x0088e3         Code  Gb  move.o [4]
?mul32_l0_l0_l1           0x00809e         Code  Gb  long.o [4]
?pop_l2                   0x00844f         Code  Gb  vreg_util.o [4]
?pop_l3                   0x00845a         Code  Gb  vreg_util.o [4]
?pop_w4                   0x008419         Code  Gb  vreg_util.o [4]
?push_l2                  0x008428         Code  Gb  vreg_util.o [4]
?push_l3                  0x00842d         Code  Gb  vreg_util.o [4]
?push_w4                  0x008401         Code  Gb  vreg_util.o [4]
?sdiv32_l0_l0_dl          0x008191         Code  Gb  long.o [4]
?sdiv32_l0_l0_l1          0x008194         Code  Gb  long.o [4]
?sll16_x_x_a              0x008913         Code  Gb  short.o [4]
?smod32_l1_l0_dl          0x00818c         Code  Gb  long.o [4]
?smod32_l1_l0_l1          0x008194         Code  Gb  long.o [4]
?udiv32_l0_l0_dl          0x00811c         Code  Gb  long.o [4]
?udiv32_l0_l0_l1          0x00811f         Code  Gb  long.o [4]
?umod32_l1_l0_l1          0x00811f         Code  Gb  long.o [4]
?w0                       0x000000         Data  Gb  vregs.o [4]
?w1                       0x000002         Data  Gb  vregs.o [4]
?w2                       0x000004         Data  Gb  vregs.o [4]
?w3                       0x000006         Data  Gb  vregs.o [4]
?w4                       0x000008         Data  Gb  vregs.o [4]
?w5                       0x00000a         Data  Gb  vregs.o [4]
?w6                       0x00000c         Data  Gb  vregs.o [4]
?w7                       0x00000e         Data  Gb  vregs.o [4]
CLK_HSIPrescalerConfig    0x0088bd   0x13  Code  Gb  stm8s_clk.o [1]
CLK_PeripheralClockConfig
                          0x0086cc   0x58  Code  Gb  stm8s_clk.o [1]
CSTACK$$Base              0x000300          --   Gb  - Linker created -
CSTACK$$Limit             0x000400          --   Gb  - Linker created -
FLASH_ProgramByte         0x00893b    0x4  Code  Gb  stm8s_flash.o [1]
FLASH_ReadByte            0x00893f    0x4  Code  Gb  stm8s_flash.o [1]
FLASH_Unlock              0x00887f   0x16  Code  Gb  stm8s_flash.o [1]
GPIO_Init                 0x008561   0x8e  Code  Gb  stm8s_gpio.o [1]
GPIO_ReadInputPin         0x008922    0x7  Code  Gb  stm8s_gpio.o [1]
GPIO_WriteHigh            0x00891b    0x7  Code  Gb  stm8s_gpio.o [1]
GPIO_WriteLow             0x008943    0x4  Code  Gb  stm8s_gpio.o [1]
INTVEC$$Base              0x008000          --   Gb  - Linker created -
INTVEC$$Limit             0x008080          --   Gb  - Linker created -
Region$$Table$$Base     0x00000000          --   Gb  - Linker created -
Region$$Table$$Limit    0x00000000          --   Gb  - Linker created -
__DebugBreak              0x008953    0x1  Code  Gb  __dbg_break.o [3]
__exit                    0x0088a9   0x14  Code  Gb  __dbg_xxexit.o [3]
__iar_data_init2          0x008895   0x14  Code  Gb  init.o [4]
__iar_program_start       0x0088d0         Code  Gb  cstartup.o [4]
__iar_unhandled_exception
                          0x008950         Code  Gb  unhandled_exception.o [4]
__intvec                  0x008000         Data  Gb  interrupt.o [4]
__low_level_init          0x00894a    0x3  Code  Gb  low_level_init.o [4]
_exit                     0x00892e         Code  Gb  cexit.o [4]
_tm1637_digit             0x008909    0xa  Data  Gb  tm1637.o [1]
delay_ms                  0x00877a   0x55  Code  Gb  tm1637.o [1]
exit                      0x00894d    0x3  Code  Gb  exit.o [4]
main                      0x0081da  0x117  Code  Gb  main.o [1]
tm1637_brightness         0x008825   0x24  Code  Gb  tm1637.o [1]
tm1637_delay_us           0x0087cf   0x18  Code  Gb  tm1637.o [1]
tm1637_init               0x0085ef   0x7b  Code  Gb  tm1637.o [1]
tm1637_lock               0x008801   0x24  Code  Gb  tm1637.o [1]
tm1637_show_zero          0x008866   0x19  Code  Gb  tm1637.o [1]
tm1637_start              0x0087e7   0x1a  Code  Gb  tm1637.o [1]
tm1637_stop               0x008724   0x56  Code  Gb  tm1637.o [1]
tm1637_unlock             0x008929    0x5  Code  Gb  tm1637.o [1]
tm1637_write_byte         0x0082f1  0x110  Code  Gb  tm1637.o [1]
tm1637_write_int          0x0084c0   0xa1  Code  Gb  tm1637.o [1]
tm1637_write_raw          0x00866a   0x62  Code  Gb  tm1637.o [1]
tm1637_write_segment      0x008849   0x1d  Code  Gb  tm1637.o [1]


[1] = E:\my_GitHub\STM8\eeprom_external\Debug\Obj
[2] = command line
[3] = dbgstm8smd.a
[4] = dlstm8smn.a

  2 242 bytes of readonly  code memory
    146 bytes of readonly  data memory
    272 bytes of readwrite data memory

Errors: none
Warnings: none
