../Core/Src/main.c:27:5:main	16	static
../Core/Src/main.c:57:6:vMessageSender1	24	static
../Core/Src/main.c:68:6:vMessageSender2	24	static
../Core/Src/main.c:82:6:vTransmitterTask	56	static
../Core/Src/main.c:117:6:SystemClock_Config	88	static
../Core/Src/main.c:164:13:MX_USART2_UART_Init	8	static
../Core/Src/main.c:197:13:MX_GPIO_Init	16	static
../Core/Src/main.c:221:6:StartDefaultTask	16	static
../Core/Src/main.c:240:6:HAL_TIM_PeriodElapsedCallback	16	static
../Core/Src/main.c:257:6:Error_Handler	4	static,ignoring_inline_asm
