../Core/Src/main.c:16:5:main	16	static
../Core/Src/main.c:35:6:vTransmitterTask	24	static
../Core/Src/main.c:47:6:HAL_UART_RxCpltCallback	24	static,ignoring_inline_asm
../Core/Src/main.c:62:6:SystemClock_Config	88	static
../Core/Src/main.c:109:13:MX_USART2_UART_Init	8	static
../Core/Src/main.c:141:6:USART2_IRQHandler	8	static
../Core/Src/main.c:154:13:MX_GPIO_Init	16	static
../Core/Src/main.c:178:6:StartDefaultTask	16	static
../Core/Src/main.c:197:6:HAL_TIM_PeriodElapsedCallback	16	static
../Core/Src/main.c:214:6:Error_Handler	4	static,ignoring_inline_asm
