../Core/Src/main.c:17:5:main	32	static
../Core/Src/main.c:41:6:vTask1	16	static
../Core/Src/main.c:50:6:vTask2	16	static
../Core/Src/main.c:59:6:vTask3	16	static
../Core/Src/main.c:75:6:SystemClock_Config	88	static
../Core/Src/main.c:121:13:MX_USART2_UART_Init	8	static
../Core/Src/main.c:154:13:MX_GPIO_Init	16	static
../Core/Src/main.c:178:6:StartDefaultTask	16	static
../Core/Src/main.c:197:6:HAL_TIM_PeriodElapsedCallback	16	static
../Core/Src/main.c:214:6:Error_Handler	4	static,ignoring_inline_asm
