../Core/Src/main.c:15:5:main	16	static
../Core/Src/main.c:33:6:vTask1	24	static
../Core/Src/main.c:51:6:HAL_UART_RxCpltCallback	24	static,ignoring_inline_asm
../Core/Src/main.c:68:6:SystemClock_Config	88	static
../Core/Src/main.c:115:13:MX_USART2_UART_Init	8	static
../Core/Src/main.c:147:6:USART2_IRQHandler	8	static
../Core/Src/main.c:160:13:MX_GPIO_Init	16	static
../Core/Src/main.c:184:6:StartDefaultTask	16	static
../Core/Src/main.c:203:6:HAL_TIM_PeriodElapsedCallback	16	static
../Core/Src/main.c:220:6:Error_Handler	4	static,ignoring_inline_asm
