###############################################################################
#
# IAR ELF Linker V3.11.1.207 for STM8                     20/Jan/2026  03:35:58
# Copyright 2010-2019 IAR Systems AB.
#
#    Output file  =  C:\Users\Acer\Desktop\STM8\Timer\Debug\Exe\timer.out
#    Map file     =  C:\Users\Acer\Desktop\STM8\Timer\Debug\List\timer.map
#    Command line =  
#        -f C:\Users\Acer\AppData\Local\Temp\EWFAC.tmp
#        (C:\Users\Acer\Desktop\STM8\Timer\Debug\Obj\main.o
#        C:\Users\Acer\Desktop\STM8\Timer\Debug\Obj\stm8s_clk.o
#        C:\Users\Acer\Desktop\STM8\Timer\Debug\Obj\stm8s_gpio.o
#        C:\Users\Acer\Desktop\STM8\Timer\Debug\Obj\stm8s_it.o
#        C:\Users\Acer\Desktop\STM8\Timer\Debug\Obj\stm8s_tim1.o
#        C:\Users\Acer\Desktop\STM8\Timer\Debug\Obj\stm8s_tim2.o --redirect
#        _Printf=_PrintfFullNoMb --redirect _Scanf=_ScanfFullNoMb
#        --no_out_extension -o
#        C:\Users\Acer\Desktop\STM8\Timer\Debug\Exe\timer.out --map
#        C:\Users\Acer\Desktop\STM8\Timer\Debug\List\timer.map --config
#        "C:\Program Files (x86)\IAR Systems\Embedded Workbench
#        8.3\stm8\config\lnkstm8s103f3.icf" --config_def _CSTACK_SIZE=0x100
#        --config_def _HEAP_SIZE=0x100 --entry __iar_program_start --debug_lib)
#
###############################################################################

*******************************************************************************
*** RUNTIME MODEL ATTRIBUTES
***

__SystemLibrary            = DLib
__code_model               = small
__core                     = stm8
__data_model               = medium
__dlib_file_descriptor     = 0
__dlib_full_locale_support = 0
__rt_version               = 4


*******************************************************************************
*** PLACEMENT SUMMARY
***

"A0":  place at start of [0x000000-0x0000ff] { rw section .vregs };
"A1":  place at end of [0x000000-0x0003ff] { block CSTACK };
"P2":  place in [from 0x000000 to 0x0003ff] {
          block HEAP, rw section __DLIB_PERTHREAD, rw section .far.bss,
          rw section .far.data, rw section .far.noinit,
          rw section .far_func.textrw, rw section .huge.bss,
          rw section .huge.data, rw section .huge.noinit,
          rw section .huge_func.textrw, rw section .iar.dynexit,
          rw section .near.bss, rw section .near.data, rw section .near.noinit,
          rw section .near_func.textrw };
"A2":  place at start of [0x008000-0x009fff] { block INTVEC };
"P3":  place in [from 0x008000 to 0x009fff] {
          ro section __DLIB_PERTHREAD_init, ro section .far.data_init,
          ro section .far_func.textrw_init, ro section .huge.data_init,
          ro section .huge_func.textrw_init, ro section .iar.init_table,
          ro section .init_array, ro section .near.data_init,
          ro section .near.rodata, ro section .near_func.text,
          ro section .near_func.textrw_init, ro section .tiny.data_init,
          ro section .tiny.rodata_init };
"P4":  place in [from 0x008000 to 0x009fff] {
          ro section .far.rodata, ro section .far_func.text };
"P5":  place in [from 0x008000 to 0x009fff] {
          ro section .huge.rodata, ro section .huge_func.text };
do not initialize {
   rw section .eeprom.noinit, rw section .far.noinit, rw section .huge.noinit,
   rw section .near.noinit, rw section .tiny.noinit, rw section .vregs };

No sections matched the following patterns:

  ro section .far.data_init          in "P3-P5"
  ro section .far.rodata             in "P3-P5"
  ro section .far_func.text          in "P3-P5"
  ro section .far_func.textrw_init   in "P3-P5"
  ro section .huge.data_init         in "P3-P5"
  ro section .huge.rodata            in "P3-P5"
  ro section .huge_func.text         in "P3-P5"
  ro section .huge_func.textrw_init  in "P3-P5"
  ro section .iar.init_table         in "P3-P5"
  ro section .init_array             in "P3-P5"
  ro section .near.data_init         in "P3-P5"
  ro section .near.rodata            in "P3-P5"
  ro section .near_func.textrw_init  in "P3-P5"
  ro section .tiny.data_init         in "P3-P5"
  ro section .tiny.rodata_init       in "P3-P5"
  ro section __DLIB_PERTHREAD_init   in "P3-P5"
  rw section .far.bss                in "P2"
  rw section .far.data               in "P2"
  rw section .far.noinit             in "P2"
  rw section .far_func.textrw        in "P2"
  rw section .huge.bss               in "P2"
  rw section .huge.data              in "P2"
  rw section .huge.noinit            in "P2"
  rw section .huge_func.textrw       in "P2"
  rw section .iar.dynexit            in "P2"
  rw section .near.data              in "P2"
  rw section .near.noinit            in "P2"
  rw section .near_func.textrw       in "P2"
  rw section .tiny.bss               in "P1"
  rw section .tiny.data              in "P1"
  rw section .tiny.noinit            in "P1"
  rw section .tiny.rodata            in "P1"
  rw section __DLIB_PERTHREAD        in "P2"
  section .eeprom.data               in "P6-P8"
  section .eeprom.noinit             in "P6-P8"
  section .eeprom.rodata             in "P6-P8"


  Section          Kind      Address   Size  Object
  -------          ----      -------   ----  ------
"A0":                                   0xc
  .vregs           uninit   0x000000    0xc  vregs.o [4]
                          - 0x00000c    0xc

"P2":                                   0x2
  .near.bss        zero     0x00000c    0x2  stm8s_it.o [1]
                          - 0x00000e    0x2

"A1":                                 0x100
  CSTACK                    0x000300  0x100  <Block>
    CSTACK         uninit   0x000300  0x100  <Block tail>
                          - 0x000400  0x100

"A2":                                  0x80
  INTVEC                    0x008000   0x80  <Block>
    .intvec        const    0x008000   0x80  interrupt.o [4]
                          - 0x008080   0x80

"P3-P5":                              0x320
  .near_func.text  ro code  0x008080   0x8e  stm8s_gpio.o [1]
  .near_func.text  ro code  0x00810e   0x5d  vreg_util.o [4]
  .near_func.text  ro code  0x00816b   0x59  stm8s_tim2.o [1]
  .near_func.text  ro code  0x0081c4   0x58  stm8s_clk.o [1]
  .near_func.text  ro code  0x00821c   0x30  stm8s_clk.o [1]
  .near_func.text  ro code  0x00824c   0x2e  stm8s_it.o [1]
  .iar.init_table  const    0x00827a    0x8  - Linker created -
  .near_func.text  ro code  0x008282   0x1e  init_small.o [4]
  .near_func.text  ro code  0x0082a0   0x1b  main.o [1]
  .near_func.text  ro code  0x0082bb   0x1a  stm8s_tim2.o [1]
  .near_func.text  ro code  0x0082d5   0x18  main.o [1]
  .near_func.text  ro code  0x0082ed   0x14  init.o [4]
  .near_func.text  ro code  0x008301   0x14  __dbg_xxexit.o [3]
  .near_func.text  ro code  0x008315   0x13  main.o [1]
  .near_func.text  ro code  0x008328   0x13  cstartup.o [4]
  .near_func.text  ro code  0x00833b    0xd  stm8s_clk.o [1]
  .near_func.text  ro code  0x008348    0xd  stm8s_tim2.o [1]
  .near_func.text  ro code  0x008355    0xc  stm8s_tim2.o [1]
  .near_func.text  ro code  0x008361    0xb  main.o [1]
  .near_func.text  ro code  0x00836c    0x8  short.o [4]
  .near_func.text  ro code  0x008374    0x7  stm8s_gpio.o [1]
  .near_func.text  ro code  0x00837b    0x5  cexit.o [4]
  .near_func.text  ro code  0x008380    0x3  interrupt.o [4]
  .near_func.text  ro code  0x008383    0x3  low_level_init.o [4]
  .near_func.text  ro code  0x008386    0x3  exit.o [4]
  .near_func.text  ro code  0x008389    0x3  unhandled_exception.o [4]
  .near_func.text  ro code  0x00838c    0x1  stm8s_it.o [1]
  .near_func.text  ro code  0x00838d    0x1  stm8s_it.o [1]
  .near_func.text  ro code  0x00838e    0x1  stm8s_it.o [1]
  .near_func.text  ro code  0x00838f    0x1  stm8s_it.o [1]
  .near_func.text  ro code  0x008390    0x1  stm8s_it.o [1]
  .near_func.text  ro code  0x008391    0x1  stm8s_it.o [1]
  .near_func.text  ro code  0x008392    0x1  stm8s_it.o [1]
  .near_func.text  ro code  0x008393    0x1  stm8s_it.o [1]
  .near_func.text  ro code  0x008394    0x1  stm8s_it.o [1]
  .near_func.text  ro code  0x008395    0x1  stm8s_it.o [1]
  .near_func.text  ro code  0x008396    0x1  stm8s_it.o [1]
  .near_func.text  ro code  0x008397    0x1  stm8s_it.o [1]
  .near_func.text  ro code  0x008398    0x1  stm8s_it.o [1]
  .near_func.text  ro code  0x008399    0x1  stm8s_it.o [1]
  .near_func.text  ro code  0x00839a    0x1  stm8s_it.o [1]
  .near_func.text  ro code  0x00839b    0x1  stm8s_it.o [1]
  .near_func.text  ro code  0x00839c    0x1  stm8s_it.o [1]
  .near_func.text  ro code  0x00839d    0x1  stm8s_it.o [1]
  .near_func.text  ro code  0x00839e    0x1  stm8s_it.o [1]
  .near_func.text  ro code  0x00839f    0x1  __dbg_break.o [3]
                          - 0x0083a0  0x320


*******************************************************************************
*** INIT TABLE
***

          Address   Size
          -------   ----
Zero (__iar_zero_init2)
    1 destination range, total size 0x2:
          0x00000c   0x2



*******************************************************************************
*** MODULE SUMMARY
***

    Module                 ro code  ro data  rw data
    ------                 -------  -------  -------
C:\Users\Acer\Desktop\STM8\Timer\Debug\Obj: [1]
    main.o                      81
    stm8s_clk.o                149
    stm8s_gpio.o               149
    stm8s_it.o                  65                 2
    stm8s_tim2.o               140
    ------------------------------------------------
    Total:                     584                 2

command line: [2]
    ------------------------------------------------
    Total:

dbgstm8smd.a: [3]
    __dbg_break.o                1
    __dbg_xxexit.o              20
    ------------------------------------------------
    Total:                      21

dlstm8smn.a: [4]
    cexit.o                      5
    cstartup.o                  19
    exit.o                       3
    init.o                      20
    init_small.o                30
    interrupt.o                  3      128
    low_level_init.o             3
    short.o                      8
    unhandled_exception.o        3
    vreg_util.o                 93
    vregs.o                                       12
    ------------------------------------------------
    Total:                     187      128       12

    Linker created                        8      256
----------------------------------------------------
    Grand Total:               792      136      270


*******************************************************************************
*** ENTRY LIST
***

Entry                    Address  Size  Type      Object
-----                    -------  ----  ----      ------
.iar.init_table$$Base   0x00827a         --   Gb  - Linker created -
.iar.init_table$$Limit  0x008282         --   Gb  - Linker created -
?b0                     0x000000        Data  Gb  vregs.o [4]
?b1                     0x000001        Data  Gb  vregs.o [4]
?b10                    0x00000a        Data  Gb  vregs.o [4]
?b11                    0x00000b        Data  Gb  vregs.o [4]
?b2                     0x000002        Data  Gb  vregs.o [4]
?b3                     0x000003        Data  Gb  vregs.o [4]
?b4                     0x000004        Data  Gb  vregs.o [4]
?b5                     0x000005        Data  Gb  vregs.o [4]
?b6                     0x000006        Data  Gb  vregs.o [4]
?b7                     0x000007        Data  Gb  vregs.o [4]
?b8                     0x000008        Data  Gb  vregs.o [4]
?b9                     0x000009        Data  Gb  vregs.o [4]
?e0                     0x000001        Data  Gb  vregs.o [4]
?e1                     0x000005        Data  Gb  vregs.o [4]
?e2                     0x000009        Data  Gb  vregs.o [4]
?l0                     0x000000        Data  Gb  vregs.o [4]
?l1                     0x000004        Data  Gb  vregs.o [4]
?l2                     0x000008        Data  Gb  vregs.o [4]
?pop_l0                 0x00814d        Code  Gb  vreg_util.o [4]
?pop_l1                 0x008158        Code  Gb  vreg_util.o [4]
?push_l0                0x008126        Code  Gb  vreg_util.o [4]
?push_l1                0x00812b        Code  Gb  vreg_util.o [4]
?push_w4                0x00810e        Code  Gb  vreg_util.o [4]
?sll16_x_x_a            0x00836c        Code  Gb  short.o [4]
?w0                     0x000000        Data  Gb  vregs.o [4]
?w1                     0x000002        Data  Gb  vregs.o [4]
?w2                     0x000004        Data  Gb  vregs.o [4]
?w3                     0x000006        Data  Gb  vregs.o [4]
?w4                     0x000008        Data  Gb  vregs.o [4]
?w5                     0x00000a        Data  Gb  vregs.o [4]
ADC1_IRQHandler         0x00839c   0x1  Code  Gb  stm8s_it.o [1]
AWU_IRQHandler          0x00838e   0x1  Code  Gb  stm8s_it.o [1]
CLK_HSECmd              0x00833b   0xd  Code  Gb  stm8s_clk.o [1]
CLK_IRQHandler          0x00838f   0x1  Code  Gb  stm8s_it.o [1]
CLK_PeripheralClockConfig
                        0x0081c4  0x58  Code  Gb  stm8s_clk.o [1]
CLK_SYSCLKConfig        0x00821c  0x30  Code  Gb  stm8s_clk.o [1]
CSTACK$$Base            0x000300         --   Gb  - Linker created -
CSTACK$$Limit           0x000400         --   Gb  - Linker created -
EEPROM_EEC_IRQHandler   0x00839e   0x1  Code  Gb  stm8s_it.o [1]
EXTI_PORTA_IRQHandler   0x008390   0x1  Code  Gb  stm8s_it.o [1]
EXTI_PORTB_IRQHandler   0x008391   0x1  Code  Gb  stm8s_it.o [1]
EXTI_PORTC_IRQHandler   0x008392   0x1  Code  Gb  stm8s_it.o [1]
EXTI_PORTD_IRQHandler   0x008393   0x1  Code  Gb  stm8s_it.o [1]
EXTI_PORTE_IRQHandler   0x008394   0x1  Code  Gb  stm8s_it.o [1]
GPIO_Init               0x008080  0x8e  Code  Gb  stm8s_gpio.o [1]
GPIO_WriteReverse       0x008374   0x7  Code  Gb  stm8s_gpio.o [1]
I2C_IRQHandler          0x00839b   0x1  Code  Gb  stm8s_it.o [1]
INTVEC$$Base            0x008000         --   Gb  - Linker created -
INTVEC$$Limit           0x008080         --   Gb  - Linker created -
Region$$Table$$Base     0x00827a         --   Gb  - Linker created -
Region$$Table$$Limit    0x008282         --   Gb  - Linker created -
SPI_IRQHandler          0x008395   0x1  Code  Gb  stm8s_it.o [1]
TIM1_CAP_COM_IRQHandler
                        0x008397   0x1  Code  Gb  stm8s_it.o [1]
TIM1_UPD_OVF_TRG_BRK_IRQHandler
                        0x008396   0x1  Code  Gb  stm8s_it.o [1]
TIM2_CAP_COM_IRQHandler
                        0x008398   0x1  Code  Gb  stm8s_it.o [1]
TIM2_Cmd                0x008348   0xd  Code  Gb  stm8s_tim2.o [1]
TIM2_DeInit             0x00816b  0x59  Code  Gb  stm8s_tim2.o [1]
TIM2_ITConfig           0x0082bb  0x1a  Code  Gb  stm8s_tim2.o [1]
TIM2_TimeBaseInit       0x008355   0xc  Code  Gb  stm8s_tim2.o [1]
TIM2_UPD_OVF_BRK_IRQHandler
                        0x00824c  0x2e  Code  Gb  stm8s_it.o [1]
TIM4_UPD_OVF_IRQHandler
                        0x00839d   0x1  Code  Gb  stm8s_it.o [1]
TLI_IRQHandler          0x00838d   0x1  Code  Gb  stm8s_it.o [1]
TRAP_IRQHandler         0x00838c   0x1  Code  Gb  stm8s_it.o [1]
Tim2_init               0x0082a0  0x1b  Code  Gb  main.o [1]
UART1_RX_IRQHandler     0x00839a   0x1  Code  Gb  stm8s_it.o [1]
UART1_TX_IRQHandler     0x008399   0x1  Code  Gb  stm8s_it.o [1]
__DebugBreak            0x00839f   0x1  Code  Gb  __dbg_break.o [3]
__exit                  0x008301  0x14  Code  Gb  __dbg_xxexit.o [3]
__iar_data_init2        0x0082ed  0x14  Code  Gb  init.o [4]
__iar_program_start     0x008328        Code  Gb  cstartup.o [4]
__iar_unhandled_exception
                        0x008389        Code  Gb  unhandled_exception.o [4]
__iar_zero_init2        0x008282        Code  Gb  init_small.o [4]
__intvec                0x008000        Data  Gb  interrupt.o [4]
__low_level_init        0x008383   0x3  Code  Gb  low_level_init.o [4]
_exit                   0x00837b        Code  Gb  cexit.o [4]
_interrupt_1            0x00838c        Code  Gb  stm8s_it.o [1]
_interrupt_12           0x008395        Code  Gb  stm8s_it.o [1]
_interrupt_13           0x008396        Code  Gb  stm8s_it.o [1]
_interrupt_14           0x008397        Code  Gb  stm8s_it.o [1]
_interrupt_15           0x00824c        Code  Gb  stm8s_it.o [1]
_interrupt_16           0x008398        Code  Gb  stm8s_it.o [1]
_interrupt_19           0x008399        Code  Gb  stm8s_it.o [1]
_interrupt_2            0x00838d        Code  Gb  stm8s_it.o [1]
_interrupt_20           0x00839a        Code  Gb  stm8s_it.o [1]
_interrupt_21           0x00839b        Code  Gb  stm8s_it.o [1]
_interrupt_24           0x00839c        Code  Gb  stm8s_it.o [1]
_interrupt_25           0x00839d        Code  Gb  stm8s_it.o [1]
_interrupt_26           0x00839e        Code  Gb  stm8s_it.o [1]
_interrupt_3            0x00838e        Code  Gb  stm8s_it.o [1]
_interrupt_4            0x00838f        Code  Gb  stm8s_it.o [1]
_interrupt_5            0x008390        Code  Gb  stm8s_it.o [1]
_interrupt_6            0x008391        Code  Gb  stm8s_it.o [1]
_interrupt_7            0x008392        Code  Gb  stm8s_it.o [1]
_interrupt_8            0x008393        Code  Gb  stm8s_it.o [1]
_interrupt_9            0x008394        Code  Gb  stm8s_it.o [1]
clk_HSE                 0x008315  0x13  Code  Gb  main.o [1]
exit                    0x008386   0x3  Code  Gb  exit.o [4]
gpio_init               0x0082d5  0x18  Code  Gb  main.o [1]
i                       0x00000c   0x2  Data  Gb  stm8s_it.o [1]
main                    0x008361   0xb  Code  Gb  main.o [1]


[1] = C:\Users\Acer\Desktop\STM8\Timer\Debug\Obj
[2] = command line
[3] = dbgstm8smd.a
[4] = dlstm8smn.a

  792 bytes of readonly  code memory
  136 bytes of readonly  data memory
  270 bytes of readwrite data memory

Errors: none
Warnings: none
