###############################################################################
#
# IAR ELF Linker V3.11.1.207 for STM8                     21/Jan/2026  23:27:36
# Copyright 2010-2019 IAR Systems AB.
#
#    Output file  =  C:\Users\Acer\Desktop\STM8\PWM\Debug\Exe\pwm.out
#    Map file     =  C:\Users\Acer\Desktop\STM8\PWM\Debug\List\pwm.map
#    Command line =  
#        -f C:\Users\Acer\AppData\Local\Temp\EW1028.tmp
#        (C:\Users\Acer\Desktop\STM8\PWM\Debug\Obj\main.o
#        C:\Users\Acer\Desktop\STM8\PWM\Debug\Obj\stm8s_clk.o
#        C:\Users\Acer\Desktop\STM8\PWM\Debug\Obj\stm8s_gpio.o
#        C:\Users\Acer\Desktop\STM8\PWM\Debug\Obj\stm8s_tim2.o --redirect
#        _Printf=_PrintfFullNoMb --redirect _Scanf=_ScanfFullNoMb
#        --no_out_extension -o C:\Users\Acer\Desktop\STM8\PWM\Debug\Exe\pwm.out
#        --map C:\Users\Acer\Desktop\STM8\PWM\Debug\List\pwm.map --config
#        "C:\Program Files (x86)\IAR Systems\Embedded Workbench
#        8.3\stm8\config\lnkstm8s103f3.icf" --config_def _CSTACK_SIZE=0x100
#        --config_def _HEAP_SIZE=0x100 --entry __iar_program_start --debug_lib)
#
###############################################################################

*******************************************************************************
*** RUNTIME MODEL ATTRIBUTES
***

__SystemLibrary            = DLib
__code_model               = small
__core                     = stm8
__data_model               = medium
__dlib_file_descriptor     = 0
__dlib_full_locale_support = 0
__rt_version               = 4


*******************************************************************************
*** PLACEMENT SUMMARY
***

"A0":  place at start of [0x000000-0x0000ff] { rw section .vregs };
"A1":  place at end of [0x000000-0x0003ff] { block CSTACK };
"P2":  place in [from 0x000000 to 0x0003ff] {
          block HEAP, rw section __DLIB_PERTHREAD, rw section .far.bss,
          rw section .far.data, rw section .far.noinit,
          rw section .far_func.textrw, rw section .huge.bss,
          rw section .huge.data, rw section .huge.noinit,
          rw section .huge_func.textrw, rw section .iar.dynexit,
          rw section .near.bss, rw section .near.data, rw section .near.noinit,
          rw section .near_func.textrw };
"A2":  place at start of [0x008000-0x009fff] { block INTVEC };
"P3":  place in [from 0x008000 to 0x009fff] {
          ro section __DLIB_PERTHREAD_init, ro section .far.data_init,
          ro section .far_func.textrw_init, ro section .huge.data_init,
          ro section .huge_func.textrw_init, ro section .iar.init_table,
          ro section .init_array, ro section .near.data_init,
          ro section .near.rodata, ro section .near_func.text,
          ro section .near_func.textrw_init, ro section .tiny.data_init,
          ro section .tiny.rodata_init };
"P4":  place in [from 0x008000 to 0x009fff] {
          ro section .far.rodata, ro section .far_func.text };
"P5":  place in [from 0x008000 to 0x009fff] {
          ro section .huge.rodata, ro section .huge_func.text };
do not initialize {
   rw section .eeprom.noinit, rw section .far.noinit, rw section .huge.noinit,
   rw section .near.noinit, rw section .tiny.noinit, rw section .vregs };

No sections matched the following patterns:

  ro section .far.data_init          in "P3-P5"
  ro section .far.rodata             in "P3-P5"
  ro section .far_func.text          in "P3-P5"
  ro section .far_func.textrw_init   in "P3-P5"
  ro section .huge.data_init         in "P3-P5"
  ro section .huge.rodata            in "P3-P5"
  ro section .huge_func.text         in "P3-P5"
  ro section .huge_func.textrw_init  in "P3-P5"
  ro section .iar.init_table         in "P3-P5"
  ro section .init_array             in "P3-P5"
  ro section .near.data_init         in "P3-P5"
  ro section .near.rodata            in "P3-P5"
  ro section .near_func.textrw_init  in "P3-P5"
  ro section .tiny.data_init         in "P3-P5"
  ro section .tiny.rodata_init       in "P3-P5"
  ro section __DLIB_PERTHREAD_init   in "P3-P5"
  rw section .far.bss                in "P2"
  rw section .far.data               in "P2"
  rw section .far.noinit             in "P2"
  rw section .far_func.textrw        in "P2"
  rw section .huge.bss               in "P2"
  rw section .huge.data              in "P2"
  rw section .huge.noinit            in "P2"
  rw section .huge_func.textrw       in "P2"
  rw section .iar.dynexit            in "P2"
  rw section .near.data              in "P2"
  rw section .near.noinit            in "P2"
  rw section .near_func.textrw       in "P2"
  rw section .tiny.bss               in "P1"
  rw section .tiny.data              in "P1"
  rw section .tiny.noinit            in "P1"
  rw section .tiny.rodata            in "P1"
  rw section __DLIB_PERTHREAD        in "P2"
  section .eeprom.data               in "P6-P8"
  section .eeprom.noinit             in "P6-P8"
  section .eeprom.rodata             in "P6-P8"


  Section          Kind      Address   Size  Object
  -------          ----      -------   ----  ------
"A0":                                  0x10
  .vregs           uninit   0x000000   0x10  vregs.o [4]
                          - 0x000010   0x10

"P2":                                   0x2
  .near.bss        zero     0x000010    0x2  main.o [1]
                          - 0x000012    0x2

"A1":                                 0x100
  CSTACK                    0x000300  0x100  <Block>
    CSTACK         uninit   0x000300  0x100  <Block tail>
                          - 0x000400  0x100

"A2":                                  0x80
  INTVEC                    0x008000   0x80  <Block>
    .intvec        const    0x008000   0x80  interrupt.o [4]
                          - 0x008080   0x80

"P3-P5":                              0x433
  .near_func.text  ro code  0x008080  0x107  long.o [4]
  .near_func.text  ro code  0x008187   0xa5  vreg_util.o [4]
  .near_func.text  ro code  0x00822c   0x59  stm8s_tim2.o [1]
  .near_func.text  ro code  0x008285   0x58  stm8s_clk.o [1]
  .near_func.text  ro code  0x0082dd   0x55  main.o [1]
  .near_func.text  ro code  0x008332   0x31  stm8s_tim2.o [1]
  .near_func.text  ro code  0x008363   0x30  stm8s_clk.o [1]
  .near_func.text  ro code  0x008393   0x2c  main.o [1]
  .iar.init_table  const    0x0083bf    0x8  - Linker created -
  .near_func.text  ro code  0x0083c7   0x1e  main.o [1]
  .near_func.text  ro code  0x0083e5   0x1e  init_small.o [4]
  .near_func.text  ro code  0x008403   0x14  init.o [4]
  .near_func.text  ro code  0x008417   0x14  __dbg_xxexit.o [3]
  .near_func.text  ro code  0x00842b   0x13  main.o [1]
  .near_func.text  ro code  0x00843e   0x13  cstartup.o [4]
  .near_func.text  ro code  0x008451    0xd  stm8s_clk.o [1]
  .near_func.text  ro code  0x00845e    0xd  stm8s_tim2.o [1]
  .near_func.text  ro code  0x00846b    0xd  dc_util.o [4]
  .near_func.text  ro code  0x008478    0xc  stm8s_tim2.o [1]
  .near_func.text  ro code  0x008484    0xc  long_util.o [4]
  .near_func.text  ro code  0x008490    0x9  stm8s_tim2.o [1]
  .near_func.text  ro code  0x008499    0x8  short.o [4]
  .near_func.text  ro code  0x0084a1    0x5  cexit.o [4]
  .near_func.text  ro code  0x0084a6    0x3  interrupt.o [4]
  .near_func.text  ro code  0x0084a9    0x3  low_level_init.o [4]
  .near_func.text  ro code  0x0084ac    0x3  exit.o [4]
  .near_func.text  ro code  0x0084af    0x3  unhandled_exception.o [4]
  .near_func.text  ro code  0x0084b2    0x1  __dbg_break.o [3]
                          - 0x0084b3  0x433


*******************************************************************************
*** INIT TABLE
***

          Address   Size
          -------   ----
Zero (__iar_zero_init2)
    1 destination range, total size 0x2:
          0x000010   0x2



*******************************************************************************
*** MODULE SUMMARY
***

    Module                 ro code  ro data  rw data
    ------                 -------  -------  -------
C:\Users\Acer\Desktop\STM8\PWM\Debug\Obj: [1]
    main.o                     178                 2
    stm8s_clk.o                149
    stm8s_tim2.o               172
    ------------------------------------------------
    Total:                     499                 2

command line: [2]
    ------------------------------------------------
    Total:

dbgstm8smd.a: [3]
    __dbg_break.o                1
    __dbg_xxexit.o              20
    ------------------------------------------------
    Total:                      21

dlstm8smn.a: [4]
    cexit.o                      5
    cstartup.o                  19
    dc_util.o                   13
    exit.o                       3
    init.o                      20
    init_small.o                30
    interrupt.o                  3      128
    long.o                     263
    long_util.o                 12
    low_level_init.o             3
    short.o                      8
    unhandled_exception.o        3
    vreg_util.o                165
    vregs.o                                       16
    ------------------------------------------------
    Total:                     547      128       16

    Linker created                        8      256
----------------------------------------------------
    Grand Total:             1 067      136      274


*******************************************************************************
*** ENTRY LIST
***

Entry                    Address  Size  Type      Object
-----                    -------  ----  ----      ------
.iar.init_table$$Base   0x0083bf         --   Gb  - Linker created -
.iar.init_table$$Limit  0x0083c7         --   Gb  - Linker created -
?b0                     0x000000        Data  Gb  vregs.o [4]
?b1                     0x000001        Data  Gb  vregs.o [4]
?b10                    0x00000a        Data  Gb  vregs.o [4]
?b11                    0x00000b        Data  Gb  vregs.o [4]
?b12                    0x00000c        Data  Gb  vregs.o [4]
?b13                    0x00000d        Data  Gb  vregs.o [4]
?b14                    0x00000e        Data  Gb  vregs.o [4]
?b15                    0x00000f        Data  Gb  vregs.o [4]
?b2                     0x000002        Data  Gb  vregs.o [4]
?b3                     0x000003        Data  Gb  vregs.o [4]
?b4                     0x000004        Data  Gb  vregs.o [4]
?b5                     0x000005        Data  Gb  vregs.o [4]
?b6                     0x000006        Data  Gb  vregs.o [4]
?b7                     0x000007        Data  Gb  vregs.o [4]
?b8                     0x000008        Data  Gb  vregs.o [4]
?b9                     0x000009        Data  Gb  vregs.o [4]
?dc32_l1                0x00846b        Code  Gb  dc_util.o [4]
?dec32_0x_0x            0x008085        Code  Gb  long.o [4]
?dec32_l3_l3            0x008080        Code  Gb  long.o [4]
?e0                     0x000001        Data  Gb  vregs.o [4]
?e1                     0x000005        Data  Gb  vregs.o [4]
?e2                     0x000009        Data  Gb  vregs.o [4]
?e3                     0x00000d        Data  Gb  vregs.o [4]
?epilogue_l2            0x0081e7        Code  Gb  vreg_util.o [4]
?epilogue_l2_l3         0x0081e4        Code  Gb  vreg_util.o [4]
?l0                     0x000000        Data  Gb  vregs.o [4]
?l1                     0x000004        Data  Gb  vregs.o [4]
?l2                     0x000008        Data  Gb  vregs.o [4]
?l3                     0x00000c        Data  Gb  vregs.o [4]
?load32_l1_0x           0x008484        Code  Gb  long_util.o [4]
?mov_e0_e2              0x0081ee        Code  Gb  vreg_util.o [4]
?mov_e0_e3              0x0081fb        Code  Gb  vreg_util.o [4]
?mov_e1_e2              0x008208        Code  Gb  vreg_util.o [4]
?mov_e2_e0              0x008215        Code  Gb  vreg_util.o [4]
?mov_e3_e0              0x008222        Code  Gb  vreg_util.o [4]
?mov_l0_l2              0x0081eb        Code  Gb  vreg_util.o [4]
?mov_l0_l3              0x0081f8        Code  Gb  vreg_util.o [4]
?mov_l1_l2              0x008205        Code  Gb  vreg_util.o [4]
?mov_l2_l0              0x008212        Code  Gb  vreg_util.o [4]
?mov_l3_l0              0x00821f        Code  Gb  vreg_util.o [4]
?mov_w1_w5              0x0081f1        Code  Gb  vreg_util.o [4]
?mov_w1_w7              0x0081fe        Code  Gb  vreg_util.o [4]
?mov_w3_w5              0x00820b        Code  Gb  vreg_util.o [4]
?mov_w5_w1              0x008218        Code  Gb  vreg_util.o [4]
?mov_w7_w1              0x008225        Code  Gb  vreg_util.o [4]
?mul32_l0_l0_l1         0x008099        Code  Gb  long.o [4]
?pop_l2                 0x0081c6        Code  Gb  vreg_util.o [4]
?pop_l3                 0x0081d1        Code  Gb  vreg_util.o [4]
?push_l2                0x00819f        Code  Gb  vreg_util.o [4]
?push_l3                0x0081a4        Code  Gb  vreg_util.o [4]
?push_w4                0x008187        Code  Gb  vreg_util.o [4]
?sll16_x_x_a            0x008499        Code  Gb  short.o [4]
?udiv32_l0_l0_dl        0x008117        Code  Gb  long.o [4]
?udiv32_l0_l0_l1        0x00811a        Code  Gb  long.o [4]
?umod32_l1_l0_l1        0x00811a        Code  Gb  long.o [4]
?w0                     0x000000        Data  Gb  vregs.o [4]
?w1                     0x000002        Data  Gb  vregs.o [4]
?w2                     0x000004        Data  Gb  vregs.o [4]
?w3                     0x000006        Data  Gb  vregs.o [4]
?w4                     0x000008        Data  Gb  vregs.o [4]
?w5                     0x00000a        Data  Gb  vregs.o [4]
?w6                     0x00000c        Data  Gb  vregs.o [4]
?w7                     0x00000e        Data  Gb  vregs.o [4]
CLK_HSECmd              0x008451   0xd  Code  Gb  stm8s_clk.o [1]
CLK_PeripheralClockConfig
                        0x008285  0x58  Code  Gb  stm8s_clk.o [1]
CLK_SYSCLKConfig        0x008363  0x30  Code  Gb  stm8s_clk.o [1]
CSTACK$$Base            0x000300         --   Gb  - Linker created -
CSTACK$$Limit           0x000400         --   Gb  - Linker created -
INTVEC$$Base            0x008000         --   Gb  - Linker created -
INTVEC$$Limit           0x008080         --   Gb  - Linker created -
Region$$Table$$Base     0x0083bf         --   Gb  - Linker created -
Region$$Table$$Limit    0x0083c7         --   Gb  - Linker created -
TIM2_Cmd                0x00845e   0xd  Code  Gb  stm8s_tim2.o [1]
TIM2_DeInit             0x00822c  0x59  Code  Gb  stm8s_tim2.o [1]
TIM2_OC2Init            0x008332  0x31  Code  Gb  stm8s_tim2.o [1]
TIM2_SetCompare1        0x008490   0x9  Code  Gb  stm8s_tim2.o [1]
TIM2_TimeBaseInit       0x008478   0xc  Code  Gb  stm8s_tim2.o [1]
__DebugBreak            0x0084b2   0x1  Code  Gb  __dbg_break.o [3]
__exit                  0x008417  0x14  Code  Gb  __dbg_xxexit.o [3]
__iar_data_init2        0x008403  0x14  Code  Gb  init.o [4]
__iar_program_start     0x00843e        Code  Gb  cstartup.o [4]
__iar_unhandled_exception
                        0x0084af        Code  Gb  unhandled_exception.o [4]
__iar_zero_init2        0x0083e5        Code  Gb  init_small.o [4]
__intvec                0x008000        Data  Gb  interrupt.o [4]
__low_level_init        0x0084a9   0x3  Code  Gb  low_level_init.o [4]
_exit                   0x0084a1        Code  Gb  cexit.o [4]
clk_HSE                 0x00842b  0x13  Code  Gb  main.o [1]
delay_ms                0x0082dd  0x55  Code  Gb  main.o [1]
exit                    0x0084ac   0x3  Code  Gb  exit.o [4]
i                       0x000010   0x2  Data  Gb  main.o [1]
main                    0x008393  0x2c  Code  Gb  main.o [1]
pwm_init                0x0083c7  0x1e  Code  Gb  main.o [1]


[1] = C:\Users\Acer\Desktop\STM8\PWM\Debug\Obj
[2] = command line
[3] = dbgstm8smd.a
[4] = dlstm8smn.a

  1 067 bytes of readonly  code memory
    136 bytes of readonly  data memory
    274 bytes of readwrite data memory

Errors: none
Warnings: none
