Component: ARM Compiler 5.05 update 2 (build 169) Tool: armlink [4d0f33]

==============================================================================

Section Cross References

    startup_stm32f103xe.o(STACK) refers (Special) to heapauxi.o(.text) for __use_two_region_memory
    startup_stm32f103xe.o(HEAP) refers (Special) to heapauxi.o(.text) for __use_two_region_memory
    startup_stm32f103xe.o(RESET) refers (Special) to heapauxi.o(.text) for __use_two_region_memory
    startup_stm32f103xe.o(RESET) refers to startup_stm32f103xe.o(STACK) for __initial_sp
    startup_stm32f103xe.o(RESET) refers to startup_stm32f103xe.o(.text) for Reset_Handler
    startup_stm32f103xe.o(RESET) refers to stm32f1xx_it.o(i.NMI_Handler) for NMI_Handler
    startup_stm32f103xe.o(RESET) refers to stm32f1xx_it.o(i.HardFault_Handler) for HardFault_Handler
    startup_stm32f103xe.o(RESET) refers to stm32f1xx_it.o(i.MemManage_Handler) for MemManage_Handler
    startup_stm32f103xe.o(RESET) refers to stm32f1xx_it.o(i.BusFault_Handler) for BusFault_Handler
    startup_stm32f103xe.o(RESET) refers to stm32f1xx_it.o(i.UsageFault_Handler) for UsageFault_Handler
    startup_stm32f103xe.o(RESET) refers to stm32f1xx_it.o(i.SVC_Handler) for SVC_Handler
    startup_stm32f103xe.o(RESET) refers to stm32f1xx_it.o(i.DebugMon_Handler) for DebugMon_Handler
    startup_stm32f103xe.o(RESET) refers to stm32f1xx_it.o(i.PendSV_Handler) for PendSV_Handler
    startup_stm32f103xe.o(RESET) refers to stm32f1xx_it.o(i.SysTick_Handler) for SysTick_Handler
    startup_stm32f103xe.o(RESET) refers to stm32f1xx_it.o(i.RCC_IRQHandler) for RCC_IRQHandler
    startup_stm32f103xe.o(RESET) refers to stm32f1xx_it.o(i.EXTI3_IRQHandler) for EXTI3_IRQHandler
    startup_stm32f103xe.o(RESET) refers to stm32f1xx_it.o(i.EXTI4_IRQHandler) for EXTI4_IRQHandler
    startup_stm32f103xe.o(RESET) refers to stm32f1xx_it.o(i.EXTI9_5_IRQHandler) for EXTI9_5_IRQHandler
    startup_stm32f103xe.o(RESET) refers to stm32f1xx_it.o(i.TIM2_IRQHandler) for TIM2_IRQHandler
    startup_stm32f103xe.o(.text) refers (Special) to heapauxi.o(.text) for __use_two_region_memory
    startup_stm32f103xe.o(.text) refers to system_stm32f1xx.o(i.SystemInit) for SystemInit
    startup_stm32f103xe.o(.text) refers to __main.o(!!!main) for __main
    startup_stm32f103xe.o(.text) refers to startup_stm32f103xe.o(HEAP) for Heap_Mem
    startup_stm32f103xe.o(.text) refers to startup_stm32f103xe.o(STACK) for Stack_Mem
    main.o(i.Draw_Circle) refers to main.o(i.LCD_PutPixel) for LCD_PutPixel
    main.o(i.HAL_GPIO_EXTI_Callback) refers to stm32f1xx_hal_gpio.o(i.HAL_GPIO_TogglePin) for HAL_GPIO_TogglePin
    main.o(i.HAL_GPIO_EXTI_Callback) refers to stm32f1xx_hal.o(i.HAL_Delay) for HAL_Delay
    main.o(i.HAL_GPIO_EXTI_Callback) refers to main.o(.data) for .data
    main.o(i.HAL_TIM_PeriodElapsedCallback) refers to _printf_pad.o(.text) for _printf_pre_padding
    main.o(i.HAL_TIM_PeriodElapsedCallback) refers to _printf_percent.o(.ARM.Collect$$_printf_percent$$00000000) for _printf_percent
    main.o(i.HAL_TIM_PeriodElapsedCallback) refers to _printf_d.o(.ARM.Collect$$_printf_percent$$00000009) for _printf_d
    main.o(i.HAL_TIM_PeriodElapsedCallback) refers to _printf_dec.o(.text) for _printf_int_dec
    main.o(i.HAL_TIM_PeriodElapsedCallback) refers to d2f.o(x$fpl$d2f) for __aeabi_d2f
    main.o(i.HAL_TIM_PeriodElapsedCallback) refers to main.o(i.change_color) for change_color
    main.o(i.HAL_TIM_PeriodElapsedCallback) refers to main.o(i.LCD_Fill) for LCD_Fill
    main.o(i.HAL_TIM_PeriodElapsedCallback) refers to noretval__2sprintf.o(.text) for __2sprintf
    main.o(i.HAL_TIM_PeriodElapsedCallback) refers to main.o(i.LCD_ShowString) for LCD_ShowString
    main.o(i.HAL_TIM_PeriodElapsedCallback) refers to stm32f1xx_hal_tim.o(i.HAL_TIM_Base_Stop) for HAL_TIM_Base_Stop
    main.o(i.HAL_TIM_PeriodElapsedCallback) refers to tim.o(.bss) for htim2
    main.o(i.HAL_TIM_PeriodElapsedCallback) refers to main.o(.bss) for .bss
    main.o(i.HAL_TIM_PeriodElapsedCallback) refers to main.o(.data) for .data
    main.o(i.LCD_Clear) refers to main.o(i.LCD_WindowMax) for LCD_WindowMax
    main.o(i.LCD_DrawLine) refers to main.o(i.LCD_PutPixel) for LCD_PutPixel
    main.o(i.LCD_DrawLine) refers to main.o(.data) for .data
    main.o(i.LCD_DrawRectangle) refers to main.o(i.LCD_DrawLine) for LCD_DrawLine
    main.o(i.LCD_Fill) refers to main.o(i.LCD_Window) for LCD_Window
    main.o(i.LCD_Fill) refers to main.o(i.LCD_WindowMax) for LCD_WindowMax
    main.o(i.LCD_Init) refers to stm32f1xx_hal.o(i.HAL_Delay) for HAL_Delay
    main.o(i.LCD_Init) refers to main.o(i.LCD_WriteReg) for LCD_WriteReg
    main.o(i.LCD_Init) refers to main.o(i.LCD_ReadReg) for LCD_ReadReg
    main.o(i.LCD_Init) refers to main.o(i.wr_reg) for wr_reg
    main.o(i.LCD_Init) refers to main.o(i.delayms) for delayms
    main.o(i.LCD_Init) refers to main.o(.bss) for .bss
    main.o(i.LCD_PutPixel) refers to main.o(i.LCD_SetCursor) for LCD_SetCursor
[...]
    ../clib/angel/scatter.s                  0x00000000   Number         0  __scatter.o ABSOLUTE
    ../clib/angel/startup.s                  0x00000000   Number         0  __main.o ABSOLUTE
    ../clib/angel/sys.s                      0x00000000   Number         0  sys_stackheap_outer.o ABSOLUTE
    ../clib/angel/sys.s                      0x00000000   Number         0  indicate_semi.o ABSOLUTE
    ../clib/angel/sys.s                      0x00000000   Number         0  use_no_semi.o ABSOLUTE
    ../clib/angel/sys.s                      0x00000000   Number         0  libspace.o ABSOLUTE
    ../clib/angel/sysapp.c                   0x00000000   Number         0  sys_exit.o ABSOLUTE
    ../clib/angel/sysapp.c                   0x00000000   Number         0  sys_command.o ABSOLUTE
    ../clib/angel/sysapp.c                   0x00000000   Number         0  sys_wrch.o ABSOLUTE
    ../clib/armsys.c                         0x00000000   Number         0  _get_argv_nomalloc.o ABSOLUTE
    ../clib/armsys.c                         0x00000000   Number         0  no_argv.o ABSOLUTE
    ../clib/armsys.c                         0x00000000   Number         0  argv_veneer.o ABSOLUTE
    ../clib/armsys.c                         0x00000000   Number         0  argv_veneer.o ABSOLUTE
    ../clib/heapalloc.c                      0x00000000   Number         0  hrguard.o ABSOLUTE
    ../clib/heapaux.c                        0x00000000   Number         0  heapauxi.o ABSOLUTE
    ../clib/libinit.s                        0x00000000   Number         0  libshutdown.o ABSOLUTE
    ../clib/libinit.s                        0x00000000   Number         0  libinit2.o ABSOLUTE
    ../clib/libinit.s                        0x00000000   Number         0  libshutdown2.o ABSOLUTE
    ../clib/libinit.s                        0x00000000   Number         0  libinit.o ABSOLUTE
    ../clib/longlong.s                       0x00000000   Number         0  llushr.o ABSOLUTE
    ../clib/memcpset.s                       0x00000000   Number         0  rt_memclr_w.o ABSOLUTE
    ../clib/misc.s                           0x00000000   Number         0  printf_stubs.o ABSOLUTE
    ../clib/printf.c                         0x00000000   Number         0  _printf_dec.o ABSOLUTE
    ../clib/printf.c                         0x00000000   Number         0  __printf_nopercent.o ABSOLUTE
    ../clib/printf.c                         0x00000000   Number         0  __printf_flags_ss.o ABSOLUTE
    ../clib/printf.c                         0x00000000   Number         0  _printf_pad.o ABSOLUTE
    ../clib/printf.c                         0x00000000   Number         0  __printf.o ABSOLUTE
    ../clib/printf.c                         0x00000000   Number         0  noretval__2sprintf.o ABSOLUTE
    ../clib/printf.c                         0x00000000   Number         0  __2sprintf.o ABSOLUTE
    ../clib/printf.c                         0x00000000   Number         0  _sputc.o ABSOLUTE
    ../clib/printf.c                         0x00000000   Number         0  _printf_char_common.o ABSOLUTE
    ../clib/printf.c                         0x00000000   Number         0  _printf_intcommon.o ABSOLUTE
    ../clib/printf.c                         0x00000000   Number         0  __printf_flags_ss_wp.o ABSOLUTE
    ../clib/printf.c                         0x00000000   Number         0  __printf_ss_wp.o ABSOLUTE
    ../clib/printf.c                         0x00000000   Number         0  __printf_flags_wp.o ABSOLUTE
    ../clib/printf.c                         0x00000000   Number         0  __printf_wp.o ABSOLUTE
    ../clib/printf.c                         0x00000000   Number         0  __printf_ss.o ABSOLUTE
    ../clib/printf.c                         0x00000000   Number         0  __printf_flags.o ABSOLUTE
    ../clib/printf_percent.s                 0x00000000   Number         0  _printf_percent.o ABSOLUTE
    ../clib/printf_percent.s                 0x00000000   Number         0  _printf_d.o ABSOLUTE
    ../clib/printf_percent.s                 0x00000000   Number         0  _printf_percent_end.o ABSOLUTE
    ../clib/signal.c                         0x00000000   Number         0  defsig_rtred_inner.o ABSOLUTE
    ../clib/signal.c                         0x00000000   Number         0  defsig_rtmem_formal.o ABSOLUTE
    ../clib/signal.c                         0x00000000   Number         0  defsig_rtmem_inner.o ABSOLUTE
    ../clib/signal.c                         0x00000000   Number         0  defsig_stak_inner.o ABSOLUTE
    ../clib/signal.c                         0x00000000   Number         0  __raise.o ABSOLUTE
    ../clib/signal.c                         0x00000000   Number         0  defsig_general.o ABSOLUTE
    ../clib/signal.c                         0x00000000   Number         0  defsig_pvfn_inner.o ABSOLUTE
    ../clib/signal.c                         0x00000000   Number         0  defsig_abrt_inner.o ABSOLUTE
    ../clib/signal.c                         0x00000000   Number         0  defsig_exit.o ABSOLUTE
    ../clib/signal.c                         0x00000000   Number         0  defsig_fpe_inner.o ABSOLUTE
    ../clib/signal.c                         0x00000000   Number         0  defsig_rtmem_outer.o ABSOLUTE
    ../clib/signal.c                         0x00000000   Number         0  defsig_other.o ABSOLUTE
    ../clib/signal.c                         0x00000000   Number         0  defsig_segv_inner.o ABSOLUTE
    ../clib/signal.c                         0x00000000   Number         0  defsig_cppl_inner.o ABSOLUTE
    ../clib/signal.s                         0x00000000   Number         0  defsig.o ABSOLUTE
    ../clib/stdlib.c                         0x00000000   Number         0  exit.o ABSOLUTE
    ../fplib/d2f.s                           0x00000000   Number         0  d2f.o ABSOLUTE
    ../fplib/daddsub.s                       0x00000000   Number         0  daddsub_clz.o ABSOLUTE
    ../fplib/dcmpi.s                         0x00000000   Number         0  dcmpi.o ABSOLUTE
    ../fplib/dflt.s                          0x00000000   Number         0  dflt_clz.o ABSOLUTE
    ../fplib/dleqf.s                         0x00000000   Number         0  dleqf.o ABSOLUTE
    ../fplib/dmul.s                          0x00000000   Number         0  dmul.o ABSOLUTE
    ../fplib/dnaninf.s                       0x00000000   Number         0  dnaninf.o ABSOLUTE
    ../fplib/dretinf.s                       0x00000000   Number         0  dretinf.o ABSOLUTE
    ../fplib/drleqf.s                        0x00000000   Number         0  drleqf.o ABSOLUTE
    ../fplib/fdiv.s                          0x00000000   Number         0  fdiv.o ABSOLUTE
    ../fplib/ffixu.s                         0x00000000   Number         0  ffixu.o ABSOLUTE
    ../fplib/fflt.s                          0x00000000   Number         0  fflt_clz.o ABSOLUTE
    ../fplib/fmul.s                          0x00000000   Number         0  fmul.o ABSOLUTE
    ../fplib/fnaninf.s                       0x00000000   Number         0  fnaninf.o ABSOLUTE
    ../fplib/fpinit.s                        0x00000000   Number         0  fpinit.o ABSOLUTE
    ../fplib/fretinf.s                       0x00000000   Number         0  fretinf.o ABSOLUTE
    ../fplib/usenofp.s                       0x00000000   Number         0  usenofp.o ABSOLUTE
    ..\Core\Src\fsmc.c                       0x00000000   Number         0  fsmc.o ABSOLUTE
    ..\Core\Src\gpio.c                       0x00000000   Number         0  gpio.o ABSOLUTE
    ..\Core\Src\main.c                       0x00000000   Number         0  main.o ABSOLUTE
    ..\Core\Src\stm32f1xx_hal_msp.c          0x00000000   Number         0  stm32f1xx_hal_msp.o ABSOLUTE
    ..\Core\Src\stm32f1xx_it.c               0x00000000   Number         0  stm32f1xx_it.o ABSOLUTE
    ..\Core\Src\system_stm32f1xx.c           0x00000000   Number         0  system_stm32f1xx.o ABSOLUTE
    ..\Core\Src\tim.c                        0x00000000   Number         0  tim.o ABSOLUTE
    ..\Drivers\STM32F1xx_HAL_Driver\Src\stm32f1xx_hal.c 0x00000000   Number         0  stm32f1xx_hal.o ABSOLUTE
    ..\Drivers\STM32F1xx_HAL_Driver\Src\stm32f1xx_hal_cortex.c 0x00000000   Number         0  stm32f1xx_hal_cortex.o ABSOLUTE
    ..\Drivers\STM32F1xx_HAL_Driver\Src\stm32f1xx_hal_dma.c 0x00000000   Number         0  stm32f1xx_hal_dma.o ABSOLUTE
    ..\Drivers\STM32F1xx_HAL_Driver\Src\stm32f1xx_hal_exti.c 0x00000000   Number         0  stm32f1xx_hal_exti.o ABSOLUTE
    ..\Drivers\STM32F1xx_HAL_Driver\Src\stm32f1xx_hal_flash.c 0x00000000   Number         0  stm32f1xx_hal_flash.o ABSOLUTE
    ..\Drivers\STM32F1xx_HAL_Driver\Src\stm32f1xx_hal_flash_ex.c 0x00000000   Number         0  stm32f1xx_hal_flash_ex.o ABSOLUTE
    ..\Drivers\STM32F1xx_HAL_Driver\Src\stm32f1xx_hal_gpio.c 0x00000000   Number         0  stm32f1xx_hal_gpio.o ABSOLUTE
    ..\Drivers\STM32F1xx_HAL_Driver\Src\stm32f1xx_hal_gpio_ex.c 0x00000000   Number         0  stm32f1xx_hal_gpio_ex.o ABSOLUTE
    ..\Drivers\STM32F1xx_HAL_Driver\Src\stm32f1xx_hal_nand.c 0x00000000   Number         0  stm32f1xx_hal_nand.o ABSOLUTE
    ..\Drivers\STM32F1xx_HAL_Driver\Src\stm32f1xx_hal_nor.c 0x00000000   Number         0  stm32f1xx_hal_nor.o ABSOLUTE
    ..\Drivers\STM32F1xx_HAL_Driver\Src\stm32f1xx_hal_pccard.c 0x00000000   Number         0  stm32f1xx_hal_pccard.o ABSOLUTE
    ..\Drivers\STM32F1xx_HAL_Driver\Src\stm32f1xx_hal_pwr.c 0x00000000   Number         0  stm32f1xx_hal_pwr.o ABSOLUTE
    ..\Drivers\STM32F1xx_HAL_Driver\Src\stm32f1xx_hal_rcc.c 0x00000000   Number         0  stm32f1xx_hal_rcc.o ABSOLUTE
    ..\Drivers\STM32F1xx_HAL_Driver\Src\stm32f1xx_hal_rcc_ex.c 0x00000000   Number         0  stm32f1xx_hal_rcc_ex.o ABSOLUTE
    ..\Drivers\STM32F1xx_HAL_Driver\Src\stm32f1xx_hal_sram.c 0x00000000   Number         0  stm32f1xx_hal_sram.o ABSOLUTE
    ..\Drivers\STM32F1xx_HAL_Driver\Src\stm32f1xx_hal_tim.c 0x00000000   Number         0  stm32f1xx_hal_tim.o ABSOLUTE
    ..\Drivers\STM32F1xx_HAL_Driver\Src\stm32f1xx_hal_tim_ex.c 0x00000000   Number         0  stm32f1xx_hal_tim_ex.o ABSOLUTE
    ..\Drivers\STM32F1xx_HAL_Driver\Src\stm32f1xx_ll_fsmc.c 0x00000000   Number         0  stm32f1xx_ll_fsmc.o ABSOLUTE
    dc.s                                     0x00000000   Number         0  dc.o ABSOLUTE
    startup_stm32f103xe.s                    0x00000000   Number         0  startup_stm32f103xe.o ABSOLUTE
    RESET                                    0x08000000   Section      304  startup_stm32f103xe.o(RESET)
    !!!main                                  0x08000130   Section        8  __main.o(!!!main)
    !!!scatter                               0x08000138   Section       52  __scatter.o(!!!scatter)
    !!handler_copy                           0x0800016c   Section       26  __scatter_copy.o(!!handler_copy)
    !!handler_zi                             0x08000188   Section       28  __scatter_zi.o(!!handler_zi)
    .ARM.Collect$$_printf_percent$$00000000  0x080001a4   Section        0  _printf_percent.o(.ARM.Collect$$_printf_percent$$00000000)
    .ARM.Collect$$_printf_percent$$00000009  0x080001a4   Section        6  _printf_d.o(.ARM.Collect$$_printf_percent$$00000009)
    .ARM.Collect$$_printf_percent$$00000017  0x080001aa   Section        4  _printf_percent_end.o(.ARM.Collect$$_printf_percent$$00000017)
    .ARM.Collect$$libinit$$00000000          0x080001ae   Section        2  libinit.o(.ARM.Collect$$libinit$$00000000)
    .ARM.Collect$$libinit$$00000002          0x080001b0   Section        0  libinit2.o(.ARM.Collect$$libinit$$00000002)
    .ARM.Collect$$libinit$$00000004          0x080001b0   Section        0  libinit2.o(.ARM.Collect$$libinit$$00000004)
    .ARM.Collect$$libinit$$0000000A          0x080001b0   Section        0  libinit2.o(.ARM.Collect$$libinit$$0000000A)
    .ARM.Collect$$libinit$$0000000C          0x080001b0   Section        0  libinit2.o(.ARM.Collect$$libinit$$0000000C)
    .ARM.Collect$$libinit$$0000000E          0x080001b0   Section        0  libinit2.o(.ARM.Collect$$libinit$$0000000E)
    .ARM.Collect$$libinit$$00000011          0x080001b0   Section        0  libinit2.o(.ARM.Collect$$libinit$$00000011)
    .ARM.Collect$$libinit$$00000013          0x080001b0   Section        0  libinit2.o(.ARM.Collect$$libinit$$00000013)
    .ARM.Collect$$libinit$$00000015          0x080001b0   Section        0  libinit2.o(.ARM.Collect$$libinit$$00000015)
    .ARM.Collect$$libinit$$00000017          0x080001b0   Section        0  libinit2.o(.ARM.Collect$$libinit$$00000017)
    .ARM.Collect$$libinit$$00000019          0x080001b0   Section        0  libinit2.o(.ARM.Collect$$libinit$$00000019)
    .ARM.Collect$$libinit$$0000001B          0x080001b0   Section        0  libinit2.o(.ARM.Collect$$libinit$$0000001B)
    .ARM.Collect$$libinit$$0000001D          0x080001b0   Section        0  libinit2.o(.ARM.Collect$$libinit$$0000001D)
    .ARM.Collect$$libinit$$0000001F          0x080001b0   Section        0  libinit2.o(.ARM.Collect$$libinit$$0000001F)
    .ARM.Collect$$libinit$$00000021          0x080001b0   Section        0  libinit2.o(.ARM.Collect$$libinit$$00000021)
    .ARM.Collect$$libinit$$00000023          0x080001b0   Section        0  libinit2.o(.ARM.Collect$$libinit$$00000023)
    .ARM.Collect$$libinit$$00000025          0x080001b0   Section        0  libinit2.o(.ARM.Collect$$libinit$$00000025)
    .ARM.Collect$$libinit$$0000002C          0x080001b0   Section        0  libinit2.o(.ARM.Collect$$libinit$$0000002C)
    .ARM.Collect$$libinit$$0000002E          0x080001b0   Section        0  libinit2.o(.ARM.Collect$$libinit$$0000002E)
    .ARM.Collect$$libinit$$00000030          0x080001b0   Section        0  libinit2.o(.ARM.Collect$$libinit$$00000030)
    .ARM.Collect$$libinit$$00000032          0x080001b0   Section        0  libinit2.o(.ARM.Collect$$libinit$$00000032)
    .ARM.Collect$$libinit$$00000033          0x080001b0   Section        2  libinit2.o(.ARM.Collect$$libinit$$00000033)
    .ARM.Collect$$libshutdown$$00000000      0x080001b2   Section        2  libshutdown.o(.ARM.Collect$$libshutdown$$00000000)
    .ARM.Collect$$libshutdown$$00000003      0x080001b4   Section        0  libshutdown2.o(.ARM.Collect$$libshutdown$$00000003)
    .ARM.Collect$$libshutdown$$00000006      0x080001b4   Section        0  libshutdown2.o(.ARM.Collect$$libshutdown$$00000006)
    .ARM.Collect$$libshutdown$$00000009      0x080001b4   Section        0  libshutdown2.o(.ARM.Collect$$libshutdown$$00000009)
    .ARM.Collect$$libshutdown$$0000000B      0x080001b4   Section        0  libshutdown2.o(.ARM.Collect$$libshutdown$$0000000B)
    .ARM.Collect$$libshutdown$$0000000E      0x080001b4   Section        0  libshutdown2.o(.ARM.Collect$$libshutdown$$0000000E)
    .ARM.Collect$$libshutdown$$0000000F      0x080001b4   Section        2  libshutdown2.o(.ARM.Collect$$libshutdown$$0000000F)
    .ARM.Collect$$rtentry$$00000000          0x080001b6   Section        0  __rtentry.o(.ARM.Collect$$rtentry$$00000000)
    .ARM.Collect$$rtentry$$00000002          0x080001b6   Section        0  __rtentry2.o(.ARM.Collect$$rtentry$$00000002)
    .ARM.Collect$$rtentry$$00000004          0x080001b6   Section        6  __rtentry4.o(.ARM.Collect$$rtentry$$00000004)
    .ARM.Collect$$rtentry$$00000009          0x080001bc   Section        0  __rtentry2.o(.ARM.Collect$$rtentry$$00000009)
    .ARM.Collect$$rtentry$$0000000A          0x080001bc   Section        4  __rtentry2.o(.ARM.Collect$$rtentry$$0000000A)
    .ARM.Collect$$rtentry$$0000000C          0x080001c0   Section        0  __rtentry2.o(.ARM.Collect$$rtentry$$0000000C)
    .ARM.Collect$$rtentry$$0000000D          0x080001c0   Section        8  __rtentry2.o(.ARM.Collect$$rtentry$$0000000D)
    .ARM.Collect$$rtexit$$00000000           0x080001c8   Section        2  rtexit.o(.ARM.Collect$$rtexit$$00000000)
    .ARM.Collect$$rtexit$$00000002           0x080001ca   Section        0  rtexit2.o(.ARM.Collect$$rtexit$$00000002)
    .ARM.Collect$$rtexit$$00000003           0x080001ca   Section        4  rtexit2.o(.ARM.Collect$$rtexit$$00000003)
    .ARM.Collect$$rtexit$$00000004           0x080001ce   Section        6  rtexit2.o(.ARM.Collect$$rtexit$$00000004)
    .text                                    0x080001d4   Section       64  startup_stm32f103xe.o(.text)
    .text                                    0x08000214   Section        0  noretval__2sprintf.o(.text)
    .text                                    0x0800023c   Section        0  _printf_pad.o(.text)
    .text                                    0x0800028c   Section        0  _printf_dec.o(.text)
    .text                                    0x08000304   Section        0  __printf_flags_wp.o(.text)
    .text                                    0x0800043c   Section       78  rt_memclr_w.o(.text)
    .text                                    0x0800048a   Section        0  heapauxi.o(.text)
    .text                                    0x08000490   Section        0  _printf_intcommon.o(.text)
    .text                                    0x08000544   Section        0  _printf_char_common.o(.text)
    _printf_input_char                       0x08000545   Thumb Code    10  _printf_char_common.o(.text)
    .text                                    0x08000574   Section        0  _sputc.o(.text)
    .text                                    0x0800057e   Section       74  sys_stackheap_outer.o(.text)
    .text                                    0x080005c8   Section        0  exit.o(.text)
    .text                                    0x080005d4   Section        8  libspace.o(.text)
    .text                                    0x080005dc   Section        0  sys_exit.o(.text)
    .text                                    0x080005e8   Section        2  use_no_semi.o(.text)
    .text                                    0x080005ea   Section        0  indicate_semi.o(.text)
    i.BusFault_Handler                       0x080005ea   Section        0  stm32f1xx_it.o(i.BusFault_Handler)
    i.DebugMon_Handler                       0x080005ec   Section        0  stm32f1xx_it.o(i.DebugMon_Handler)
    i.Draw_Circle                            0x080005ee   Section        0  main.o(i.Draw_Circle)
    i.EXTI3_IRQHandler                       0x080006ba   Section        0  stm32f1xx_it.o(i.EXTI3_IRQHandler)
    i.EXTI4_IRQHandler                       0x080006c0   Section        0  stm32f1xx_it.o(i.EXTI4_IRQHandler)
    i.EXTI9_5_IRQHandler                     0x080006c6   Section        0  stm32f1xx_it.o(i.EXTI9_5_IRQHandler)
    i.Error_Handler                          0x080006d8   Section        0  main.o(i.Error_Handler)
    i.FSMC_NORSRAM_Extended_Timing_Init      0x080006dc   Section        0  stm32f1xx_ll_fsmc.o(i.FSMC_NORSRAM_Extended_Timing_Init)
    i.FSMC_NORSRAM_Init                      0x08000718   Section        0  stm32f1xx_ll_fsmc.o(i.FSMC_NORSRAM_Init)
    i.FSMC_NORSRAM_Timing_Init               0x08000780   Section        0  stm32f1xx_ll_fsmc.o(i.FSMC_NORSRAM_Timing_Init)
    i.HAL_Delay                              0x080007bc   Section        0  stm32f1xx_hal.o(i.HAL_Delay)
    i.HAL_FSMC_MspInit                       0x080007e0   Section        0  fsmc.o(i.HAL_FSMC_MspInit)
    HAL_FSMC_MspInit                         0x080007e1   Thumb Code   124  fsmc.o(i.HAL_FSMC_MspInit)
    i.HAL_GPIO_EXTI_Callback                 0x08000874   Section        0  main.o(i.HAL_GPIO_EXTI_Callback)
    i.HAL_GPIO_EXTI_IRQHandler               0x080008bc   Section        0  stm32f1xx_hal_gpio.o(i.HAL_GPIO_EXTI_IRQHandler)
    i.HAL_GPIO_Init                          0x080008d4   Section        0  stm32f1xx_hal_gpio.o(i.HAL_GPIO_Init)
    i.HAL_GPIO_TogglePin                     0x08000acc   Section        0  stm32f1xx_hal_gpio.o(i.HAL_GPIO_TogglePin)
    i.HAL_GPIO_WritePin                      0x08000adc   Section        0  stm32f1xx_hal_gpio.o(i.HAL_GPIO_WritePin)
    i.HAL_GetTick                            0x08000ae8   Section        0  stm32f1xx_hal.o(i.HAL_GetTick)
    i.HAL_IncTick                            0x08000af4   Section        0  stm32f1xx_hal.o(i.HAL_IncTick)
    i.HAL_Init                               0x08000b04   Section        0  stm32f1xx_hal.o(i.HAL_Init)
    i.HAL_InitTick                           0x08000b28   Section        0  stm32f1xx_hal.o(i.HAL_InitTick)
    i.HAL_MspInit                            0x08000b68   Section        0  stm32f1xx_hal_msp.o(i.HAL_MspInit)
    i.HAL_NVIC_EnableIRQ                     0x08000bb0   Section        0  stm32f1xx_hal_cortex.o(i.HAL_NVIC_EnableIRQ)
    i.HAL_NVIC_SetPriority                   0x08000bcc   Section        0  stm32f1xx_hal_cortex.o(i.HAL_NVIC_SetPriority)
    i.HAL_NVIC_SetPriorityGrouping           0x08000c0c   Section        0  stm32f1xx_hal_cortex.o(i.HAL_NVIC_SetPriorityGrouping)
    i.HAL_RCC_ClockConfig                    0x08000c30   Section        0  stm32f1xx_hal_rcc.o(i.HAL_RCC_ClockConfig)
    i.HAL_RCC_GetSysClockFreq                0x08000d5c   Section        0  stm32f1xx_hal_rcc.o(i.HAL_RCC_GetSysClockFreq)
    i.HAL_RCC_OscConfig                      0x08000da8   Section        0  stm32f1xx_hal_rcc.o(i.HAL_RCC_OscConfig)
    i.HAL_SRAM_Init                          0x080010c8   Section        0  stm32f1xx_hal_sram.o(i.HAL_SRAM_Init)
    i.HAL_SRAM_MspInit                       0x0800112c   Section        0  fsmc.o(i.HAL_SRAM_MspInit)
    i.HAL_SYSTICK_Config                     0x08001130   Section        0  stm32f1xx_hal_cortex.o(i.HAL_SYSTICK_Config)
    i.HAL_TIMEx_BreakCallback                0x08001158   Section        0  stm32f1xx_hal_tim_ex.o(i.HAL_TIMEx_BreakCallback)
    i.HAL_TIMEx_CommutCallback               0x0800115a   Section        0  stm32f1xx_hal_tim_ex.o(i.HAL_TIMEx_CommutCallback)
    i.HAL_TIMEx_ConfigBreakDeadTime          0x0800115c   Section        0  stm32f1xx_hal_tim_ex.o(i.HAL_TIMEx_ConfigBreakDeadTime)
    i.HAL_TIMEx_MasterConfigSynchronization  0x080011b0   Section        0  stm32f1xx_hal_tim_ex.o(i.HAL_TIMEx_MasterConfigSynchronization)
    i.HAL_TIM_Base_Init                      0x0800122c   Section        0  stm32f1xx_hal_tim.o(i.HAL_TIM_Base_Init)
    i.HAL_TIM_Base_MspInit                   0x08001288   Section        0  tim.o(i.HAL_TIM_Base_MspInit)
    i.HAL_TIM_Base_Start_IT                  0x080012d8   Section        0  stm32f1xx_hal_tim.o(i.HAL_TIM_Base_Start_IT)
    i.HAL_TIM_Base_Stop                      0x08001344   Section        0  stm32f1xx_hal_tim.o(i.HAL_TIM_Base_Stop)
    i.HAL_TIM_Base_Stop_IT                   0x0800136a   Section        0  stm32f1xx_hal_tim.o(i.HAL_TIM_Base_Stop_IT)
    i.HAL_TIM_ConfigClockSource              0x0800139a   Section        0  stm32f1xx_hal_tim.o(i.HAL_TIM_ConfigClockSource)
    i.HAL_TIM_IC_CaptureCallback             0x08001476   Section        0  stm32f1xx_hal_tim.o(i.HAL_TIM_IC_CaptureCallback)
    i.HAL_TIM_IRQHandler                     0x08001478   Section        0  stm32f1xx_hal_tim.o(i.HAL_TIM_IRQHandler)
    i.HAL_TIM_MspPostInit                    0x080015a8   Section        0  tim.o(i.HAL_TIM_MspPostInit)
    i.HAL_TIM_OC_DelayElapsedCallback        0x080015f4   Section        0  stm32f1xx_hal_tim.o(i.HAL_TIM_OC_DelayElapsedCallback)
    i.HAL_TIM_PWM_ConfigChannel              0x080015f6   Section        0  stm32f1xx_hal_tim.o(i.HAL_TIM_PWM_ConfigChannel)
    i.HAL_TIM_PWM_Init                       0x080016c2   Section        0  stm32f1xx_hal_tim.o(i.HAL_TIM_PWM_Init)
    i.HAL_TIM_PWM_MspInit                    0x0800171c   Section        0  stm32f1xx_hal_tim.o(i.HAL_TIM_PWM_MspInit)
    i.HAL_TIM_PWM_PulseFinishedCallback      0x0800171e   Section        0  stm32f1xx_hal_tim.o(i.HAL_TIM_PWM_PulseFinishedCallback)
    i.HAL_TIM_PWM_Start                      0x08001720   Section        0  stm32f1xx_hal_tim.o(i.HAL_TIM_PWM_Start)
    i.HAL_TIM_PWM_Stop                       0x080017d4   Section        0  stm32f1xx_hal_tim.o(i.HAL_TIM_PWM_Stop)
    i.HAL_TIM_PeriodElapsedCallback          0x08001850   Section        0  main.o(i.HAL_TIM_PeriodElapsedCallback)
    i.HAL_TIM_TriggerCallback                0x08001afc   Section        0  stm32f1xx_hal_tim.o(i.HAL_TIM_TriggerCallback)
    i.HardFault_Handler                      0x08001afe   Section        0  stm32f1xx_it.o(i.HardFault_Handler)
    i.LCD_Clear                              0x08001b00   Section        0  main.o(i.LCD_Clear)
    i.LCD_DrawLine                           0x08001b30   Section        0  main.o(i.LCD_DrawLine)
    i.LCD_DrawRectangle                      0x08001bd4   Section        0  main.o(i.LCD_DrawRectangle)
    i.LCD_Fill                               0x08001c0c   Section        0  main.o(i.LCD_Fill)
    i.LCD_Init                               0x08001c58   Section        0  main.o(i.LCD_Init)
    i.LCD_PutPixel                           0x08001ddc   Section        0  main.o(i.LCD_PutPixel)
    i.LCD_ReadReg                            0x08001dfc   Section        0  main.o(i.LCD_ReadReg)
    i.LCD_SetCursor                          0x08001e14   Section        0  main.o(i.LCD_SetCursor)
    i.LCD_ShowChar                           0x08001e40   Section        0  main.o(i.LCD_ShowChar)
    i.LCD_ShowString                         0x08001f60   Section        0  main.o(i.LCD_ShowString)
    i.LCD_Show_Image                         0x08001fbe   Section        0  main.o(i.LCD_Show_Image)
    i.LCD_Window                             0x08002010   Section        0  main.o(i.LCD_Window)
    i.LCD_WindowMax                          0x08002064   Section        0  main.o(i.LCD_WindowMax)
    i.LCD_WriteReg                           0x08002074   Section        0  main.o(i.LCD_WriteReg)
    i.MX_FSMC_Init                           0x08002084   Section        0  fsmc.o(i.MX_FSMC_Init)
    i.MX_GPIO_Init                           0x080020fc   Section        0  gpio.o(i.MX_GPIO_Init)
    i.MX_TIM1_Init                           0x080021e4   Section        0  tim.o(i.MX_TIM1_Init)
    i.MX_TIM2_Init                           0x080022ac   Section        0  tim.o(i.MX_TIM2_Init)
    i.MemManage_Handler                      0x08002310   Section        0  stm32f1xx_it.o(i.MemManage_Handler)
    i.NMI_Handler                            0x08002312   Section        0  stm32f1xx_it.o(i.NMI_Handler)
    i.PendSV_Handler                         0x08002314   Section        0  stm32f1xx_it.o(i.PendSV_Handler)
    i.RCC_IRQHandler                         0x08002316   Section        0  stm32f1xx_it.o(i.RCC_IRQHandler)
    i.SVC_Handler                            0x08002318   Section        0  stm32f1xx_it.o(i.SVC_Handler)
    i.SysTick_Handler                        0x0800231a   Section        0  stm32f1xx_it.o(i.SysTick_Handler)
    i.SystemClock_Config                     0x0800231e   Section        0  main.o(i.SystemClock_Config)
    i.SystemInit                             0x0800237c   Section        0  system_stm32f1xx.o(i.SystemInit)
    i.TIM2_IRQHandler                        0x08002380   Section        0  stm32f1xx_it.o(i.TIM2_IRQHandler)
    i.TIM_Base_SetConfig                     0x0800238c   Section        0  stm32f1xx_hal_tim.o(i.TIM_Base_SetConfig)
    i.TIM_CCxChannelCmd                      0x08002428   Section        0  stm32f1xx_hal_tim.o(i.TIM_CCxChannelCmd)
    i.TIM_ETR_SetConfig                      0x08002442   Section        0  stm32f1xx_hal_tim.o(i.TIM_ETR_SetConfig)
    i.TIM_ITRx_SetConfig                     0x08002456   Section        0  stm32f1xx_hal_tim.o(i.TIM_ITRx_SetConfig)
    TIM_ITRx_SetConfig                       0x08002457   Thumb Code    16  stm32f1xx_hal_tim.o(i.TIM_ITRx_SetConfig)
    i.TIM_OC1_SetConfig                      0x08002468   Section        0  stm32f1xx_hal_tim.o(i.TIM_OC1_SetConfig)
    TIM_OC1_SetConfig                        0x08002469   Thumb Code    88  stm32f1xx_hal_tim.o(i.TIM_OC1_SetConfig)
    i.TIM_OC2_SetConfig                      0x080024c8   Section        0  stm32f1xx_hal_tim.o(i.TIM_OC2_SetConfig)
    i.TIM_OC3_SetConfig                      0x08002534   Section        0  stm32f1xx_hal_tim.o(i.TIM_OC3_SetConfig)
    TIM_OC3_SetConfig                        0x08002535   Thumb Code    96  stm32f1xx_hal_tim.o(i.TIM_OC3_SetConfig)
    i.TIM_OC4_SetConfig                      0x0800259c   Section        0  stm32f1xx_hal_tim.o(i.TIM_OC4_SetConfig)
    TIM_OC4_SetConfig                        0x0800259d   Thumb Code    70  stm32f1xx_hal_tim.o(i.TIM_OC4_SetConfig)
    i.TIM_TI1_ConfigInputStage               0x080025ec   Section        0  stm32f1xx_hal_tim.o(i.TIM_TI1_ConfigInputStage)
    TIM_TI1_ConfigInputStage                 0x080025ed   Thumb Code    34  stm32f1xx_hal_tim.o(i.TIM_TI1_ConfigInputStage)
    i.TIM_TI2_ConfigInputStage               0x0800260e   Section        0  stm32f1xx_hal_tim.o(i.TIM_TI2_ConfigInputStage)
    TIM_TI2_ConfigInputStage                 0x0800260f   Thumb Code    36  stm32f1xx_hal_tim.o(i.TIM_TI2_ConfigInputStage)
    i.UsageFault_Handler                     0x08002632   Section        0  stm32f1xx_it.o(i.UsageFault_Handler)
    i.__NVIC_SetPriority                     0x08002634   Section        0  stm32f1xx_hal_cortex.o(i.__NVIC_SetPriority)
    __NVIC_SetPriority                       0x08002635   Thumb Code    32  stm32f1xx_hal_cortex.o(i.__NVIC_SetPriority)
    i._is_digit                              0x08002654   Section        0  __printf_wp.o(i._is_digit)
    i.change_color                           0x08002664   Section        0  main.o(i.change_color)
    i.delayms                                0x080026f4   Section        0  main.o(i.delayms)
    i.main                                   0x0800270c   Section        0  main.o(i.main)
    i.wr_reg                                 0x08004054   Section        0  main.o(i.wr_reg)
    x$fpl$d2f                                0x08004064   Section       98  d2f.o(x$fpl$d2f)
    x$fpl$dadd                               0x080040c8   Section      336  daddsub_clz.o(x$fpl$dadd)
    _dadd1                                   0x080040d9   Thumb Code     0  daddsub_clz.o(x$fpl$dadd)
    x$fpl$dcmpinf                            0x08004218   Section       24  dcmpi.o(x$fpl$dcmpinf)
    x$fpl$dflt                               0x08004230   Section       46  dflt_clz.o(x$fpl$dflt)
    x$fpl$dleqf                              0x08004260   Section      120  dleqf.o(x$fpl$dleqf)
    x$fpl$dmul                               0x080042d8   Section      340  dmul.o(x$fpl$dmul)
    x$fpl$dnaninf                            0x0800442c   Section      156  dnaninf.o(x$fpl$dnaninf)
    x$fpl$dretinf                            0x080044c8   Section       12  dretinf.o(x$fpl$dretinf)
    x$fpl$drleqf                             0x080044d4   Section      108  drleqf.o(x$fpl$drleqf)
    x$fpl$dsub                               0x08004540   Section      468  daddsub_clz.o(x$fpl$dsub)
    _dsub1                                   0x08004551   Thumb Code     0  daddsub_clz.o(x$fpl$dsub)
    x$fpl$fdiv                               0x08004714   Section      388  fdiv.o(x$fpl$fdiv)
    _fdiv1                                   0x08004715   Thumb Code     0  fdiv.o(x$fpl$fdiv)
    x$fpl$ffixu                              0x08004898   Section       62  ffixu.o(x$fpl$ffixu)
    x$fpl$ffltu                              0x080048d8   Section       38  fflt_clz.o(x$fpl$ffltu)
    x$fpl$fmul                               0x08004900   Section      258  fmul.o(x$fpl$fmul)
    x$fpl$fnaninf                            0x08004a02   Section      140  fnaninf.o(x$fpl$fnaninf)
    x$fpl$fretinf                            0x08004a8e   Section       10  fretinf.o(x$fpl$fretinf)
    .constdata                               0x08004a98   Section    48360  main.o(.constdata)
    x$fpl$usenofp                            0x08004a98   Section        0  usenofp.o(x$fpl$usenofp)
    Font18                                   0x0800e6d8   Data        3420  main.o(.constdata)
    Font26                                   0x0800f434   Data        4940  main.o(.constdata)
    .constdata                               0x08010780   Section       18  stm32f1xx_hal_rcc.o(.constdata)
    aPredivFactorTable                       0x08010780   Data           2  stm32f1xx_hal_rcc.o(.constdata)
    aPLLMULFactorTable                       0x08010782   Data          16  stm32f1xx_hal_rcc.o(.constdata)
    .constdata                               0x08010792   Section       16  system_stm32f1xx.o(.constdata)
    .constdata                               0x080107a2   Section       17  __printf_flags_wp.o(.constdata)
    maptable                                 0x080107a2   Data          17  __printf_flags_wp.o(.constdata)
    .data                                    0x20000000   Section       80  main.o(.data)
    .data                                    0x20000050   Section        8  fsmc.o(.data)
    FSMC_Initialized                         0x20000050   Data           4  fsmc.o(.data)
    FSMC_DeInitialized                       0x20000054   Data           4  fsmc.o(.data)
    .data                                    0x20000058   Section       12  stm32f1xx_hal.o(.data)
    .data                                    0x20000064   Section        4  system_stm32f1xx.o(.data)
    .bss                                     0x20000068   Section       44  main.o(.bss)
    .bss                                     0x20000094   Section       72  fsmc.o(.bss)
    .bss                                     0x200000dc   Section      144  tim.o(.bss)
    .bss                                     0x2000016c   Section       96  libspace.o(.bss)
    HEAP                                     0x200001d0   Section      512  startup_stm32f103xe.o(HEAP)
    Heap_Mem                                 0x200001d0   Data         512  startup_stm32f103xe.o(HEAP)
    STACK                                    0x200003d0   Section     1024  startup_stm32f103xe.o(STACK)
    Stack_Mem                                0x200003d0   Data        1024  startup_stm32f103xe.o(STACK)
    __initial_sp                             0x200007d0   Data           0  startup_stm32f103xe.o(STACK)

    Global Symbols

    Symbol Name                              Value     Ov Type        Size  Object(Section)

    BuildAttributes$$THM_ISAv4$P$D$K$B$S$PE$A:L22UL41UL21$X:L11$S22US41US21$IEEE1$IW$USESV6$~STKCKD$USESV7$~SHL$OSPACE$ROPI$EBA8$UX$STANDARDLIB$REQ8$PRES8$EABIv2 0x00000000   Number         0  anon$$obj.o ABSOLUTE
    __ARM_use_no_argv                        0x00000000   Number         0  main.o ABSOLUTE
    _printf_flags                            0x00000000   Number         0  printf_stubs.o ABSOLUTE
    _printf_return_value                     0x00000000   Number         0  printf_stubs.o ABSOLUTE
    _printf_sizespec                         0x00000000   Number         0  printf_stubs.o ABSOLUTE
    _printf_widthprec                        0x00000000   Number         0  printf_stubs.o ABSOLUTE
    __ARM_exceptions_init                     - Undefined Weak Reference
    __alloca_initialize                       - Undefined Weak Reference
    __arm_preinit_                            - Undefined Weak Reference
    __cpp_initialize__aeabi_                  - Undefined Weak Reference
    __cxa_finalize                            - Undefined Weak Reference
    __rt_locale                               - Undefined Weak Reference
    __sigvec_lookup                           - Undefined Weak Reference
    _atexit_init                              - Undefined Weak Reference
    _call_atexit_fns                          - Undefined Weak Reference
    _clock_init                               - Undefined Weak Reference
    _fp_trap_init                             - Undefined Weak Reference
    _fp_trap_shutdown                         - Undefined Weak Reference
    _get_lc_collate                           - Undefined Weak Reference
    _get_lc_ctype                             - Undefined Weak Reference
    _get_lc_monetary                          - Undefined Weak Reference
    _get_lc_numeric                           - Undefined Weak Reference
    _get_lc_time                              - Undefined Weak Reference
    _getenv_init                              - Undefined Weak Reference
    _handle_redirection                       - Undefined Weak Reference
    _init_alloc                               - Undefined Weak Reference
    _init_user_alloc                          - Undefined Weak Reference
    _initio                                   - Undefined Weak Reference
    _printf_truncate_signed                   - Undefined Weak Reference
    _printf_truncate_unsigned                 - Undefined Weak Reference
    _rand_init                                - Undefined Weak Reference
    _signal_finish                            - Undefined Weak Reference
    _signal_init                              - Undefined Weak Reference
    _terminate_alloc                          - Undefined Weak Reference
    _terminate_user_alloc                     - Undefined Weak Reference
    _terminateio                              - Undefined Weak Reference
    __Vectors_Size                           0x00000130   Number         0  startup_stm32f103xe.o ABSOLUTE
    __Vectors                                0x08000000   Data           4  startup_stm32f103xe.o(RESET)
    __Vectors_End                            0x08000130   Data           0  startup_stm32f103xe.o(RESET)
    __main                                   0x08000131   Thumb Code     8  __main.o(!!!main)
    __scatterload                            0x08000139   Thumb Code     0  __scatter.o(!!!scatter)
    __scatterload_rt2                        0x08000139   Thumb Code    44  __scatter.o(!!!scatter)
    __scatterload_rt2_thumb_only             0x08000139   Thumb Code     0  __scatter.o(!!!scatter)
    __scatterload_null                       0x08000147   Thumb Code     0  __scatter.o(!!!scatter)
    __scatterload_copy                       0x0800016d   Thumb Code    26  __scatter_copy.o(!!handler_copy)
    __scatterload_zeroinit                   0x08000189   Thumb Code    28  __scatter_zi.o(!!handler_zi)
    _printf_d                                0x080001a5   Thumb Code     0  _printf_d.o(.ARM.Collect$$_printf_percent$$00000009)
    _printf_percent                          0x080001a5   Thumb Code     0  _printf_percent.o(.ARM.Collect$$_printf_percent$$00000000)
    _printf_percent_end                      0x080001ab   Thumb Code     0  _printf_percent_end.o(.ARM.Collect$$_printf_percent$$00000017)
    __rt_lib_init                            0x080001af   Thumb Code     0  libinit.o(.ARM.Collect$$libinit$$00000000)
    __rt_lib_init_alloca_1                   0x080001b1   Thumb Code     0  libinit2.o(.ARM.Collect$$libinit$$0000002E)
    __rt_lib_init_argv_1                     0x080001b1   Thumb Code     0  libinit2.o(.ARM.Collect$$libinit$$0000002C)
    __rt_lib_init_atexit_1                   0x080001b1   Thumb Code     0  libinit2.o(.ARM.Collect$$libinit$$0000001B)
    __rt_lib_init_clock_1                    0x080001b1   Thumb Code     0  libinit2.o(.ARM.Collect$$libinit$$00000021)
    __rt_lib_init_cpp_1                      0x080001b1   Thumb Code     0  libinit2.o(.ARM.Collect$$libinit$$00000032)
    __rt_lib_init_exceptions_1               0x080001b1   Thumb Code     0  libinit2.o(.ARM.Collect$$libinit$$00000030)
    __rt_lib_init_fp_1                       0x080001b1   Thumb Code     0  libinit2.o(.ARM.Collect$$libinit$$00000002)
    __rt_lib_init_fp_trap_1                  0x080001b1   Thumb Code     0  libinit2.o(.ARM.Collect$$libinit$$0000001F)
    __rt_lib_init_getenv_1                   0x080001b1   Thumb Code     0  libinit2.o(.ARM.Collect$$libinit$$00000023)
    __rt_lib_init_heap_1                     0x080001b1   Thumb Code     0  libinit2.o(.ARM.Collect$$libinit$$0000000A)
    __rt_lib_init_lc_collate_1               0x080001b1   Thumb Code     0  libinit2.o(.ARM.Collect$$libinit$$00000011)
    __rt_lib_init_lc_ctype_1                 0x080001b1   Thumb Code     0  libinit2.o(.ARM.Collect$$libinit$$00000013)
    __rt_lib_init_lc_monetary_1              0x080001b1   Thumb Code     0  libinit2.o(.ARM.Collect$$libinit$$00000015)
    __rt_lib_init_lc_numeric_1               0x080001b1   Thumb Code     0  libinit2.o(.ARM.Collect$$libinit$$00000017)
    __rt_lib_init_lc_time_1                  0x080001b1   Thumb Code     0  libinit2.o(.ARM.Collect$$libinit$$00000019)
    __rt_lib_init_preinit_1                  0x080001b1   Thumb Code     0  libinit2.o(.ARM.Collect$$libinit$$00000004)
    __rt_lib_init_rand_1                     0x080001b1   Thumb Code     0  libinit2.o(.ARM.Collect$$libinit$$0000000E)
    __rt_lib_init_return                     0x080001b1   Thumb Code     0  libinit2.o(.ARM.Collect$$libinit$$00000033)
    __rt_lib_init_signal_1                   0x080001b1   Thumb Code     0  libinit2.o(.ARM.Collect$$libinit$$0000001D)
    __rt_lib_init_stdio_1                    0x080001b1   Thumb Code     0  libinit2.o(.ARM.Collect$$libinit$$00000025)
    __rt_lib_init_user_alloc_1               0x080001b1   Thumb Code     0  libinit2.o(.ARM.Collect$$libinit$$0000000C)
    __rt_lib_shutdown                        0x080001b3   Thumb Code     0  libshutdown.o(.ARM.Collect$$libshutdown$$00000000)
    __rt_lib_shutdown_fp_trap_1              0x080001b5   Thumb Code     0  libshutdown2.o(.ARM.Collect$$libshutdown$$00000006)
    __rt_lib_shutdown_heap_1                 0x080001b5   Thumb Code     0  libshutdown2.o(.ARM.Collect$$libshutdown$$0000000E)
    __rt_lib_shutdown_return                 0x080001b5   Thumb Code     0  libshutdown2.o(.ARM.Collect$$libshutdown$$0000000F)
    __rt_lib_shutdown_signal_1               0x080001b5   Thumb Code     0  libshutdown2.o(.ARM.Collect$$libshutdown$$00000009)
    __rt_lib_shutdown_stdio_1                0x080001b5   Thumb Code     0  libshutdown2.o(.ARM.Collect$$libshutdown$$00000003)
    __rt_lib_shutdown_user_alloc_1           0x080001b5   Thumb Code     0  libshutdown2.o(.ARM.Collect$$libshutdown$$0000000B)
    __rt_entry                               0x080001b7   Thumb Code     0  __rtentry.o(.ARM.Collect$$rtentry$$00000000)
    __rt_entry_presh_1                       0x080001b7   Thumb Code     0  __rtentry2.o(.ARM.Collect$$rtentry$$00000002)
    __rt_entry_sh                            0x080001b7   Thumb Code     0  __rtentry4.o(.ARM.Collect$$rtentry$$00000004)
    __rt_entry_li                            0x080001bd   Thumb Code     0  __rtentry2.o(.ARM.Collect$$rtentry$$0000000A)
    __rt_entry_postsh_1                      0x080001bd   Thumb Code     0  __rtentry2.o(.ARM.Collect$$rtentry$$00000009)
    __rt_entry_main                          0x080001c1   Thumb Code     0  __rtentry2.o(.ARM.Collect$$rtentry$$0000000D)
    __rt_entry_postli_1                      0x080001c1   Thumb Code     0  __rtentry2.o(.ARM.Collect$$rtentry$$0000000C)
    __rt_exit                                0x080001c9   Thumb Code     0  rtexit.o(.ARM.Collect$$rtexit$$00000000)
    __rt_exit_ls                             0x080001cb   Thumb Code     0  rtexit2.o(.ARM.Collect$$rtexit$$00000003)
    __rt_exit_prels_1                        0x080001cb   Thumb Code     0  rtexit2.o(.ARM.Collect$$rtexit$$00000002)
    __rt_exit_exit                           0x080001cf   Thumb Code     0  rtexit2.o(.ARM.Collect$$rtexit$$00000004)
    Reset_Handler                            0x080001d5   Thumb Code     8  startup_stm32f103xe.o(.text)
    ADC1_2_IRQHandler                        0x080001ef   Thumb Code     0  startup_stm32f103xe.o(.text)
    ADC3_IRQHandler                          0x080001ef   Thumb Code     0  startup_stm32f103xe.o(.text)
    CAN1_RX1_IRQHandler                      0x080001ef   Thumb Code     0  startup_stm32f103xe.o(.text)
    CAN1_SCE_IRQHandler                      0x080001ef   Thumb Code     0  startup_stm32f103xe.o(.text)
    DMA1_Channel1_IRQHandler                 0x080001ef   Thumb Code     0  startup_stm32f103xe.o(.text)
    DMA1_Channel2_IRQHandler                 0x080001ef   Thumb Code     0  startup_stm32f103xe.o(.text)
    DMA1_Channel3_IRQHandler                 0x080001ef   Thumb Code     0  startup_stm32f103xe.o(.text)
    DMA1_Channel4_IRQHandler                 0x080001ef   Thumb Code     0  startup_stm32f103xe.o(.text)
    DMA1_Channel5_IRQHandler                 0x080001ef   Thumb Code     0  startup_stm32f103xe.o(.text)
    DMA1_Channel6_IRQHandler                 0x080001ef   Thumb Code     0  startup_stm32f103xe.o(.text)
    DMA1_Channel7_IRQHandler                 0x080001ef   Thumb Code     0  startup_stm32f103xe.o(.text)
    DMA2_Channel1_IRQHandler                 0x080001ef   Thumb Code     0  startup_stm32f103xe.o(.text)
    DMA2_Channel2_IRQHandler                 0x080001ef   Thumb Code     0  startup_stm32f103xe.o(.text)
    DMA2_Channel3_IRQHandler                 0x080001ef   Thumb Code     0  startup_stm32f103xe.o(.text)
    DMA2_Channel4_5_IRQHandler               0x080001ef   Thumb Code     0  startup_stm32f103xe.o(.text)
    EXTI0_IRQHandler                         0x080001ef   Thumb Code     0  startup_stm32f103xe.o(.text)
    EXTI15_10_IRQHandler                     0x080001ef   Thumb Code     0  startup_stm32f103xe.o(.text)
    EXTI1_IRQHandler                         0x080001ef   Thumb Code     0  startup_stm32f103xe.o(.text)
    EXTI2_IRQHandler                         0x080001ef   Thumb Code     0  startup_stm32f103xe.o(.text)
    FLASH_IRQHandler                         0x080001ef   Thumb Code     0  startup_stm32f103xe.o(.text)
    FSMC_IRQHandler                          0x080001ef   Thumb Code     0  startup_stm32f103xe.o(.text)
    I2C1_ER_IRQHandler                       0x080001ef   Thumb Code     0  startup_stm32f103xe.o(.text)
    I2C1_EV_IRQHandler                       0x080001ef   Thumb Code     0  startup_stm32f103xe.o(.text)
    I2C2_ER_IRQHandler                       0x080001ef   Thumb Code     0  startup_stm32f103xe.o(.text)
    I2C2_EV_IRQHandler                       0x080001ef   Thumb Code     0  startup_stm32f103xe.o(.text)
    PVD_IRQHandler                           0x080001ef   Thumb Code     0  startup_stm32f103xe.o(.text)
    RTC_Alarm_IRQHandler                     0x080001ef   Thumb Code     0  startup_stm32f103xe.o(.text)
    RTC_IRQHandler                           0x080001ef   Thumb Code     0  startup_stm32f103xe.o(.text)
    SDIO_IRQHandler                          0x080001ef   Thumb Code     0  startup_stm32f103xe.o(.text)
    SPI1_IRQHandler                          0x080001ef   Thumb Code     0  startup_stm32f103xe.o(.text)
    SPI2_IRQHandler                          0x080001ef   Thumb Code     0  startup_stm32f103xe.o(.text)
    SPI3_IRQHandler                          0x080001ef   Thumb Code     0  startup_stm32f103xe.o(.text)
    TAMPER_IRQHandler                        0x080001ef   Thumb Code     0  startup_stm32f103xe.o(.text)
    TIM1_BRK_IRQHandler                      0x080001ef   Thumb Code     0  startup_stm32f103xe.o(.text)
    TIM1_CC_IRQHandler                       0x080001ef   Thumb Code     0  startup_stm32f103xe.o(.text)
    TIM1_TRG_COM_IRQHandler                  0x080001ef   Thumb Code     0  startup_stm32f103xe.o(.text)
    TIM1_UP_IRQHandler                       0x080001ef   Thumb Code     0  startup_stm32f103xe.o(.text)
    TIM3_IRQHandler                          0x080001ef   Thumb Code     0  startup_stm32f103xe.o(.text)
    TIM4_IRQHandler                          0x080001ef   Thumb Code     0  startup_stm32f103xe.o(.text)
    TIM5_IRQHandler                          0x080001ef   Thumb Code     0  startup_stm32f103xe.o(.text)
    TIM6_IRQHandler                          0x080001ef   Thumb Code     0  startup_stm32f103xe.o(.text)
    TIM7_IRQHandler                          0x080001ef   Thumb Code     0  startup_stm32f103xe.o(.text)
    TIM8_BRK_IRQHandler                      0x080001ef   Thumb Code     0  startup_stm32f103xe.o(.text)
    TIM8_CC_IRQHandler                       0x080001ef   Thumb Code     0  startup_stm32f103xe.o(.text)
    TIM8_TRG_COM_IRQHandler                  0x080001ef   Thumb Code     0  startup_stm32f103xe.o(.text)
    TIM8_UP_IRQHandler                       0x080001ef   Thumb Code     0  startup_stm32f103xe.o(.text)
    UART4_IRQHandler                         0x080001ef   Thumb Code     0  startup_stm32f103xe.o(.text)
    UART5_IRQHandler                         0x080001ef   Thumb Code     0  startup_stm32f103xe.o(.text)
    USART1_IRQHandler                        0x080001ef   Thumb Code     0  startup_stm32f103xe.o(.text)
    USART2_IRQHandler                        0x080001ef   Thumb Code     0  startup_stm32f103xe.o(.text)
    USART3_IRQHandler                        0x080001ef   Thumb Code     0  startup_stm32f103xe.o(.text)
    USBWakeUp_IRQHandler                     0x080001ef   Thumb Code     0  startup_stm32f103xe.o(.text)
    USB_HP_CAN1_TX_IRQHandler                0x080001ef   Thumb Code     0  startup_stm32f103xe.o(.text)
    USB_LP_CAN1_RX0_IRQHandler               0x080001ef   Thumb Code     0  startup_stm32f103xe.o(.text)
    WWDG_IRQHandler                          0x080001ef   Thumb Code     0  startup_stm32f103xe.o(.text)
    __user_initial_stackheap                 0x080001f1   Thumb Code     0  startup_stm32f103xe.o(.text)
    __2sprintf                               0x08000215   Thumb Code    34  noretval__2sprintf.o(.text)
    _printf_pre_padding                      0x0800023d   Thumb Code    44  _printf_pad.o(.text)
    _printf_post_padding                     0x08000269   Thumb Code    34  _printf_pad.o(.text)
    _printf_int_dec                          0x0800028d   Thumb Code   104  _printf_dec.o(.text)
    __printf                                 0x08000305   Thumb Code   308  __printf_flags_wp.o(.text)
    __aeabi_memclr4                          0x0800043d   Thumb Code     0  rt_memclr_w.o(.text)
    __aeabi_memclr8                          0x0800043d   Thumb Code     0  rt_memclr_w.o(.text)
    __rt_memclr_w                            0x0800043d   Thumb Code    78  rt_memclr_w.o(.text)
    _memset_w                                0x08000441   Thumb Code     0  rt_memclr_w.o(.text)
    __use_two_region_memory                  0x0800048b   Thumb Code     2  heapauxi.o(.text)
    __rt_heap_escrow$2region                 0x0800048d   Thumb Code     2  heapauxi.o(.text)
    __rt_heap_expand$2region                 0x0800048f   Thumb Code     2  heapauxi.o(.text)
    _printf_int_common                       0x08000491   Thumb Code   178  _printf_intcommon.o(.text)
    _printf_char_common                      0x0800054f   Thumb Code    32  _printf_char_common.o(.text)
    _sputc                                   0x08000575   Thumb Code    10  _sputc.o(.text)
    __user_setup_stackheap                   0x0800057f   Thumb Code    74  sys_stackheap_outer.o(.text)
    exit                                     0x080005c9   Thumb Code    12  exit.o(.text)
    __user_libspace                          0x080005d5   Thumb Code     8  libspace.o(.text)
    __user_perproc_libspace                  0x080005d5   Thumb Code     0  libspace.o(.text)
    __user_perthread_libspace                0x080005d5   Thumb Code     0  libspace.o(.text)
    _sys_exit                                0x080005dd   Thumb Code     8  sys_exit.o(.text)
    __I$use$semihosting                      0x080005e9   Thumb Code     0  use_no_semi.o(.text)
    __use_no_semihosting_swi                 0x080005e9   Thumb Code     2  use_no_semi.o(.text)
    BusFault_Handler                         0x080005eb   Thumb Code     2  stm32f1xx_it.o(i.BusFault_Handler)
    __semihosting_library_function           0x080005eb   Thumb Code     0  indicate_semi.o(.text)
    DebugMon_Handler                         0x080005ed   Thumb Code     2  stm32f1xx_it.o(i.DebugMon_Handler)
    Draw_Circle                              0x080005ef   Thumb Code   204  main.o(i.Draw_Circle)
    EXTI3_IRQHandler                         0x080006bb   Thumb Code     6  stm32f1xx_it.o(i.EXTI3_IRQHandler)
    EXTI4_IRQHandler                         0x080006c1   Thumb Code     6  stm32f1xx_it.o(i.EXTI4_IRQHandler)
    EXTI9_5_IRQHandler                       0x080006c7   Thumb Code    18  stm32f1xx_it.o(i.EXTI9_5_IRQHandler)
    Error_Handler                            0x080006d9   Thumb Code     4  main.o(i.Error_Handler)
    FSMC_NORSRAM_Extended_Timing_Init        0x080006dd   Thumb Code    56  stm32f1xx_ll_fsmc.o(i.FSMC_NORSRAM_Extended_Timing_Init)
    FSMC_NORSRAM_Init                        0x08000719   Thumb Code    98  stm32f1xx_ll_fsmc.o(i.FSMC_NORSRAM_Init)
    FSMC_NORSRAM_Timing_Init                 0x08000781   Thumb Code    56  stm32f1xx_ll_fsmc.o(i.FSMC_NORSRAM_Timing_Init)
    HAL_Delay                                0x080007bd   Thumb Code    32  stm32f1xx_hal.o(i.HAL_Delay)
    HAL_GPIO_EXTI_Callback                   0x08000875   Thumb Code    62  main.o(i.HAL_GPIO_EXTI_Callback)
    HAL_GPIO_EXTI_IRQHandler                 0x080008bd   Thumb Code    18  stm32f1xx_hal_gpio.o(i.HAL_GPIO_EXTI_IRQHandler)
    HAL_GPIO_Init                            0x080008d5   Thumb Code   462  stm32f1xx_hal_gpio.o(i.HAL_GPIO_Init)
    HAL_GPIO_TogglePin                       0x08000acd   Thumb Code    16  stm32f1xx_hal_gpio.o(i.HAL_GPIO_TogglePin)
    HAL_GPIO_WritePin                        0x08000add   Thumb Code    10  stm32f1xx_hal_gpio.o(i.HAL_GPIO_WritePin)
    HAL_GetTick                              0x08000ae9   Thumb Code     6  stm32f1xx_hal.o(i.HAL_GetTick)
    HAL_IncTick                              0x08000af5   Thumb Code    12  stm32f1xx_hal.o(i.HAL_IncTick)
    HAL_Init                                 0x08000b05   Thumb Code    32  stm32f1xx_hal.o(i.HAL_Init)
    HAL_InitTick                             0x08000b29   Thumb Code    54  stm32f1xx_hal.o(i.HAL_InitTick)
    HAL_MspInit                              0x08000b69   Thumb Code    64  stm32f1xx_hal_msp.o(i.HAL_MspInit)
    HAL_NVIC_EnableIRQ                       0x08000bb1   Thumb Code    26  stm32f1xx_hal_cortex.o(i.HAL_NVIC_EnableIRQ)
    HAL_NVIC_SetPriority                     0x08000bcd   Thumb Code    60  stm32f1xx_hal_cortex.o(i.HAL_NVIC_SetPriority)
    HAL_NVIC_SetPriorityGrouping             0x08000c0d   Thumb Code    26  stm32f1xx_hal_cortex.o(i.HAL_NVIC_SetPriorityGrouping)
    HAL_RCC_ClockConfig                      0x08000c31   Thumb Code   280  stm32f1xx_hal_rcc.o(i.HAL_RCC_ClockConfig)
    HAL_RCC_GetSysClockFreq                  0x08000d5d   Thumb Code    58  stm32f1xx_hal_rcc.o(i.HAL_RCC_GetSysClockFreq)
    HAL_RCC_OscConfig                        0x08000da9   Thumb Code   778  stm32f1xx_hal_rcc.o(i.HAL_RCC_OscConfig)
    HAL_SRAM_Init                            0x080010c9   Thumb Code   100  stm32f1xx_hal_sram.o(i.HAL_SRAM_Init)
    HAL_SRAM_MspInit                         0x0800112d   Thumb Code     4  fsmc.o(i.HAL_SRAM_MspInit)
    HAL_SYSTICK_Config                       0x08001131   Thumb Code    40  stm32f1xx_hal_cortex.o(i.HAL_SYSTICK_Config)
    HAL_TIMEx_BreakCallback                  0x08001159   Thumb Code     2  stm32f1xx_hal_tim_ex.o(i.HAL_TIMEx_BreakCallback)
    HAL_TIMEx_CommutCallback                 0x0800115b   Thumb Code     2  stm32f1xx_hal_tim_ex.o(i.HAL_TIMEx_CommutCallback)
    HAL_TIMEx_ConfigBreakDeadTime            0x0800115d   Thumb Code    84  stm32f1xx_hal_tim_ex.o(i.HAL_TIMEx_ConfigBreakDeadTime)
    HAL_TIMEx_MasterConfigSynchronization    0x080011b1   Thumb Code   104  stm32f1xx_hal_tim_ex.o(i.HAL_TIMEx_MasterConfigSynchronization)
    HAL_TIM_Base_Init                        0x0800122d   Thumb Code    90  stm32f1xx_hal_tim.o(i.HAL_TIM_Base_Init)
    HAL_TIM_Base_MspInit                     0x08001289   Thumb Code    72  tim.o(i.HAL_TIM_Base_MspInit)
    HAL_TIM_Base_Start_IT                    0x080012d9   Thumb Code    88  stm32f1xx_hal_tim.o(i.HAL_TIM_Base_Start_IT)
    HAL_TIM_Base_Stop                        0x08001345   Thumb Code    38  stm32f1xx_hal_tim.o(i.HAL_TIM_Base_Stop)
    HAL_TIM_Base_Stop_IT                     0x0800136b   Thumb Code    48  stm32f1xx_hal_tim.o(i.HAL_TIM_Base_Stop_IT)
    HAL_TIM_ConfigClockSource                0x0800139b   Thumb Code   220  stm32f1xx_hal_tim.o(i.HAL_TIM_ConfigClockSource)
    HAL_TIM_IC_CaptureCallback               0x08001477   Thumb Code     2  stm32f1xx_hal_tim.o(i.HAL_TIM_IC_CaptureCallback)
    HAL_TIM_IRQHandler                       0x08001479   Thumb Code   304  stm32f1xx_hal_tim.o(i.HAL_TIM_IRQHandler)
    HAL_TIM_MspPostInit                      0x080015a9   Thumb Code    64  tim.o(i.HAL_TIM_MspPostInit)
    HAL_TIM_OC_DelayElapsedCallback          0x080015f5   Thumb Code     2  stm32f1xx_hal_tim.o(i.HAL_TIM_OC_DelayElapsedCallback)
    HAL_TIM_PWM_ConfigChannel                0x080015f7   Thumb Code   204  stm32f1xx_hal_tim.o(i.HAL_TIM_PWM_ConfigChannel)
    HAL_TIM_PWM_Init                         0x080016c3   Thumb Code    90  stm32f1xx_hal_tim.o(i.HAL_TIM_PWM_Init)
    HAL_TIM_PWM_MspInit                      0x0800171d   Thumb Code     2  stm32f1xx_hal_tim.o(i.HAL_TIM_PWM_MspInit)
    HAL_TIM_PWM_PulseFinishedCallback        0x0800171f   Thumb Code     2  stm32f1xx_hal_tim.o(i.HAL_TIM_PWM_PulseFinishedCallback)
    HAL_TIM_PWM_Start                        0x08001721   Thumb Code   160  stm32f1xx_hal_tim.o(i.HAL_TIM_PWM_Start)
    HAL_TIM_PWM_Stop                         0x080017d5   Thumb Code   114  stm32f1xx_hal_tim.o(i.HAL_TIM_PWM_Stop)
    HAL_TIM_PeriodElapsedCallback            0x08001851   Thumb Code   644  main.o(i.HAL_TIM_PeriodElapsedCallback)
    HAL_TIM_TriggerCallback                  0x08001afd   Thumb Code     2  stm32f1xx_hal_tim.o(i.HAL_TIM_TriggerCallback)
    HardFault_Handler                        0x08001aff   Thumb Code     2  stm32f1xx_it.o(i.HardFault_Handler)
    LCD_Clear                                0x08001b01   Thumb Code    42  main.o(i.LCD_Clear)
    LCD_DrawLine                             0x08001b31   Thumb Code   158  main.o(i.LCD_DrawLine)
    LCD_DrawRectangle                        0x08001bd5   Thumb Code    56  main.o(i.LCD_DrawRectangle)
    LCD_Fill                                 0x08001c0d   Thumb Code    72  main.o(i.LCD_Fill)
    LCD_Init                                 0x08001c59   Thumb Code   382  main.o(i.LCD_Init)
    LCD_PutPixel                             0x08001ddd   Thumb Code    26  main.o(i.LCD_PutPixel)
    LCD_ReadReg                              0x08001dfd   Thumb Code    20  main.o(i.LCD_ReadReg)
    LCD_SetCursor                            0x08001e15   Thumb Code    42  main.o(i.LCD_SetCursor)
    LCD_ShowChar                             0x08001e41   Thumb Code   274  main.o(i.LCD_ShowChar)
    LCD_ShowString                           0x08001f61   Thumb Code    94  main.o(i.LCD_ShowString)
    LCD_Show_Image                           0x08001fbf   Thumb Code    82  main.o(i.LCD_Show_Image)
    LCD_Window                               0x08002011   Thumb Code    84  main.o(i.LCD_Window)
    LCD_WindowMax                            0x08002065   Thumb Code    14  main.o(i.LCD_WindowMax)
    LCD_WriteReg                             0x08002075   Thumb Code    10  main.o(i.LCD_WriteReg)
    MX_FSMC_Init                             0x08002085   Thumb Code   108  fsmc.o(i.MX_FSMC_Init)
    MX_GPIO_Init                             0x080020fd   Thumb Code   214  gpio.o(i.MX_GPIO_Init)
    MX_TIM1_Init                             0x080021e5   Thumb Code   192  tim.o(i.MX_TIM1_Init)
    MX_TIM2_Init                             0x080022ad   Thumb Code    94  tim.o(i.MX_TIM2_Init)
    MemManage_Handler                        0x08002311   Thumb Code     2  stm32f1xx_it.o(i.MemManage_Handler)
    NMI_Handler                              0x08002313   Thumb Code     2  stm32f1xx_it.o(i.NMI_Handler)
    PendSV_Handler                           0x08002315   Thumb Code     2  stm32f1xx_it.o(i.PendSV_Handler)
    RCC_IRQHandler                           0x08002317   Thumb Code     2  stm32f1xx_it.o(i.RCC_IRQHandler)
    SVC_Handler                              0x08002319   Thumb Code     2  stm32f1xx_it.o(i.SVC_Handler)
    SysTick_Handler                          0x0800231b   Thumb Code     4  stm32f1xx_it.o(i.SysTick_Handler)
    SystemClock_Config                       0x0800231f   Thumb Code    94  main.o(i.SystemClock_Config)
    SystemInit                               0x0800237d   Thumb Code     2  system_stm32f1xx.o(i.SystemInit)
    TIM2_IRQHandler                          0x08002381   Thumb Code     6  stm32f1xx_it.o(i.TIM2_IRQHandler)
    TIM_Base_SetConfig                       0x0800238d   Thumb Code   134  stm32f1xx_hal_tim.o(i.TIM_Base_SetConfig)
    TIM_CCxChannelCmd                        0x08002429   Thumb Code    26  stm32f1xx_hal_tim.o(i.TIM_CCxChannelCmd)
    TIM_ETR_SetConfig                        0x08002443   Thumb Code    20  stm32f1xx_hal_tim.o(i.TIM_ETR_SetConfig)
    TIM_OC2_SetConfig                        0x080024c9   Thumb Code    98  stm32f1xx_hal_tim.o(i.TIM_OC2_SetConfig)
    UsageFault_Handler                       0x08002633   Thumb Code     2  stm32f1xx_it.o(i.UsageFault_Handler)
    _is_digit                                0x08002655   Thumb Code    14  __printf_wp.o(i._is_digit)
    change_color                             0x08002665   Thumb Code   138  main.o(i.change_color)
    delayms                                  0x080026f5   Thumb Code    22  main.o(i.delayms)
    main                                     0x0800270d   Thumb Code  6460  main.o(i.main)
    wr_reg                                   0x08004055   Thumb Code    10  main.o(i.wr_reg)
    __aeabi_d2f                              0x08004065   Thumb Code     0  d2f.o(x$fpl$d2f)
    _d2f                                     0x08004065   Thumb Code    98  d2f.o(x$fpl$d2f)
    __aeabi_dadd                             0x080040c9   Thumb Code     0  daddsub_clz.o(x$fpl$dadd)
    _dadd                                    0x080040c9   Thumb Code   332  daddsub_clz.o(x$fpl$dadd)
    __fpl_dcmp_Inf                           0x08004219   Thumb Code    24  dcmpi.o(x$fpl$dcmpinf)
    __aeabi_i2d                              0x08004231   Thumb Code     0  dflt_clz.o(x$fpl$dflt)
    _dflt                                    0x08004231   Thumb Code    46  dflt_clz.o(x$fpl$dflt)
    __aeabi_cdcmple                          0x08004261   Thumb Code     0  dleqf.o(x$fpl$dleqf)
    _dcmple                                  0x08004261   Thumb Code   120  dleqf.o(x$fpl$dleqf)
    __fpl_dcmple_InfNaN                      0x080042c3   Thumb Code     0  dleqf.o(x$fpl$dleqf)
    __aeabi_dmul                             0x080042d9   Thumb Code     0  dmul.o(x$fpl$dmul)
    _dmul                                    0x080042d9   Thumb Code   332  dmul.o(x$fpl$dmul)
    __fpl_dnaninf                            0x0800442d   Thumb Code   156  dnaninf.o(x$fpl$dnaninf)
    __fpl_dretinf                            0x080044c9   Thumb Code    12  dretinf.o(x$fpl$dretinf)
    __aeabi_cdrcmple                         0x080044d5   Thumb Code     0  drleqf.o(x$fpl$drleqf)
    _drcmple                                 0x080044d5   Thumb Code   108  drleqf.o(x$fpl$drleqf)
    __aeabi_dsub                             0x08004541   Thumb Code     0  daddsub_clz.o(x$fpl$dsub)
    _dsub                                    0x08004541   Thumb Code   464  daddsub_clz.o(x$fpl$dsub)
    __aeabi_fdiv                             0x08004715   Thumb Code     0  fdiv.o(x$fpl$fdiv)
    _fdiv                                    0x08004715   Thumb Code   384  fdiv.o(x$fpl$fdiv)
    __aeabi_f2uiz                            0x08004899   Thumb Code     0  ffixu.o(x$fpl$ffixu)
    _ffixu                                   0x08004899   Thumb Code    62  ffixu.o(x$fpl$ffixu)
    __aeabi_ui2f                             0x080048d9   Thumb Code     0  fflt_clz.o(x$fpl$ffltu)
    _ffltu                                   0x080048d9   Thumb Code    38  fflt_clz.o(x$fpl$ffltu)
    __aeabi_fmul                             0x08004901   Thumb Code     0  fmul.o(x$fpl$fmul)
    _fmul                                    0x08004901   Thumb Code   258  fmul.o(x$fpl$fmul)
    __fpl_fnaninf                            0x08004a03   Thumb Code   140  fnaninf.o(x$fpl$fnaninf)
    __fpl_fretinf                            0x08004a8f   Thumb Code    10  fretinf.o(x$fpl$fretinf)
    Restart                                  0x08004a98   Data        5000  main.o(.constdata)
    __I$use$fp                               0x08004a98   Number         0  usenofp.o(x$fpl$usenofp)
    pause                                    0x08005e20   Data        5000  main.o(.constdata)
    play                                     0x080071a8   Data        5000  main.o(.constdata)
    set_time                                 0x08008530   Data        5000  main.o(.constdata)
    behesht                                  0x080098b8   Data       20000  main.o(.constdata)
    AHBPrescTable                            0x08010792   Data          16  system_stm32f1xx.o(.constdata)
    Region$$Table$$Base                      0x080107b4   Number         0  anon$$obj.o(Region$$Table)
    Region$$Table$$Limit                     0x080107d4   Number         0  anon$$obj.o(Region$$Table)
    mode_timer                               0x20000000   Data           1  main.o(.data)
    POINT_COLOR                              0x20000002   Data           2  main.o(.data)
    BACK_COLOR                               0x20000004   Data           2  main.o(.data)
    menu                                     0x20000008   Data           4  main.o(.data)
    displayedPassword                        0x2000000c   Data           4  main.o(.data)
    index_in                                 0x20000010   Data           4  main.o(.data)
    duty                                     0x20000014   Data           4  main.o(.data)
    values                                   0x20000018   Data          40  main.o(.data)
    password                                 0x20000040   Data          16  main.o(.data)
    uwTickFreq                               0x20000058   Data           1  stm32f1xx_hal.o(.data)
    uwTickPrio                               0x2000005c   Data           4  stm32f1xx_hal.o(.data)
    uwTick                                   0x20000060   Data           4  stm32f1xx_hal.o(.data)
    SystemCoreClock                          0x20000064   Data           4  system_stm32f1xx.o(.data)
    time                                     0x20000068   Data          16  main.o(.bss)
    lcddev                                   0x20000078   Data          10  main.o(.bss)
    pass_in                                  0x20000084   Data          16  main.o(.bss)
    hsram1                                   0x20000094   Data          72  fsmc.o(.bss)
    htim1                                    0x200000dc   Data          72  tim.o(.bss)
    htim2                                    0x20000124   Data          72  tim.o(.bss)
    __libspace_start                         0x2000016c   Data          96  libspace.o(.bss)
    __temporary_stack_top$libspace           0x200001cc   Data           0  libspace.o(.bss)



==============================================================================

Memory Map of the image

  Image Entry point : 0x08000131

  Load Region LR_IROM1 (Base: 0x08000000, Size: 0x0001083c, Max: 0x00080000, ABSOLUTE)

    Execution Region ER_IROM1 (Base: 0x08000000, Size: 0x000107d4, Max: 0x00080000, ABSOLUTE)

    Base Addr    Size         Type   Attr      Idx    E Section Name        Object

    0x08000000   0x00000130   Data   RO            3    RESET               startup_stm32f103xe.o
    0x08000130   0x00000008   Code   RO         2961  * !!!main             c_w.l(__main.o)
    0x08000138   0x00000034   Code   RO         3173    !!!scatter          c_w.l(__scatter.o)
    0x0800016c   0x0000001a   Code   RO         3175    !!handler_copy      c_w.l(__scatter_copy.o)
    0x08000186   0x00000002   PAD
    0x08000188   0x0000001c   Code   RO         3177    !!handler_zi        c_w.l(__scatter_zi.o)
    0x080001a4   0x00000000   Code   RO         2956    .ARM.Collect$$_printf_percent$$00000000  c_w.l(_printf_percent.o)
    0x080001a4   0x00000006   Code   RO         2955    .ARM.Collect$$_printf_percent$$00000009  c_w.l(_printf_d.o)
    0x080001aa   0x00000004   Code   RO         3006    .ARM.Collect$$_printf_percent$$00000017  c_w.l(_printf_percent_end.o)
    0x080001ae   0x00000002   Code   RO         3044    .ARM.Collect$$libinit$$00000000  c_w.l(libinit.o)
    0x080001b0   0x00000000   Code   RO         3051    .ARM.Collect$$libinit$$00000002  c_w.l(libinit2.o)
    0x080001b0   0x00000000   Code   RO         3053    .ARM.Collect$$libinit$$00000004  c_w.l(libinit2.o)
    0x080001b0   0x00000000   Code   RO         3056    .ARM.Collect$$libinit$$0000000A  c_w.l(libinit2.o)
    0x080001b0   0x00000000   Code   RO         3058    .ARM.Collect$$libinit$$0000000C  c_w.l(libinit2.o)
    0x080001b0   0x00000000   Code   RO         3060    .ARM.Collect$$libinit$$0000000E  c_w.l(libinit2.o)
    0x080001b0   0x00000000   Code   RO         3063    .ARM.Collect$$libinit$$00000011  c_w.l(libinit2.o)
    0x080001b0   0x00000000   Code   RO         3065    .ARM.Collect$$libinit$$00000013  c_w.l(libinit2.o)
    0x080001b0   0x00000000   Code   RO         3067    .ARM.Collect$$libinit$$00000015  c_w.l(libinit2.o)
    0x080001b0   0x00000000   Code   RO         3069    .ARM.Collect$$libinit$$00000017  c_w.l(libinit2.o)
    0x080001b0   0x00000000   Code   RO         3071    .ARM.Collect$$libinit$$00000019  c_w.l(libinit2.o)
    0x080001b0   0x00000000   Code   RO         3073    .ARM.Collect$$libinit$$0000001B  c_w.l(libinit2.o)
    0x080001b0   0x00000000   Code   RO         3075    .ARM.Collect$$libinit$$0000001D  c_w.l(libinit2.o)
    0x080001b0   0x00000000   Code   RO         3077    .ARM.Collect$$libinit$$0000001F  c_w.l(libinit2.o)
    0x080001b0   0x00000000   Code   RO         3079    .ARM.Collect$$libinit$$00000021  c_w.l(libinit2.o)
    0x080001b0   0x00000000   Code   RO         3081    .ARM.Collect$$libinit$$00000023  c_w.l(libinit2.o)
    0x080001b0   0x00000000   Code   RO         3083    .ARM.Collect$$libinit$$00000025  c_w.l(libinit2.o)
    0x080001b0   0x00000000   Code   RO         3087    .ARM.Collect$$libinit$$0000002C  c_w.l(libinit2.o)
    0x080001b0   0x00000000   Code   RO         3089    .ARM.Collect$$libinit$$0000002E  c_w.l(libinit2.o)
    0x080001b0   0x00000000   Code   RO         3091    .ARM.Collect$$libinit$$00000030  c_w.l(libinit2.o)
    0x080001b0   0x00000000   Code   RO         3093    .ARM.Collect$$libinit$$00000032  c_w.l(libinit2.o)
    0x080001b0   0x00000002   Code   RO         3094    .ARM.Collect$$libinit$$00000033  c_w.l(libinit2.o)
    0x080001b2   0x00000002   Code   RO         3114    .ARM.Collect$$libshutdown$$00000000  c_w.l(libshutdown.o)
    0x080001b4   0x00000000   Code   RO         3128    .ARM.Collect$$libshutdown$$00000003  c_w.l(libshutdown2.o)
    0x080001b4   0x00000000   Code   RO         3131    .ARM.Collect$$libshutdown$$00000006  c_w.l(libshutdown2.o)
    0x080001b4   0x00000000   Code   RO         3134    .ARM.Collect$$libshutdown$$00000009  c_w.l(libshutdown2.o)
    0x080001b4   0x00000000   Code   RO         3136    .ARM.Collect$$libshutdown$$0000000B  c_w.l(libshutdown2.o)
    0x080001b4   0x00000000   Code   RO         3139    .ARM.Collect$$libshutdown$$0000000E  c_w.l(libshutdown2.o)
    0x080001b4   0x00000002   Code   RO         3140    .ARM.Collect$$libshutdown$$0000000F  c_w.l(libshutdown2.o)
    0x080001b6   0x00000000   Code   RO         2999    .ARM.Collect$$rtentry$$00000000  c_w.l(__rtentry.o)
    0x080001b6   0x00000000   Code   RO         3019    .ARM.Collect$$rtentry$$00000002  c_w.l(__rtentry2.o)
    0x080001b6   0x00000006   Code   RO         3031    .ARM.Collect$$rtentry$$00000004  c_w.l(__rtentry4.o)
    0x080001bc   0x00000000   Code   RO         3021    .ARM.Collect$$rtentry$$00000009  c_w.l(__rtentry2.o)
    0x080001bc   0x00000004   Code   RO         3022    .ARM.Collect$$rtentry$$0000000A  c_w.l(__rtentry2.o)
    0x080001c0   0x00000000   Code   RO         3024    .ARM.Collect$$rtentry$$0000000C  c_w.l(__rtentry2.o)
    0x080001c0   0x00000008   Code   RO         3025    .ARM.Collect$$rtentry$$0000000D  c_w.l(__rtentry2.o)
    0x080001c8   0x00000002   Code   RO         3048    .ARM.Collect$$rtexit$$00000000  c_w.l(rtexit.o)
    0x080001ca   0x00000000   Code   RO         3096    .ARM.Collect$$rtexit$$00000002  c_w.l(rtexit2.o)
    0x080001ca   0x00000004   Code   RO         3097    .ARM.Collect$$rtexit$$00000003  c_w.l(rtexit2.o)
    0x080001ce   0x00000006   Code   RO         3098    .ARM.Collect$$rtexit$$00000004  c_w.l(rtexit2.o)
    0x080001d4   0x00000040   Code   RO            4    .text               startup_stm32f103xe.o
    0x08000214   0x00000028   Code   RO         2927    .text               c_w.l(noretval__2sprintf.o)
    0x0800023c   0x0000004e   Code   RO         2931    .text               c_w.l(_printf_pad.o)
    0x0800028a   0x00000002   PAD
    0x0800028c   0x00000078   Code   RO         2933    .text               c_w.l(_printf_dec.o)
    0x08000304   0x00000138   Code   RO         2947    .text               c_w.l(__printf_flags_wp.o)
    0x0800043c   0x0000004e   Code   RO         2957    .text               c_w.l(rt_memclr_w.o)
    0x0800048a   0x00000006   Code   RO         2959    .text               c_w.l(heapauxi.o)
    0x08000490   0x000000b2   Code   RO         3000    .text               c_w.l(_printf_intcommon.o)
    0x08000542   0x00000002   PAD
    0x08000544   0x00000030   Code   RO         3002    .text               c_w.l(_printf_char_common.o)
    0x08000574   0x0000000a   Code   RO         3004    .text               c_w.l(_sputc.o)
    0x0800057e   0x0000004a   Code   RO         3035    .text               c_w.l(sys_stackheap_outer.o)
    0x080005c8   0x0000000c   Code   RO         3037    .text               c_w.l(exit.o)
    0x080005d4   0x00000008   Code   RO         3045    .text               c_w.l(libspace.o)
    0x080005dc   0x0000000c   Code   RO         3106    .text               c_w.l(sys_exit.o)
    0x080005e8   0x00000002   Code   RO         3117    .text               c_w.l(use_no_semi.o)
    0x080005ea   0x00000000   Code   RO         3119    .text               c_w.l(indicate_semi.o)
    0x080005ea   0x00000002   Code   RO          455    i.BusFault_Handler  stm32f1xx_it.o
    0x080005ec   0x00000002   Code   RO          456    i.DebugMon_Handler  stm32f1xx_it.o
    0x080005ee   0x000000cc   Code   RO           13    i.Draw_Circle       main.o
    0x080006ba   0x00000006   Code   RO          457    i.EXTI3_IRQHandler  stm32f1xx_it.o
    0x080006c0   0x00000006   Code   RO          458    i.EXTI4_IRQHandler  stm32f1xx_it.o
    0x080006c6   0x00000012   Code   RO          459    i.EXTI9_5_IRQHandler  stm32f1xx_it.o
    0x080006d8   0x00000004   Code   RO           14    i.Error_Handler     main.o
    0x080006dc   0x0000003c   Code   RO          629    i.FSMC_NORSRAM_Extended_Timing_Init  stm32f1xx_ll_fsmc.o
    0x08000718   0x00000068   Code   RO          630    i.FSMC_NORSRAM_Init  stm32f1xx_ll_fsmc.o
    0x08000780   0x0000003c   Code   RO          631    i.FSMC_NORSRAM_Timing_Init  stm32f1xx_ll_fsmc.o
    0x080007bc   0x00000024   Code   RO          943    i.HAL_Delay         stm32f1xx_hal.o
    0x080007e0   0x00000094   Code   RO          353    i.HAL_FSMC_MspInit  fsmc.o
    0x08000874   0x00000048   Code   RO           15    i.HAL_GPIO_EXTI_Callback  main.o
    0x080008bc   0x00000018   Code   RO         1252    i.HAL_GPIO_EXTI_IRQHandler  stm32f1xx_hal_gpio.o
    0x080008d4   0x000001f8   Code   RO         1253    i.HAL_GPIO_Init     stm32f1xx_hal_gpio.o
    0x08000acc   0x00000010   Code   RO         1256    i.HAL_GPIO_TogglePin  stm32f1xx_hal_gpio.o
    0x08000adc   0x0000000a   Code   RO         1257    i.HAL_GPIO_WritePin  stm32f1xx_hal_gpio.o
    0x08000ae6   0x00000002   PAD
    0x08000ae8   0x0000000c   Code   RO          947    i.HAL_GetTick       stm32f1xx_hal.o
    0x08000af4   0x00000010   Code   RO          953    i.HAL_IncTick       stm32f1xx_hal.o
    0x08000b04   0x00000024   Code   RO          954    i.HAL_Init          stm32f1xx_hal.o
    0x08000b28   0x00000040   Code   RO          955    i.HAL_InitTick      stm32f1xx_hal.o
    0x08000b68   0x00000048   Code   RO          561    i.HAL_MspInit       stm32f1xx_hal_msp.o
    0x08000bb0   0x0000001a   Code   RO         1413    i.HAL_NVIC_EnableIRQ  stm32f1xx_hal_cortex.o
    0x08000bca   0x00000002   PAD
    0x08000bcc   0x00000040   Code   RO         1419    i.HAL_NVIC_SetPriority  stm32f1xx_hal_cortex.o
    0x08000c0c   0x00000024   Code   RO         1420    i.HAL_NVIC_SetPriorityGrouping  stm32f1xx_hal_cortex.o
    0x08000c30   0x0000012c   Code   RO         1111    i.HAL_RCC_ClockConfig  stm32f1xx_hal_rcc.o
    0x08000d5c   0x0000004c   Code   RO         1120    i.HAL_RCC_GetSysClockFreq  stm32f1xx_hal_rcc.o
    0x08000da8   0x00000320   Code   RO         1123    i.HAL_RCC_OscConfig  stm32f1xx_hal_rcc.o
    0x080010c8   0x00000064   Code   RO          769    i.HAL_SRAM_Init     stm32f1xx_hal_sram.o
    0x0800112c   0x00000004   Code   RO          355    i.HAL_SRAM_MspInit  fsmc.o
    0x08001130   0x00000028   Code   RO         1424    i.HAL_SYSTICK_Config  stm32f1xx_hal_cortex.o
    0x08001158   0x00000002   Code   RO         2619    i.HAL_TIMEx_BreakCallback  stm32f1xx_hal_tim_ex.o
    0x0800115a   0x00000002   Code   RO         2620    i.HAL_TIMEx_CommutCallback  stm32f1xx_hal_tim_ex.o
    0x0800115c   0x00000054   Code   RO         2622    i.HAL_TIMEx_ConfigBreakDeadTime  stm32f1xx_hal_tim_ex.o
    0x080011b0   0x0000007c   Code   RO         2638    i.HAL_TIMEx_MasterConfigSynchronization  stm32f1xx_hal_tim_ex.o
    0x0800122c   0x0000005a   Code   RO         1915    i.HAL_TIM_Base_Init  stm32f1xx_hal_tim.o
    0x08001286   0x00000002   PAD
    0x08001288   0x00000050   Code   RO          402    i.HAL_TIM_Base_MspInit  tim.o
    0x080012d8   0x0000006c   Code   RO         1920    i.HAL_TIM_Base_Start_IT  stm32f1xx_hal_tim.o
    0x08001344   0x00000026   Code   RO         1921    i.HAL_TIM_Base_Stop  stm32f1xx_hal_tim.o
    0x0800136a   0x00000030   Code   RO         1923    i.HAL_TIM_Base_Stop_IT  stm32f1xx_hal_tim.o
    0x0800139a   0x000000dc   Code   RO         1924    i.HAL_TIM_ConfigClockSource  stm32f1xx_hal_tim.o
    0x08001476   0x00000002   Code   RO         1949    i.HAL_TIM_IC_CaptureCallback  stm32f1xx_hal_tim.o
    0x08001478   0x00000130   Code   RO         1963    i.HAL_TIM_IRQHandler  stm32f1xx_hal_tim.o
    0x080015a8   0x0000004c   Code   RO          403    i.HAL_TIM_MspPostInit  tim.o
    0x080015f4   0x00000002   Code   RO         1966    i.HAL_TIM_OC_DelayElapsedCallback  stm32f1xx_hal_tim.o
    0x080015f6   0x000000cc   Code   RO         1987    i.HAL_TIM_PWM_ConfigChannel  stm32f1xx_hal_tim.o
    0x080016c2   0x0000005a   Code   RO         1990    i.HAL_TIM_PWM_Init  stm32f1xx_hal_tim.o
    0x0800171c   0x00000002   Code   RO         1992    i.HAL_TIM_PWM_MspInit  stm32f1xx_hal_tim.o
    0x0800171e   0x00000002   Code   RO         1993    i.HAL_TIM_PWM_PulseFinishedCallback  stm32f1xx_hal_tim.o
    0x08001720   0x000000b4   Code   RO         1995    i.HAL_TIM_PWM_Start  stm32f1xx_hal_tim.o
    0x080017d4   0x0000007c   Code   RO         1998    i.HAL_TIM_PWM_Stop  stm32f1xx_hal_tim.o
    0x08001850   0x000002ac   Code   RO           16    i.HAL_TIM_PeriodElapsedCallback  main.o
    0x08001afc   0x00000002   Code   RO         2006    i.HAL_TIM_TriggerCallback  stm32f1xx_hal_tim.o
    0x08001afe   0x00000002   Code   RO          460    i.HardFault_Handler  stm32f1xx_it.o
    0x08001b00   0x00000030   Code   RO           17    i.LCD_Clear         main.o
    0x08001b30   0x000000a4   Code   RO           18    i.LCD_DrawLine      main.o
    0x08001bd4   0x00000038   Code   RO           19    i.LCD_DrawRectangle  main.o
    0x08001c0c   0x0000004c   Code   RO           20    i.LCD_Fill          main.o
    0x08001c58   0x00000184   Code   RO           21    i.LCD_Init          main.o
    0x08001ddc   0x00000020   Code   RO           22    i.LCD_PutPixel      main.o
    0x08001dfc   0x00000018   Code   RO           24    i.LCD_ReadReg       main.o
    0x08001e14   0x0000002a   Code   RO           26    i.LCD_SetCursor     main.o
    0x08001e3e   0x00000002   PAD
    0x08001e40   0x00000120   Code   RO           27    i.LCD_ShowChar      main.o
    0x08001f60   0x0000005e   Code   RO           28    i.LCD_ShowString    main.o
    0x08001fbe   0x00000052   Code   RO           29    i.LCD_Show_Image    main.o
    0x08002010   0x00000054   Code   RO           32    i.LCD_Window        main.o
    0x08002064   0x0000000e   Code   RO           33    i.LCD_WindowMax     main.o
    0x08002072   0x00000002   PAD
    0x08002074   0x00000010   Code   RO           36    i.LCD_WriteReg      main.o
    0x08002084   0x00000078   Code   RO          356    i.MX_FSMC_Init      fsmc.o
    0x080020fc   0x000000e8   Code   RO          329    i.MX_GPIO_Init      gpio.o
    0x080021e4   0x000000c8   Code   RO          404    i.MX_TIM1_Init      tim.o
    0x080022ac   0x00000064   Code   RO          405    i.MX_TIM2_Init      tim.o
    0x08002310   0x00000002   Code   RO          461    i.MemManage_Handler  stm32f1xx_it.o
    0x08002312   0x00000002   Code   RO          462    i.NMI_Handler       stm32f1xx_it.o
    0x08002314   0x00000002   Code   RO          463    i.PendSV_Handler    stm32f1xx_it.o
    0x08002316   0x00000002   Code   RO          464    i.RCC_IRQHandler    stm32f1xx_it.o
    0x08002318   0x00000002   Code   RO          465    i.SVC_Handler       stm32f1xx_it.o
    0x0800231a   0x00000004   Code   RO          466    i.SysTick_Handler   stm32f1xx_it.o
    0x0800231e   0x0000005e   Code   RO           37    i.SystemClock_Config  main.o
    0x0800237c   0x00000002   Code   RO         2887    i.SystemInit        system_stm32f1xx.o
    0x0800237e   0x00000002   PAD
    0x08002380   0x0000000c   Code   RO          467    i.TIM2_IRQHandler   stm32f1xx_it.o
    0x0800238c   0x0000009c   Code   RO         2008    i.TIM_Base_SetConfig  stm32f1xx_hal_tim.o
    0x08002428   0x0000001a   Code   RO         2009    i.TIM_CCxChannelCmd  stm32f1xx_hal_tim.o
    0x08002442   0x00000014   Code   RO         2019    i.TIM_ETR_SetConfig  stm32f1xx_hal_tim.o
    0x08002456   0x00000010   Code   RO         2020    i.TIM_ITRx_SetConfig  stm32f1xx_hal_tim.o
    0x08002466   0x00000002   PAD
    0x08002468   0x00000060   Code   RO         2021    i.TIM_OC1_SetConfig  stm32f1xx_hal_tim.o
    0x080024c8   0x0000006c   Code   RO         2022    i.TIM_OC2_SetConfig  stm32f1xx_hal_tim.o
    0x08002534   0x00000068   Code   RO         2023    i.TIM_OC3_SetConfig  stm32f1xx_hal_tim.o
    0x0800259c   0x00000050   Code   RO         2024    i.TIM_OC4_SetConfig  stm32f1xx_hal_tim.o
    0x080025ec   0x00000022   Code   RO         2026    i.TIM_TI1_ConfigInputStage  stm32f1xx_hal_tim.o
    0x0800260e   0x00000024   Code   RO         2028    i.TIM_TI2_ConfigInputStage  stm32f1xx_hal_tim.o
    0x08002632   0x00000002   Code   RO          468    i.UsageFault_Handler  stm32f1xx_it.o
    0x08002634   0x00000020   Code   RO         1426    i.__NVIC_SetPriority  stm32f1xx_hal_cortex.o
    0x08002654   0x0000000e   Code   RO         2945    i._is_digit         c_w.l(__printf_wp.o)
    0x08002662   0x00000002   PAD
    0x08002664   0x00000090   Code   RO           38    i.change_color      main.o
    0x080026f4   0x00000016   Code   RO           39    i.delayms           main.o
    0x0800270a   0x00000002   PAD
    0x0800270c   0x00001948   Code   RO           40    i.main              main.o
    0x08004054   0x00000010   Code   RO           43    i.wr_reg            main.o
    0x08004064   0x00000062   Code   RO         2963    x$fpl$d2f           fz_ws.l(d2f.o)
    0x080040c6   0x00000002   PAD
    0x080040c8   0x00000150   Code   RO         2965    x$fpl$dadd          fz_ws.l(daddsub_clz.o)
    0x08004218   0x00000018   Code   RO         3007    x$fpl$dcmpinf       fz_ws.l(dcmpi.o)
    0x08004230   0x0000002e   Code   RO         2972    x$fpl$dflt          fz_ws.l(dflt_clz.o)
    0x0800425e   0x00000002   PAD
    0x08004260   0x00000078   Code   RO         2977    x$fpl$dleqf         fz_ws.l(dleqf.o)
    0x080042d8   0x00000154   Code   RO         2979    x$fpl$dmul          fz_ws.l(dmul.o)
    0x0800442c   0x0000009c   Code   RO         3009    x$fpl$dnaninf       fz_ws.l(dnaninf.o)
    0x080044c8   0x0000000c   Code   RO         3011    x$fpl$dretinf       fz_ws.l(dretinf.o)
    0x080044d4   0x0000006c   Code   RO         2981    x$fpl$drleqf        fz_ws.l(drleqf.o)
    0x08004540   0x000001d4   Code   RO         2967    x$fpl$dsub          fz_ws.l(daddsub_clz.o)
    0x08004714   0x00000184   Code   RO         2984    x$fpl$fdiv          fz_ws.l(fdiv.o)
    0x08004898   0x0000003e   Code   RO         2987    x$fpl$ffixu         fz_ws.l(ffixu.o)
    0x080048d6   0x00000002   PAD
    0x080048d8   0x00000026   Code   RO         2991    x$fpl$ffltu         fz_ws.l(fflt_clz.o)
    0x080048fe   0x00000002   PAD
    0x08004900   0x00000102   Code   RO         2997    x$fpl$fmul          fz_ws.l(fmul.o)
    0x08004a02   0x0000008c   Code   RO         3013    x$fpl$fnaninf       fz_ws.l(fnaninf.o)
    0x08004a8e   0x0000000a   Code   RO         3015    x$fpl$fretinf       fz_ws.l(fretinf.o)
    0x08004a98   0x00000000   Code   RO         3017    x$fpl$usenofp       fz_ws.l(usenofp.o)
    0x08004a98   0x0000bce8   Data   RO           45    .constdata          main.o
    0x08010780   0x00000012   Data   RO         1124    .constdata          stm32f1xx_hal_rcc.o
    0x08010792   0x00000010   Data   RO         2888    .constdata          system_stm32f1xx.o
    0x080107a2   0x00000011   Data   RO         2948    .constdata          c_w.l(__printf_flags_wp.o)
    0x080107b3   0x00000001   PAD
    0x080107b4   0x00000020   Data   RO         3171    Region$$Table       anon$$obj.o


    Execution Region RW_IRAM1 (Base: 0x20000000, Size: 0x000007d0, Max: 0x00010000, ABSOLUTE)

    Base Addr    Size         Type   Attr      Idx    E Section Name        Object

    0x20000000   0x00000050   Data   RW           46    .data               main.o
    0x20000050   0x00000008   Data   RW          358    .data               fsmc.o
    0x20000058   0x0000000c   Data   RW          961    .data               stm32f1xx_hal.o
    0x20000064   0x00000004   Data   RW         2890    .data               system_stm32f1xx.o
    0x20000068   0x0000002c   Zero   RW           44    .bss                main.o
    0x20000094   0x00000048   Zero   RW          357    .bss                fsmc.o
    0x200000dc   0x00000090   Zero   RW          406    .bss                tim.o
    0x2000016c   0x00000060   Zero   RW         3046    .bss                c_w.l(libspace.o)
    0x200001cc   0x00000004   PAD
    0x200001d0   0x00000200   Zero   RW            2    HEAP                startup_stm32f103xe.o
    0x200003d0   0x00000400   Zero   RW            1    STACK               startup_stm32f103xe.o


==============================================================================

Image component sizes


      Code (inc. data)   RO Data    RW Data    ZI Data      Debug   Object Name

       272         36          0          8         72       2079   fsmc.o
       232         18          0          0          0       1023   gpio.o
      9120        786      48360         80         44     511406   main.o
        64         26        304          0       1536        792   startup_stm32f103xe.o
       164         28          0         12          0       6337   stm32f1xx_hal.o
       198         14          0          0          0      28731   stm32f1xx_hal_cortex.o
       554         48          0          0          0       3992   stm32f1xx_hal_gpio.o
        72          8          0          0          0        838   stm32f1xx_hal_msp.o
      1176         60         18          0          0       3886   stm32f1xx_hal_rcc.o
       100          0          0          0          0       1144   stm32f1xx_hal_sram.o
      2092        108          0          0          0      17580   stm32f1xx_hal_tim.o
       212         20          0          0          0       3093   stm32f1xx_hal_tim_ex.o
        64          6          0          0          0       5808   stm32f1xx_it.o
       224         14          0          0          0       3723   stm32f1xx_ll_fsmc.o
         2          0         16          4          0       1059   system_stm32f1xx.o
       456         34          0          0        144       2905   tim.o

    ----------------------------------------------------------------------
     15018       1206      48730        104       1796     594396   Object Totals
         0          0         32          0          0          0   (incl. Generated)
        16          0          0          0          0          0   (incl. Padding)

    ----------------------------------------------------------------------

      Code (inc. data)   RO Data    RW Data    ZI Data      Debug   Library Member Name

         8          0          0          0          0         68   __main.o
       312          4         17          0          0         92   __printf_flags_wp.o
        14          0          0          0          0         68   __printf_wp.o
         0          0          0          0          0          0   __rtentry.o
        12          0          0          0          0          0   __rtentry2.o
         6          0          0          0          0          0   __rtentry4.o
        52          8          0          0          0          0   __scatter.o
        26          0          0          0          0          0   __scatter_copy.o
        28          0          0          0          0          0   __scatter_zi.o
        48          6          0          0          0         96   _printf_char_common.o
         6          0          0          0          0          0   _printf_d.o
       120         16          0          0          0         92   _printf_dec.o
       178          0          0          0          0         88   _printf_intcommon.o
        78          0          0          0          0        108   _printf_pad.o
         0          0          0          0          0          0   _printf_percent.o
         4          0          0          0          0          0   _printf_percent_end.o
        10          0          0          0          0         68   _sputc.o
        12          0          0          0          0         72   exit.o
         6          0          0          0          0        152   heapauxi.o
         0          0          0          0          0          0   indicate_semi.o
         2          0          0          0          0          0   libinit.o
         2          0          0          0          0          0   libinit2.o
         2          0          0          0          0          0   libshutdown.o
         2          0          0          0          0          0   libshutdown2.o
         8          4          0          0         96         68   libspace.o
        40          6          0          0          0         84   noretval__2sprintf.o
        78          0          0          0          0         80   rt_memclr_w.o
         2          0          0          0          0          0   rtexit.o
        10          0          0          0          0          0   rtexit2.o
        12          4          0          0          0         68   sys_exit.o
        74          0          0          0          0         80   sys_stackheap_outer.o
         2          0          0          0          0         68   use_no_semi.o
        98          4          0          0          0         92   d2f.o
       804         16          0          0          0        272   daddsub_clz.o
        24          0          0          0          0         68   dcmpi.o
        46          0          0          0          0         68   dflt_clz.o
       120          4          0          0          0         92   dleqf.o
       340         12          0          0          0        104   dmul.o
       156          4          0          0          0         92   dnaninf.o
        12          0          0          0          0         68   dretinf.o
       108          0          0          0          0         80   drleqf.o
       388         76          0          0          0         96   fdiv.o
        62          4          0          0          0         84   ffixu.o
        38          0          0          0          0         68   fflt_clz.o
       258          4          0          0          0         84   fmul.o
       140          4          0          0          0         84   fnaninf.o
        10          0          0          0          0         68   fretinf.o
         0          0          0          0          0          0   usenofp.o

    ----------------------------------------------------------------------
      3774        176         18          0        100       2772   Library Totals
        16          0          1          0          4          0   (incl. Padding)

    ----------------------------------------------------------------------

      Code (inc. data)   RO Data    RW Data    ZI Data      Debug   Library Name

      1154         48         17          0         96       1352   c_w.l
      2604        128          0          0          0       1420   fz_ws.l

    ----------------------------------------------------------------------
      3774        176         18          0        100       2772   Library Totals

    ----------------------------------------------------------------------

==============================================================================


      Code (inc. data)   RO Data    RW Data    ZI Data      Debug   

     18792       1382      48748        104       1896     590872   Grand Totals
     18792       1382      48748        104       1896     590872   ELF Image Totals
     18792       1382      48748        104          0          0   ROM Totals

==============================================================================

    Total RO  Size (Code + RO Data)                67540 (  65.96kB)
    Total RW  Size (RW Data + ZI Data)              2000 (   1.95kB)
    Total ROM Size (Code + RO Data + RW Data)      67644 (  66.06kB)

==============================================================================

