../Core/Src/main.c:16:6:UART_Transmit	32	static
../Core/Src/main.c:29:5:main	32	static
../Core/Src/main.c:54:6:vTask1	24	static
../Core/Src/main.c:66:6:vTask2	24	static
../Core/Src/main.c:85:6:SystemClock_Config	88	static
../Core/Src/main.c:131:13:MX_USART2_UART_Init	8	static
../Core/Src/main.c:164:13:MX_GPIO_Init	16	static
../Core/Src/main.c:188:6:StartDefaultTask	16	static
../Core/Src/main.c:207:6:HAL_TIM_PeriodElapsedCallback	16	static
../Core/Src/main.c:224:6:Error_Handler	4	static,ignoring_inline_asm
