###############################################################################
#
# IAR ELF Linker V3.11.1.207 for STM8                     21/Jan/2026  21:05:59
# Copyright 2010-2019 IAR Systems AB.
#
#    Output file  =  C:\Users\Acer\Desktop\STM8\GPIO_READ\Debug\Exe\read.out
#    Map file     =  C:\Users\Acer\Desktop\STM8\GPIO_READ\Debug\List\read.map
#    Command line =  
#        -f C:\Users\Acer\AppData\Local\Temp\EW69D7.tmp
#        (C:\Users\Acer\Desktop\STM8\GPIO_READ\Debug\Obj\main.o
#        C:\Users\Acer\Desktop\STM8\GPIO_READ\Debug\Obj\stm8s_clk.o
#        C:\Users\Acer\Desktop\STM8\GPIO_READ\Debug\Obj\stm8s_gpio.o
#        C:\Users\Acer\Desktop\STM8\GPIO_READ\Debug\Obj\stm8s_it.o --redirect
#        _Printf=_PrintfFullNoMb --redirect _Scanf=_ScanfFullNoMb
#        --no_out_extension -o
#        C:\Users\Acer\Desktop\STM8\GPIO_READ\Debug\Exe\read.out --map
#        C:\Users\Acer\Desktop\STM8\GPIO_READ\Debug\List\read.map --config
#        "C:\Program Files (x86)\IAR Systems\Embedded Workbench
#        8.3\stm8\config\lnkstm8s103f3.icf" --config_def _CSTACK_SIZE=0x100
#        --config_def _HEAP_SIZE=0x100 --entry __iar_program_start --debug_lib)
#
###############################################################################

*******************************************************************************
*** RUNTIME MODEL ATTRIBUTES
***

__SystemLibrary            = DLib
__code_model               = small
__core                     = stm8
__data_model               = medium
__dlib_file_descriptor     = 0
__dlib_full_locale_support = 0
__rt_version               = 4


*******************************************************************************
*** PLACEMENT SUMMARY
***

"A0":  place at start of [0x000000-0x0000ff] { rw section .vregs };
"A1":  place at end of [0x000000-0x0003ff] { block CSTACK };
"A2":  place at start of [0x008000-0x009fff] { block INTVEC };
"P3":  place in [from 0x008000 to 0x009fff] {
          ro section __DLIB_PERTHREAD_init, ro section .far.data_init,
          ro section .far_func.textrw_init, ro section .huge.data_init,
          ro section .huge_func.textrw_init, ro section .iar.init_table,
          ro section .init_array, ro section .near.data_init,
          ro section .near.rodata, ro section .near_func.text,
          ro section .near_func.textrw_init, ro section .tiny.data_init,
          ro section .tiny.rodata_init };
"P4":  place in [from 0x008000 to 0x009fff] {
          ro section .far.rodata, ro section .far_func.text };
"P5":  place in [from 0x008000 to 0x009fff] {
          ro section .huge.rodata, ro section .huge_func.text };
do not initialize {
   rw section .eeprom.noinit, rw section .far.noinit, rw section .huge.noinit,
   rw section .near.noinit, rw section .tiny.noinit, rw section .vregs };

No sections matched the following patterns:

  ro section .far.data_init          in "P3-P5"
  ro section .far.rodata             in "P3-P5"
  ro section .far_func.text          in "P3-P5"
  ro section .far_func.textrw_init   in "P3-P5"
  ro section .huge.data_init         in "P3-P5"
  ro section .huge.rodata            in "P3-P5"
  ro section .huge_func.text         in "P3-P5"
  ro section .huge_func.textrw_init  in "P3-P5"
  ro section .iar.init_table         in "P3-P5"
  ro section .init_array             in "P3-P5"
  ro section .near.data_init         in "P3-P5"
  ro section .near.rodata            in "P3-P5"
  ro section .near_func.textrw_init  in "P3-P5"
  ro section .tiny.data_init         in "P3-P5"
  ro section .tiny.rodata_init       in "P3-P5"
  ro section __DLIB_PERTHREAD_init   in "P3-P5"
  rw section .far.bss                in "P2"
  rw section .far.data               in "P2"
  rw section .far.noinit             in "P2"
  rw section .far_func.textrw        in "P2"
  rw section .huge.bss               in "P2"
  rw section .huge.data              in "P2"
  rw section .huge.noinit            in "P2"
  rw section .huge_func.textrw       in "P2"
  rw section .iar.dynexit            in "P2"
  rw section .near.bss               in "P2"
  rw section .near.data              in "P2"
  rw section .near.noinit            in "P2"
  rw section .near_func.textrw       in "P2"
  rw section .tiny.bss               in "P1"
  rw section .tiny.data              in "P1"
  rw section .tiny.noinit            in "P1"
  rw section .tiny.rodata            in "P1"
  rw section __DLIB_PERTHREAD        in "P2"
  section .eeprom.data               in "P6-P8"
  section .eeprom.noinit             in "P6-P8"
  section .eeprom.rodata             in "P6-P8"


  Section          Kind      Address   Size  Object
  -------          ----      -------   ----  ------
"A0":                                   0xc
  .vregs           uninit   0x000000    0xc  vregs.o [4]
                          - 0x00000c    0xc

"A1":                                 0x100
  CSTACK                    0x000300  0x100  <Block>
    CSTACK         uninit   0x000300  0x100  <Block tail>
                          - 0x000400  0x100

"A2":                                  0x80
  INTVEC                    0x008000   0x80  <Block>
    .intvec        const    0x008000   0x80  interrupt.o [4]
                          - 0x008080   0x80

"P3-P5":                              0x1b0
  .near_func.text  ro code  0x008080   0x8e  stm8s_gpio.o [1]
  .near_func.text  ro code  0x00810e   0x30  main.o [1]
  .near_func.text  ro code  0x00813e   0x30  stm8s_clk.o [1]
  .near_func.text  ro code  0x00816e   0x20  main.o [1]
  .near_func.text  ro code  0x00818e   0x18  vreg_util.o [4]
  .near_func.text  ro code  0x0081a6   0x14  init.o [4]
  .near_func.text  ro code  0x0081ba   0x14  __dbg_xxexit.o [3]
  .near_func.text  ro code  0x0081ce   0x13  cstartup.o [4]
  .near_func.text  ro code  0x0081e1    0xd  stm8s_clk.o [1]
  .near_func.text  ro code  0x0081ee    0xa  main.o [1]
  .near_func.text  ro code  0x0081f8    0x7  stm8s_gpio.o [1]
  .near_func.text  ro code  0x0081ff    0x7  stm8s_gpio.o [1]
  .near_func.text  ro code  0x008206    0x5  cexit.o [4]
  .near_func.text  ro code  0x00820b    0x4  stm8s_gpio.o [1]
  .near_func.text  ro code  0x00820f    0x3  interrupt.o [4]
  .near_func.text  ro code  0x008212    0x3  low_level_init.o [4]
  .near_func.text  ro code  0x008215    0x3  exit.o [4]
  .near_func.text  ro code  0x008218    0x3  unhandled_exception.o [4]
  .near_func.text  ro code  0x00821b    0x1  stm8s_it.o [1]
  .near_func.text  ro code  0x00821c    0x1  stm8s_it.o [1]
  .near_func.text  ro code  0x00821d    0x1  stm8s_it.o [1]
  .near_func.text  ro code  0x00821e    0x1  stm8s_it.o [1]
  .near_func.text  ro code  0x00821f    0x1  stm8s_it.o [1]
  .near_func.text  ro code  0x008220    0x1  stm8s_it.o [1]
  .near_func.text  ro code  0x008221    0x1  stm8s_it.o [1]
  .near_func.text  ro code  0x008222    0x1  stm8s_it.o [1]
  .near_func.text  ro code  0x008223    0x1  stm8s_it.o [1]
  .near_func.text  ro code  0x008224    0x1  stm8s_it.o [1]
  .near_func.text  ro code  0x008225    0x1  stm8s_it.o [1]
  .near_func.text  ro code  0x008226    0x1  stm8s_it.o [1]
  .near_func.text  ro code  0x008227    0x1  stm8s_it.o [1]
  .near_func.text  ro code  0x008228    0x1  stm8s_it.o [1]
  .near_func.text  ro code  0x008229    0x1  stm8s_it.o [1]
  .near_func.text  ro code  0x00822a    0x1  stm8s_it.o [1]
  .near_func.text  ro code  0x00822b    0x1  stm8s_it.o [1]
  .near_func.text  ro code  0x00822c    0x1  stm8s_it.o [1]
  .near_func.text  ro code  0x00822d    0x1  stm8s_it.o [1]
  .near_func.text  ro code  0x00822e    0x1  stm8s_it.o [1]
  .near_func.text  ro code  0x00822f    0x1  __dbg_break.o [3]
                          - 0x008230  0x1b0



*******************************************************************************
*** MODULE SUMMARY
***

    Module                 ro code  ro data  rw data
    ------                 -------  -------  -------
C:\Users\Acer\Desktop\STM8\GPIO_READ\Debug\Obj: [1]
    main.o                      90
    stm8s_clk.o                 61
    stm8s_gpio.o               160
    stm8s_it.o                  20
    ------------------------------------------------
    Total:                     331

command line: [2]
    ------------------------------------------------
    Total:

dbgstm8smd.a: [3]
    __dbg_break.o                1
    __dbg_xxexit.o              20
    ------------------------------------------------
    Total:                      21

dlstm8smn.a: [4]
    cexit.o                      5
    cstartup.o                  19
    exit.o                       3
    init.o                      20
    interrupt.o                  3      128
    low_level_init.o             3
    unhandled_exception.o        3
    vreg_util.o                 24
    vregs.o                                       12
    ------------------------------------------------
    Total:                      80      128       12

    Linker created                               256
----------------------------------------------------
    Grand Total:               432      128      268


*******************************************************************************
*** ENTRY LIST
***

Entry                     Address  Size  Type      Object
-----                     -------  ----  ----      ------
?b0                      0x000000        Data  Gb  vregs.o [4]
?b1                      0x000001        Data  Gb  vregs.o [4]
?b10                     0x00000a        Data  Gb  vregs.o [4]
?b11                     0x00000b        Data  Gb  vregs.o [4]
?b2                      0x000002        Data  Gb  vregs.o [4]
?b3                      0x000003        Data  Gb  vregs.o [4]
?b4                      0x000004        Data  Gb  vregs.o [4]
?b5                      0x000005        Data  Gb  vregs.o [4]
?b6                      0x000006        Data  Gb  vregs.o [4]
?b7                      0x000007        Data  Gb  vregs.o [4]
?b8                      0x000008        Data  Gb  vregs.o [4]
?b9                      0x000009        Data  Gb  vregs.o [4]
?e0                      0x000001        Data  Gb  vregs.o [4]
?e1                      0x000005        Data  Gb  vregs.o [4]
?e2                      0x000009        Data  Gb  vregs.o [4]
?l0                      0x000000        Data  Gb  vregs.o [4]
?l1                      0x000004        Data  Gb  vregs.o [4]
?l2                      0x000008        Data  Gb  vregs.o [4]
?push_w4                 0x00818e        Code  Gb  vreg_util.o [4]
?w0                      0x000000        Data  Gb  vregs.o [4]
?w1                      0x000002        Data  Gb  vregs.o [4]
?w2                      0x000004        Data  Gb  vregs.o [4]
?w3                      0x000006        Data  Gb  vregs.o [4]
?w4                      0x000008        Data  Gb  vregs.o [4]
?w5                      0x00000a        Data  Gb  vregs.o [4]
ADC1_IRQHandler          0x00822c   0x1  Code  Gb  stm8s_it.o [1]
AWU_IRQHandler           0x00821d   0x1  Code  Gb  stm8s_it.o [1]
CLK_HSECmd               0x0081e1   0xd  Code  Gb  stm8s_clk.o [1]
CLK_IRQHandler           0x00821e   0x1  Code  Gb  stm8s_it.o [1]
CLK_SYSCLKConfig         0x00813e  0x30  Code  Gb  stm8s_clk.o [1]
CSTACK$$Base             0x000300         --   Gb  - Linker created -
CSTACK$$Limit            0x000400         --   Gb  - Linker created -
EEPROM_EEC_IRQHandler    0x00822e   0x1  Code  Gb  stm8s_it.o [1]
EXTI_PORTA_IRQHandler    0x00821f   0x1  Code  Gb  stm8s_it.o [1]
EXTI_PORTB_IRQHandler    0x008220   0x1  Code  Gb  stm8s_it.o [1]
EXTI_PORTC_IRQHandler    0x008221   0x1  Code  Gb  stm8s_it.o [1]
EXTI_PORTD_IRQHandler    0x008222   0x1  Code  Gb  stm8s_it.o [1]
EXTI_PORTE_IRQHandler    0x008223   0x1  Code  Gb  stm8s_it.o [1]
GPIO_Init                0x008080  0x8e  Code  Gb  stm8s_gpio.o [1]
GPIO_ReadInputPin        0x0081ff   0x7  Code  Gb  stm8s_gpio.o [1]
GPIO_WriteHigh           0x0081f8   0x7  Code  Gb  stm8s_gpio.o [1]
GPIO_WriteLow            0x00820b   0x4  Code  Gb  stm8s_gpio.o [1]
I2C_IRQHandler           0x00822b   0x1  Code  Gb  stm8s_it.o [1]
INTVEC$$Base             0x008000         --   Gb  - Linker created -
INTVEC$$Limit            0x008080         --   Gb  - Linker created -
Region$$Table$$Base    0x00000000         --   Gb  - Linker created -
Region$$Table$$Limit   0x00000000         --   Gb  - Linker created -
SPI_IRQHandler           0x008224   0x1  Code  Gb  stm8s_it.o [1]
TIM1_CAP_COM_IRQHandler
                         0x008226   0x1  Code  Gb  stm8s_it.o [1]
TIM1_UPD_OVF_TRG_BRK_IRQHandler
                         0x008225   0x1  Code  Gb  stm8s_it.o [1]
TIM2_CAP_COM_IRQHandler
                         0x008228   0x1  Code  Gb  stm8s_it.o [1]
TIM2_UPD_OVF_BRK_IRQHandler
                         0x008227   0x1  Code  Gb  stm8s_it.o [1]
TIM4_UPD_OVF_IRQHandler
                         0x00822d   0x1  Code  Gb  stm8s_it.o [1]
TLI_IRQHandler           0x00821c   0x1  Code  Gb  stm8s_it.o [1]
TRAP_IRQHandler          0x00821b   0x1  Code  Gb  stm8s_it.o [1]
UART1_RX_IRQHandler      0x00822a   0x1  Code  Gb  stm8s_it.o [1]
UART1_TX_IRQHandler      0x008229   0x1  Code  Gb  stm8s_it.o [1]
__DebugBreak             0x00822f   0x1  Code  Gb  __dbg_break.o [3]
__exit                   0x0081ba  0x14  Code  Gb  __dbg_xxexit.o [3]
__iar_data_init2         0x0081a6  0x14  Code  Gb  init.o [4]
__iar_program_start      0x0081ce        Code  Gb  cstartup.o [4]
__iar_unhandled_exception
                         0x008218        Code  Gb  unhandled_exception.o [4]
__intvec                 0x008000        Data  Gb  interrupt.o [4]
__low_level_init         0x008212   0x3  Code  Gb  low_level_init.o [4]
_exit                    0x008206        Code  Gb  cexit.o [4]
_interrupt_1             0x00821b        Code  Gb  stm8s_it.o [1]
_interrupt_12            0x008224        Code  Gb  stm8s_it.o [1]
_interrupt_13            0x008225        Code  Gb  stm8s_it.o [1]
_interrupt_14            0x008226        Code  Gb  stm8s_it.o [1]
_interrupt_15            0x008227        Code  Gb  stm8s_it.o [1]
_interrupt_16            0x008228        Code  Gb  stm8s_it.o [1]
_interrupt_19            0x008229        Code  Gb  stm8s_it.o [1]
_interrupt_2             0x00821c        Code  Gb  stm8s_it.o [1]
_interrupt_20            0x00822a        Code  Gb  stm8s_it.o [1]
_interrupt_21            0x00822b        Code  Gb  stm8s_it.o [1]
_interrupt_24            0x00822c        Code  Gb  stm8s_it.o [1]
_interrupt_25            0x00822d        Code  Gb  stm8s_it.o [1]
_interrupt_26            0x00822e        Code  Gb  stm8s_it.o [1]
_interrupt_3             0x00821d        Code  Gb  stm8s_it.o [1]
_interrupt_4             0x00821e        Code  Gb  stm8s_it.o [1]
_interrupt_5             0x00821f        Code  Gb  stm8s_it.o [1]
_interrupt_6             0x008220        Code  Gb  stm8s_it.o [1]
_interrupt_7             0x008221        Code  Gb  stm8s_it.o [1]
_interrupt_8             0x008222        Code  Gb  stm8s_it.o [1]
_interrupt_9             0x008223        Code  Gb  stm8s_it.o [1]
clk_HSE                  0x0081ee   0xa  Code  Gb  main.o [1]
exit                     0x008215   0x3  Code  Gb  exit.o [4]
key_led                  0x00816e  0x20  Code  Gb  main.o [1]
main                     0x00810e  0x30  Code  Gb  main.o [1]


[1] = C:\Users\Acer\Desktop\STM8\GPIO_READ\Debug\Obj
[2] = command line
[3] = dbgstm8smd.a
[4] = dlstm8smn.a

  432 bytes of readonly  code memory
  128 bytes of readonly  data memory
  268 bytes of readwrite data memory

Errors: none
Warnings: none
